Archive member included to satisfy reference by file (symbol)

/usr/local/Cellar/arm-none-eabi-gcc/10.3-2021.07/gcc/bin/../lib/gcc/arm-none-eabi/10.3.1/thumb/v6-m/nofp/libgcc.a(_dvmd_tls.o)
                              CMakeFiles/TCP_Client.dir/Users/amrit/Desktop/PICO_REPOS/pico-sdk/src/rp2_common/pico_divider/divider.S.obj (__aeabi_idiv0)
/usr/local/Cellar/arm-none-eabi-gcc/10.3-2021.07/gcc/bin/../lib/gcc/arm-none-eabi/10.3.1/../../../../arm-none-eabi/lib/thumb/v6-m/nofp/libg.a(lib_a-calloc.o)
                              CMakeFiles/TCP_Client.dir/Users/amrit/Desktop/PICO_REPOS/pico-sdk/src/rp2_common/pico_malloc/pico_malloc.c.obj (calloc)
/usr/local/Cellar/arm-none-eabi-gcc/10.3-2021.07/gcc/bin/../lib/gcc/arm-none-eabi/10.3.1/../../../../arm-none-eabi/lib/thumb/v6-m/nofp/libg.a(lib_a-callocr.o)
                              /usr/local/Cellar/arm-none-eabi-gcc/10.3-2021.07/gcc/bin/../lib/gcc/arm-none-eabi/10.3.1/../../../../arm-none-eabi/lib/thumb/v6-m/nofp/libg.a(lib_a-calloc.o) (_calloc_r)
/usr/local/Cellar/arm-none-eabi-gcc/10.3-2021.07/gcc/bin/../lib/gcc/arm-none-eabi/10.3.1/../../../../arm-none-eabi/lib/thumb/v6-m/nofp/libg.a(lib_a-ctype_.o)
                              CMakeFiles/TCP_Client.dir/Users/amrit/Desktop/PICO_REPOS/pico-sdk/lib/tinyusb/src/tusb.c.obj (_ctype_)
/usr/local/Cellar/arm-none-eabi-gcc/10.3-2021.07/gcc/bin/../lib/gcc/arm-none-eabi/10.3.1/../../../../arm-none-eabi/lib/thumb/v6-m/nofp/libg.a(lib_a-errno.o)
                              /usr/local/Cellar/arm-none-eabi-gcc/10.3-2021.07/gcc/bin/../lib/gcc/arm-none-eabi/10.3.1/../../../../arm-none-eabi/lib/thumb/v6-m/nofp/libg.a(lib_a-callocr.o) (__errno)
/usr/local/Cellar/arm-none-eabi-gcc/10.3-2021.07/gcc/bin/../lib/gcc/arm-none-eabi/10.3.1/../../../../arm-none-eabi/lib/thumb/v6-m/nofp/libg.a(lib_a-impure.o)
                              /usr/local/Cellar/arm-none-eabi-gcc/10.3-2021.07/gcc/bin/../lib/gcc/arm-none-eabi/10.3.1/../../../../arm-none-eabi/lib/thumb/v6-m/nofp/libg.a(lib_a-calloc.o) (_impure_ptr)
/usr/local/Cellar/arm-none-eabi-gcc/10.3-2021.07/gcc/bin/../lib/gcc/arm-none-eabi/10.3.1/../../../../arm-none-eabi/lib/thumb/v6-m/nofp/libg.a(lib_a-init.o)
                              /usr/local/Cellar/arm-none-eabi-gcc/10.3-2021.07/gcc/bin/../lib/gcc/arm-none-eabi/10.3.1/../../../../arm-none-eabi/lib/thumb/v6-m/nofp/crt0.o (__libc_init_array)
/usr/local/Cellar/arm-none-eabi-gcc/10.3-2021.07/gcc/bin/../lib/gcc/arm-none-eabi/10.3.1/../../../../arm-none-eabi/lib/thumb/v6-m/nofp/libg.a(lib_a-malloc.o)
                              CMakeFiles/TCP_Client.dir/Users/amrit/Desktop/PICO_REPOS/pico-sdk/src/rp2_common/pico_malloc/pico_malloc.c.obj (malloc)
/usr/local/Cellar/arm-none-eabi-gcc/10.3-2021.07/gcc/bin/../lib/gcc/arm-none-eabi/10.3.1/../../../../arm-none-eabi/lib/thumb/v6-m/nofp/libg.a(lib_a-mallocr.o)
                              /usr/local/Cellar/arm-none-eabi-gcc/10.3-2021.07/gcc/bin/../lib/gcc/arm-none-eabi/10.3.1/../../../../arm-none-eabi/lib/thumb/v6-m/nofp/libg.a(lib_a-callocr.o) (_malloc_r)
/usr/local/Cellar/arm-none-eabi-gcc/10.3-2021.07/gcc/bin/../lib/gcc/arm-none-eabi/10.3.1/../../../../arm-none-eabi/lib/thumb/v6-m/nofp/libg.a(lib_a-mlock.o)
                              /usr/local/Cellar/arm-none-eabi-gcc/10.3-2021.07/gcc/bin/../lib/gcc/arm-none-eabi/10.3.1/../../../../arm-none-eabi/lib/thumb/v6-m/nofp/libg.a(lib_a-mallocr.o) (__malloc_lock)
/usr/local/Cellar/arm-none-eabi-gcc/10.3-2021.07/gcc/bin/../lib/gcc/arm-none-eabi/10.3.1/../../../../arm-none-eabi/lib/thumb/v6-m/nofp/libg.a(lib_a-realloc.o)
                              CMakeFiles/TCP_Client.dir/Users/amrit/Desktop/PICO_REPOS/pico-sdk/src/rp2_common/pico_malloc/pico_malloc.c.obj (realloc)
/usr/local/Cellar/arm-none-eabi-gcc/10.3-2021.07/gcc/bin/../lib/gcc/arm-none-eabi/10.3.1/../../../../arm-none-eabi/lib/thumb/v6-m/nofp/libg.a(lib_a-reallocr.o)
                              /usr/local/Cellar/arm-none-eabi-gcc/10.3-2021.07/gcc/bin/../lib/gcc/arm-none-eabi/10.3.1/../../../../arm-none-eabi/lib/thumb/v6-m/nofp/libg.a(lib_a-realloc.o) (_realloc_r)
/usr/local/Cellar/arm-none-eabi-gcc/10.3-2021.07/gcc/bin/../lib/gcc/arm-none-eabi/10.3.1/../../../../arm-none-eabi/lib/thumb/v6-m/nofp/libg.a(lib_a-sbrkr.o)
                              /usr/local/Cellar/arm-none-eabi-gcc/10.3-2021.07/gcc/bin/../lib/gcc/arm-none-eabi/10.3.1/../../../../arm-none-eabi/lib/thumb/v6-m/nofp/libg.a(lib_a-mallocr.o) (_sbrk_r)
/usr/local/Cellar/arm-none-eabi-gcc/10.3-2021.07/gcc/bin/../lib/gcc/arm-none-eabi/10.3.1/../../../../arm-none-eabi/lib/thumb/v6-m/nofp/libg.a(lib_a-strlen-stub.o)
                              CMakeFiles/TCP_Client.dir/Users/amrit/Desktop/PICO_REPOS/pico-sdk/src/rp2_common/pico_stdio/stdio.c.obj (strlen)
/usr/local/Cellar/arm-none-eabi-gcc/10.3-2021.07/gcc/bin/../lib/gcc/arm-none-eabi/10.3.1/../../../../arm-none-eabi/lib/thumb/v6-m/nofp/libg.a(lib_a-freer.o)
[...]
Memory Configuration

Name             Origin             Length             Attributes
FLASH            0x0000000010000000 0x0000000000200000 xr
RAM              0x0000000020000000 0x0000000000040000 xrw
SCRATCH_X        0x0000000020040000 0x0000000000001000 xrw
SCRATCH_Y        0x0000000020041000 0x0000000000001000 xrw
*default*        0x0000000000000000 0xffffffffffffffff

Linker script and memory map

LOAD /usr/local/Cellar/arm-none-eabi-gcc/10.3-2021.07/gcc/bin/../lib/gcc/arm-none-eabi/10.3.1/thumb/v6-m/nofp/crti.o
LOAD /usr/local/Cellar/arm-none-eabi-gcc/10.3-2021.07/gcc/bin/../lib/gcc/arm-none-eabi/10.3.1/thumb/v6-m/nofp/crtbegin.o
LOAD /usr/local/Cellar/arm-none-eabi-gcc/10.3-2021.07/gcc/bin/../lib/gcc/arm-none-eabi/10.3.1/../../../../arm-none-eabi/lib/thumb/v6-m/nofp/crt0.o

.flash_begin    0x0000000010000000        0x0
                0x0000000010000000                __flash_binary_start = .

.boot2          0x0000000010000000      0x100
                0x0000000010000000                __boot2_start__ = .
 *(.boot2)
 .boot2         0x0000000010000000      0x100 /var/folders/xd/1bjs_5vd4_j3rps6xmtdbg7h0000gn/T//cc3uLU1i.o
                0x0000000010000100                __boot2_end__ = .
                0x0000000000000001                ASSERT (((__boot2_end__ - __boot2_start__) == 0x100), ERROR: Pico second stage bootloader must be 256 bytes in size)

.text           0x0000000010000100     0x6ba8
                0x0000000010000100                __logical_binary_start = .
 *(.vectors)
 .vectors       0x0000000010000100       0xd4 CMakeFiles/TCP_Client.dir/Users/amrit/Desktop/PICO_REPOS/pico-sdk/src/rp2_common/pico_standard_link/crt0.S.obj
                0x0000000010000100                __VECTOR_TABLE
                0x0000000010000100                __vectors
                0x00000000100001c0                __default_isrs_start
                0x00000000100001c0                isr_invalid
                0x00000000100001c2                isr_nmi
                0x00000000100001c4                isr_hardfault
                0x00000000100001c6                isr_svcall
                0x00000000100001c8                isr_pendsv
                0x00000000100001ca                isr_systick
                0x00000000100001cc                isr_irq28
                0x00000000100001cc                isr_irq19
                0x00000000100001cc                isr_irq0
                0x00000000100001cc                isr_irq6
                0x00000000100001cc                isr_irq22
                0x00000000100001cc                isr_irq17
                0x00000000100001cc                isr_irq14
                0x00000000100001cc                isr_irq2
                0x00000000100001cc                isr_irq10
                0x00000000100001cc                isr_irq8
                0x00000000100001cc                isr_irq24
                0x00000000100001cc                isr_irq1
                0x00000000100001cc                isr_irq7
                0x00000000100001cc                isr_irq21
                0x00000000100001cc                isr_irq20
                0x00000000100001cc                isr_irq15
                0x00000000100001cc                isr_irq25
                0x00000000100001cc                isr_irq4
                0x00000000100001cc                isr_irq16
                0x00000000100001cc                isr_irq29
                0x00000000100001cc                isr_irq26
                0x00000000100001cc                __default_isrs_end
                0x00000000100001cc                isr_irq3
                0x00000000100001cc                isr_irq9
                0x00000000100001cc                __unhandled_user_irq
                0x00000000100001cc                isr_irq13
                0x00000000100001cc                isr_irq27
                0x00000000100001cc                isr_irq31
                0x00000000100001cc                isr_irq5
                0x00000000100001cc                isr_irq11
                0x00000000100001cc                isr_irq23
                0x00000000100001cc                isr_irq18
                0x00000000100001cc                isr_irq30
                0x00000000100001cc                isr_irq12
                0x00000000100001d2                unhandled_user_irq_num_in_r0
 *(.binary_info_header)
 .binary_info_header
                0x00000000100001d4       0x14 CMakeFiles/TCP_Client.dir/Users/amrit/Desktop/PICO_REPOS/pico-sdk/src/rp2_common/pico_standard_link/crt0.S.obj
                0x00000000100001e8                __binary_info_header_end = .
 *(.reset)
 .reset         0x00000000100001e8       0xa8 CMakeFiles/TCP_Client.dir/Users/amrit/Desktop/PICO_REPOS/pico-sdk/src/rp2_common/pico_standard_link/crt0.S.obj
                0x00000000100001e8                _entry_point
                0x0000000010000266                __get_current_exception
 .reset         0x0000000010000290       0x30 CMakeFiles/TCP_Client.dir/Users/amrit/Desktop/PICO_REPOS/pico-sdk/src/rp2_common/pico_standard_link/binary_info.c.obj
 *(.init)
 .init          0x00000000100002c0        0x4 /usr/local/Cellar/arm-none-eabi-gcc/10.3-2021.07/gcc/bin/../lib/gcc/arm-none-eabi/10.3.1/thumb/v6-m/nofp/crti.o
                0x00000000100002c0                _init
 *(EXCLUDE_FILE(*libm.a: *libc.a:*lib_a-mem*.o *libgcc.a:) .text*)
 .text          0x00000000100002c4       0x48 /usr/local/Cellar/arm-none-eabi-gcc/10.3-2021.07/gcc/bin/../lib/gcc/arm-none-eabi/10.3.1/thumb/v6-m/nofp/crtbegin.o
 .text.main     0x000000001000030c       0x1c CMakeFiles/TCP_Client.dir/TCP_Client.c.obj
                0x000000001000030c                main
 .text.hw_claim_lock
                0x0000000010000328       0x18 CMakeFiles/TCP_Client.dir/Users/amrit/Desktop/PICO_REPOS/pico-sdk/src/rp2_common/hardware_claim/claim.c.obj
                0x0000000010000328                hw_claim_lock
 .text.hw_claim_unlock
                0x0000000010000340       0x14 CMakeFiles/TCP_Client.dir/Users/amrit/Desktop/PICO_REPOS/pico-sdk/src/rp2_common/hardware_claim/claim.c.obj
                0x0000000010000340                hw_claim_unlock
 .text.hw_claim_or_assert
                0x0000000010000354       0x32 CMakeFiles/TCP_Client.dir/Users/amrit/Desktop/PICO_REPOS/pico-sdk/src/rp2_common/hardware_claim/claim.c.obj
                0x0000000010000354                hw_claim_or_assert
 .text.hw_claim_unused_from_range
                0x0000000010000386       0x50 CMakeFiles/TCP_Client.dir/Users/amrit/Desktop/PICO_REPOS/pico-sdk/src/rp2_common/hardware_claim/claim.c.obj
                0x0000000010000386                hw_claim_unused_from_range
 *fill*         0x00000000100003d6        0x2 
 .text.running_on_fpga
                0x00000000100003d8       0x14 CMakeFiles/TCP_Client.dir/Users/amrit/Desktop/PICO_REPOS/pico-sdk/src/rp2_common/pico_platform/platform.c.obj
                0x00000000100003d8                running_on_fpga
 .text.spin_locks_reset
                0x00000000100003ec       0x20 CMakeFiles/TCP_Client.dir/Users/amrit/Desktop/PICO_REPOS/pico-sdk/src/rp2_common/hardware_sync/sync.c.obj
                0x00000000100003ec                spin_locks_reset
 .text.next_striped_spin_lock_num
                0x000000001000040c       0x1c CMakeFiles/TCP_Client.dir/Users/amrit/Desktop/PICO_REPOS/pico-sdk/src/rp2_common/hardware_sync/sync.c.obj
                0x000000001000040c                next_striped_spin_lock_num
 .text.spin_lock_claim_unused
                0x0000000010000428       0x20 CMakeFiles/TCP_Client.dir/Users/amrit/Desktop/PICO_REPOS/pico-sdk/src/rp2_common/hardware_sync/sync.c.obj
                0x0000000010000428                spin_lock_claim_unused
 .text.set_raw_irq_handler_and_unlock
                0x0000000010000448       0x28 CMakeFiles/TCP_Client.dir/Users/amrit/Desktop/PICO_REPOS/pico-sdk/src/rp2_common/hardware_irq/irq.c.obj
 .text.make_branch
                0x0000000010000470       0x48 CMakeFiles/TCP_Client.dir/Users/amrit/Desktop/PICO_REPOS/pico-sdk/src/rp2_common/hardware_irq/irq.c.obj
 .text.insert_branch_and_link
                0x00000000100004b8       0x40 CMakeFiles/TCP_Client.dir/Users/amrit/Desktop/PICO_REPOS/pico-sdk/src/rp2_common/hardware_irq/irq.c.obj
 .text.irq_is_enabled
                0x00000000100004f8       0x18 CMakeFiles/TCP_Client.dir/Users/amrit/Desktop/PICO_REPOS/pico-sdk/src/rp2_common/hardware_irq/irq.c.obj
                0x00000000100004f8                irq_is_enabled
 .text.irq_set_mask_enabled
                0x0000000010000510       0x20 CMakeFiles/TCP_Client.dir/Users/amrit/Desktop/PICO_REPOS/pico-sdk/src/rp2_common/hardware_irq/irq.c.obj
                0x0000000010000510                irq_set_mask_enabled
 .text.irq_set_enabled
                0x0000000010000530        0xe CMakeFiles/TCP_Client.dir/Users/amrit/Desktop/PICO_REPOS/pico-sdk/src/rp2_common/hardware_irq/irq.c.obj
                0x0000000010000530                irq_set_enabled
 *fill*         0x000000001000053e        0x2 
 .text.irq_set_pending
                0x0000000010000540       0x10 CMakeFiles/TCP_Client.dir/Users/amrit/Desktop/PICO_REPOS/pico-sdk/src/rp2_common/hardware_irq/irq.c.obj
                0x0000000010000540                irq_set_pending
 .text.irq_get_vtable_handler
                0x0000000010000550       0x10 CMakeFiles/TCP_Client.dir/Users/amrit/Desktop/PICO_REPOS/pico-sdk/src/rp2_common/hardware_irq/irq.c.obj
                0x0000000010000550                irq_get_vtable_handler
 .text.irq_has_shared_handler
                0x0000000010000560       0x24 CMakeFiles/TCP_Client.dir/Users/amrit/Desktop/PICO_REPOS/pico-sdk/src/rp2_common/hardware_irq/irq.c.obj
                0x0000000010000560                irq_has_shared_handler
 .text.irq_set_exclusive_handler
                0x0000000010000584       0x54 CMakeFiles/TCP_Client.dir/Users/amrit/Desktop/PICO_REPOS/pico-sdk/src/rp2_common/hardware_irq/irq.c.obj
                0x0000000010000584                irq_set_exclusive_handler
 .text.irq_add_shared_handler
                0x00000000100005d8      0x230 CMakeFiles/TCP_Client.dir/Users/amrit/Desktop/PICO_REPOS/pico-sdk/src/rp2_common/hardware_irq/irq.c.obj
                0x00000000100005d8                irq_add_shared_handler
 .text.irq_remove_handler
                0x0000000010000808      0x1a8 CMakeFiles/TCP_Client.dir/Users/amrit/Desktop/PICO_REPOS/pico-sdk/src/rp2_common/hardware_irq/irq.c.obj
                0x0000000010000808                irq_remove_handler
 .text.irq_add_tail_to_free_list
                0x00000000100009b0       0xf0 CMakeFiles/TCP_Client.dir/Users/amrit/Desktop/PICO_REPOS/pico-sdk/src/rp2_common/hardware_irq/irq.c.obj
                0x00000000100009b0                irq_add_tail_to_free_list
 .text.irq_init_priorities
                0x0000000010000aa0       0x1c CMakeFiles/TCP_Client.dir/Users/amrit/Desktop/PICO_REPOS/pico-sdk/src/rp2_common/hardware_irq/irq.c.obj
                0x0000000010000aa0                irq_init_priorities
 .text.user_irq_claim_unused
                0x0000000010000abc       0x30 CMakeFiles/TCP_Client.dir/Users/amrit/Desktop/PICO_REPOS/pico-sdk/src/rp2_common/hardware_irq/irq.c.obj
                0x0000000010000abc                user_irq_claim_unused
 .text.lock_init
                0x0000000010000aec       0x10 CMakeFiles/TCP_Client.dir/Users/amrit/Desktop/PICO_REPOS/pico-sdk/src/common/pico_sync/lock_core.c.obj
                0x0000000010000aec                lock_init
 .text.alarm_pool_post_alloc_init
                0x0000000010000afc       0x40 CMakeFiles/TCP_Client.dir/Users/amrit/Desktop/PICO_REPOS/pico-sdk/src/common/pico_time/time.c.obj
 .text.sleep_until_callback
                0x0000000010000b3c       0x30 CMakeFiles/TCP_Client.dir/Users/amrit/Desktop/PICO_REPOS/pico-sdk/src/common/pico_time/time.c.obj
 .text.timer_pool_entry_comparator
                0x0000000010000b6c       0x7c CMakeFiles/TCP_Client.dir/Users/amrit/Desktop/PICO_REPOS/pico-sdk/src/common/pico_time/time.c.obj
                0x0000000010000b6c                timer_pool_entry_comparator
 .text.ph_add_child_node
                0x0000000010000be8       0xa4 CMakeFiles/TCP_Client.dir/Users/amrit/Desktop/PICO_REPOS/pico-sdk/src/common/pico_time/time.c.obj
 .text.ph_merge_nodes
                0x0000000010000c8c       0x3e CMakeFiles/TCP_Client.dir/Users/amrit/Desktop/PICO_REPOS/pico-sdk/src/common/pico_time/time.c.obj
 *fill*         0x0000000010000cca        0x2 
 .text.add_alarm_under_lock
                0x0000000010000ccc      0x174 CMakeFiles/TCP_Client.dir/Users/amrit/Desktop/PICO_REPOS/pico-sdk/src/common/pico_time/time.c.obj
 .text.alarm_pool_alarm_callback
                0x0000000010000e40      0x328 CMakeFiles/TCP_Client.dir/Users/amrit/Desktop/PICO_REPOS/pico-sdk/src/common/pico_time/time.c.obj
 .text.alarm_pool_init_default
                0x0000000010001168       0x38 CMakeFiles/TCP_Client.dir/Users/amrit/Desktop/PICO_REPOS/pico-sdk/src/common/pico_time/time.c.obj
                0x0000000010001168                alarm_pool_init_default
 .text.alarm_pool_get_default
                0x00000000100011a0       0x2c CMakeFiles/TCP_Client.dir/Users/amrit/Desktop/PICO_REPOS/pico-sdk/src/common/pico_time/time.c.obj
                0x00000000100011a0                alarm_pool_get_default
 .text.alarm_pool_add_alarm_at
                0x00000000100011cc      0x170 CMakeFiles/TCP_Client.dir/Users/amrit/Desktop/PICO_REPOS/pico-sdk/src/common/pico_time/time.c.obj
                0x00000000100011cc                alarm_pool_add_alarm_at
 .text.alarm_pool_cancel_alarm
                0x000000001000133c       0xf0 CMakeFiles/TCP_Client.dir/Users/amrit/Desktop/PICO_REPOS/pico-sdk/src/common/pico_time/time.c.obj
                0x000000001000133c                alarm_pool_cancel_alarm
 .text.sleep_until
                0x000000001000142c       0xfc CMakeFiles/TCP_Client.dir/Users/amrit/Desktop/PICO_REPOS/pico-sdk/src/common/pico_time/time.c.obj
                0x000000001000142c                sleep_until
 .text.sleep_us
                0x0000000010001528       0x58 CMakeFiles/TCP_Client.dir/Users/amrit/Desktop/PICO_REPOS/pico-sdk/src/common/pico_time/time.c.obj
                0x0000000010001528                sleep_us
 .text.sleep_ms
                0x0000000010001580       0x14 CMakeFiles/TCP_Client.dir/Users/amrit/Desktop/PICO_REPOS/pico-sdk/src/common/pico_time/time.c.obj
                0x0000000010001580                sleep_ms
 .text.best_effort_wfe_or_timeout
                0x0000000010001594       0x80 CMakeFiles/TCP_Client.dir/Users/amrit/Desktop/PICO_REPOS/pico-sdk/src/common/pico_time/time.c.obj
                0x0000000010001594                best_effort_wfe_or_timeout
 .text.hardware_alarm_irq_handler
                0x0000000010001614       0x8c CMakeFiles/TCP_Client.dir/Users/amrit/Desktop/PICO_REPOS/pico-sdk/src/rp2_common/hardware_timer/timer.c.obj
 .text.hardware_alarm_claim
                0x00000000100016a0       0x18 CMakeFiles/TCP_Client.dir/Users/amrit/Desktop/PICO_REPOS/pico-sdk/src/rp2_common/hardware_timer/timer.c.obj
                0x00000000100016a0                hardware_alarm_claim
 .text.time_us_64
                0x00000000100016b8       0x18 CMakeFiles/TCP_Client.dir/Users/amrit/Desktop/PICO_REPOS/pico-sdk/src/rp2_common/hardware_timer/timer.c.obj
                0x00000000100016b8                time_us_64
 .text.busy_wait_until
                0x00000000100016d0       0x28 CMakeFiles/TCP_Client.dir/Users/amrit/Desktop/PICO_REPOS/pico-sdk/src/rp2_common/hardware_timer/timer.c.obj
                0x00000000100016d0                busy_wait_until
 .text.hardware_alarm_set_callback
                0x00000000100016f8       0x90 CMakeFiles/TCP_Client.dir/Users/amrit/Desktop/PICO_REPOS/pico-sdk/src/rp2_common/hardware_timer/timer.c.obj
                0x00000000100016f8                hardware_alarm_set_callback
 .text.hardware_alarm_set_target
                0x0000000010001788       0xe8 CMakeFiles/TCP_Client.dir/Users/amrit/Desktop/PICO_REPOS/pico-sdk/src/rp2_common/hardware_timer/timer.c.obj
                0x0000000010001788                hardware_alarm_set_target
 .text.hardware_alarm_cancel
                0x0000000010001870       0x40 CMakeFiles/TCP_Client.dir/Users/amrit/Desktop/PICO_REPOS/pico-sdk/src/rp2_common/hardware_timer/timer.c.obj
                0x0000000010001870                hardware_alarm_cancel
 .text.ph_add_child_node
                0x00000000100018b0       0xa4 CMakeFiles/TCP_Client.dir/Users/amrit/Desktop/PICO_REPOS/pico-sdk/src/common/pico_util/pheap.c.obj
 .text.ph_merge_nodes
                0x0000000010001954       0x3e CMakeFiles/TCP_Client.dir/Users/amrit/Desktop/PICO_REPOS/pico-sdk/src/common/pico_util/pheap.c.obj
 *fill*         0x0000000010001992        0x2 
 .text.ph_clear
                0x0000000010001994       0x70 CMakeFiles/TCP_Client.dir/Users/amrit/Desktop/PICO_REPOS/pico-sdk/src/common/pico_util/pheap.c.obj
                0x0000000010001994                ph_clear
 .text.ph_post_alloc_init
                0x0000000010001a04        0xe CMakeFiles/TCP_Client.dir/Users/amrit/Desktop/PICO_REPOS/pico-sdk/src/common/pico_util/pheap.c.obj
                0x0000000010001a04                ph_post_alloc_init
 *fill*         0x0000000010001a12        0x2 
 .text.ph_merge_two_pass
                0x0000000010001a14       0xa8 CMakeFiles/TCP_Client.dir/Users/amrit/Desktop/PICO_REPOS/pico-sdk/src/common/pico_util/pheap.c.obj
                0x0000000010001a14                ph_merge_two_pass
 .text.ph_remove_any_head
                0x0000000010001abc      0x108 CMakeFiles/TCP_Client.dir/Users/amrit/Desktop/PICO_REPOS/pico-sdk/src/common/pico_util/pheap.c.obj
 .text.ph_remove_head
                0x0000000010001bc4       0x14 CMakeFiles/TCP_Client.dir/Users/amrit/Desktop/PICO_REPOS/pico-sdk/src/common/pico_util/pheap.c.obj
                0x0000000010001bc4                ph_remove_head
 .text.ph_remove_and_free_node
                0x0000000010001bd8       0xf8 CMakeFiles/TCP_Client.dir/Users/amrit/Desktop/PICO_REPOS/pico-sdk/src/common/pico_util/pheap.c.obj
                0x0000000010001bd8                ph_remove_and_free_node
 .text.mutex_init
                0x0000000010001cd0       0x1a CMakeFiles/TCP_Client.dir/Users/amrit/Desktop/PICO_REPOS/pico-sdk/src/common/pico_sync/mutex.c.obj
                0x0000000010001cd0                mutex_init
 .text.recursive_mutex_init
                0x0000000010001cea       0x1e CMakeFiles/TCP_Client.dir/Users/amrit/Desktop/PICO_REPOS/pico-sdk/src/common/pico_sync/mutex.c.obj
                0x0000000010001cea                recursive_mutex_init
 .text.critical_section_init_with_lock_num
                0x0000000010001d08       0x14 CMakeFiles/TCP_Client.dir/Users/amrit/Desktop/PICO_REPOS/pico-sdk/src/common/pico_sync/critical_section.c.obj
                0x0000000010001d08                critical_section_init_with_lock_num
 .text.critical_section_init
                0x0000000010001d1c       0x14 CMakeFiles/TCP_Client.dir/Users/amrit/Desktop/PICO_REPOS/pico-sdk/src/common/pico_sync/critical_section.c.obj
                0x0000000010001d1c                critical_section_init
 .text._exit    0x0000000010001d30        0x4 CMakeFiles/TCP_Client.dir/Users/amrit/Desktop/PICO_REPOS/pico-sdk/src/rp2_common/pico_runtime/runtime.c.obj
                0x0000000010001d30                _exit
 .text.exit     0x0000000010001d34        0x6 CMakeFiles/TCP_Client.dir/Users/amrit/Desktop/PICO_REPOS/pico-sdk/src/rp2_common/pico_runtime/runtime.c.obj
                0x0000000010001d34                exit
 *fill*         0x0000000010001d3a        0x2 
 .text.__assert_func
                0x0000000010001d3c       0x3c CMakeFiles/TCP_Client.dir/Users/amrit/Desktop/PICO_REPOS/pico-sdk/src/rp2_common/pico_runtime/runtime.c.obj
                0x0000000010001d3c                __assert_func
 .text.runtime_init
                0x0000000010001d78       0xf8 CMakeFiles/TCP_Client.dir/Users/amrit/Desktop/PICO_REPOS/pico-sdk/src/rp2_common/pico_runtime/runtime.c.obj
                0x0000000010001d78                runtime_init
 .text.panic    0x0000000010001e70       0x30 CMakeFiles/TCP_Client.dir/Users/amrit/Desktop/PICO_REPOS/pico-sdk/src/rp2_common/pico_runtime/runtime.c.obj
                0x0000000010001e70                panic
 .text.clock_configure
                0x0000000010001ea0      0x104 CMakeFiles/TCP_Client.dir/Users/amrit/Desktop/PICO_REPOS/pico-sdk/src/rp2_common/hardware_clocks/clocks.c.obj
                0x0000000010001ea0                clock_configure
 .text.clocks_init
                0x0000000010001fa4      0x100 CMakeFiles/TCP_Client.dir/Users/amrit/Desktop/PICO_REPOS/pico-sdk/src/rp2_common/hardware_clocks/clocks.c.obj
                0x0000000010001fa4                clocks_init
 .text.pll_init
                0x00000000100020a4      0x140 CMakeFiles/TCP_Client.dir/Users/amrit/Desktop/PICO_REPOS/pico-sdk/src/rp2_common/hardware_pll/pll.c.obj
                0x00000000100020a4                pll_init
 .text.watchdog_start_tick
                0x00000000100021e4       0x10 CMakeFiles/TCP_Client.dir/Users/amrit/Desktop/PICO_REPOS/pico-sdk/src/rp2_common/hardware_watchdog/watchdog.c.obj
                0x00000000100021e4                watchdog_start_tick
 .text.watchdog_update
                0x00000000100021f4       0x14 CMakeFiles/TCP_Client.dir/Users/amrit/Desktop/PICO_REPOS/pico-sdk/src/rp2_common/hardware_watchdog/watchdog.c.obj
                0x00000000100021f4                watchdog_update
 .text._watchdog_enable
                0x0000000010002208       0x78 CMakeFiles/TCP_Client.dir/Users/amrit/Desktop/PICO_REPOS/pico-sdk/src/rp2_common/hardware_watchdog/watchdog.c.obj
                0x0000000010002208                _watchdog_enable
 .text.watchdog_reboot
                0x0000000010002280       0x48 CMakeFiles/TCP_Client.dir/Users/amrit/Desktop/PICO_REPOS/pico-sdk/src/rp2_common/hardware_watchdog/watchdog.c.obj
                0x0000000010002280                watchdog_reboot
 .text.xosc_init
                0x00000000100022c8       0x28 CMakeFiles/TCP_Client.dir/Users/amrit/Desktop/PICO_REPOS/pico-sdk/src/rp2_common/hardware_xosc/xosc.c.obj
                0x00000000100022c8                xosc_init
 .text._out_null
                0x00000000100022f0        0x2 CMakeFiles/TCP_Client.dir/Users/amrit/Desktop/PICO_REPOS/pico-sdk/src/rp2_common/pico_printf/printf.c.obj
 .text._out_fct
                0x00000000100022f2        0xe CMakeFiles/TCP_Client.dir/Users/amrit/Desktop/PICO_REPOS/pico-sdk/src/rp2_common/pico_printf/printf.c.obj
 .text._atoi    0x0000000010002300       0x24 CMakeFiles/TCP_Client.dir/Users/amrit/Desktop/PICO_REPOS/pico-sdk/src/rp2_common/pico_printf/printf.c.obj
 .text._out_rev
                0x0000000010002324       0xae CMakeFiles/TCP_Client.dir/Users/amrit/Desktop/PICO_REPOS/pico-sdk/src/rp2_common/pico_printf/printf.c.obj
 .text._ntoa_format
                0x00000000100023d2      0x112 CMakeFiles/TCP_Client.dir/Users/amrit/Desktop/PICO_REPOS/pico-sdk/src/rp2_common/pico_printf/printf.c.obj
 .text._ntoa_long
                0x00000000100024e4       0xbc CMakeFiles/TCP_Client.dir/Users/amrit/Desktop/PICO_REPOS/pico-sdk/src/rp2_common/pico_printf/printf.c.obj
 .text._ntoa_long_long
                0x00000000100025a0       0xe2 CMakeFiles/TCP_Client.dir/Users/amrit/Desktop/PICO_REPOS/pico-sdk/src/rp2_common/pico_printf/printf.c.obj
 *fill*         0x0000000010002682        0x2 
 .text._etoa    0x0000000010002684      0x414 CMakeFiles/TCP_Client.dir/Users/amrit/Desktop/PICO_REPOS/pico-sdk/src/rp2_common/pico_printf/printf.c.obj
 .text._ftoa    0x0000000010002a98      0x354 CMakeFiles/TCP_Client.dir/Users/amrit/Desktop/PICO_REPOS/pico-sdk/src/rp2_common/pico_printf/printf.c.obj
 .text._vsnprintf
                0x0000000010002dec      0x624 CMakeFiles/TCP_Client.dir/Users/amrit/Desktop/PICO_REPOS/pico-sdk/src/rp2_common/pico_printf/printf.c.obj
 .text.vfctprintf
                0x0000000010003410       0x20 CMakeFiles/TCP_Client.dir/Users/amrit/Desktop/PICO_REPOS/pico-sdk/src/rp2_common/pico_printf/printf.c.obj
                0x0000000010003410                vfctprintf
 .text          0x0000000010003430       0x10 CMakeFiles/TCP_Client.dir/Users/amrit/Desktop/PICO_REPOS/pico-sdk/src/rp2_common/pico_bit_ops/bit_ops_aeabi.S.obj
 .text.rom_func_lookup
                0x0000000010003440       0x10 CMakeFiles/TCP_Client.dir/Users/amrit/Desktop/PICO_REPOS/pico-sdk/src/rp2_common/pico_bootrom/bootrom.c.obj
                0x0000000010003440                rom_func_lookup
 .text.rom_data_lookup
                0x0000000010003450       0x10 CMakeFiles/TCP_Client.dir/Users/amrit/Desktop/PICO_REPOS/pico-sdk/src/rp2_common/pico_bootrom/bootrom.c.obj
                0x0000000010003450                rom_data_lookup
 .text.rom_funcs_lookup
                0x0000000010003460       0x36 CMakeFiles/TCP_Client.dir/Users/amrit/Desktop/PICO_REPOS/pico-sdk/src/rp2_common/pico_bootrom/bootrom.c.obj
                0x0000000010003460                rom_funcs_lookup
 *fill*         0x0000000010003496        0x2 
 .text.__wrap___aeabi_idiv
                0x0000000010003498       0x50 CMakeFiles/TCP_Client.dir/Users/amrit/Desktop/PICO_REPOS/pico-sdk/src/rp2_common/pico_divider/divider.S.obj
                0x0000000010003498                __wrap___aeabi_idivmod
                0x0000000010003498                divmod_s32s32
                0x0000000010003498                div_s32s32
                0x0000000010003498                __wrap___aeabi_idiv
                0x00000000100034a0                divmod_s32s32_unsafe
                0x00000000100034cc                divmod_s32s32_savestate
 .text.__wrap___aeabi_uidiv
                0x00000000100034e8       0x4c CMakeFiles/TCP_Client.dir/Users/amrit/Desktop/PICO_REPOS/pico-sdk/src/rp2_common/pico_divider/divider.S.obj
                0x00000000100034e8                __wrap___aeabi_uidiv
                0x00000000100034e8                __wrap___aeabi_uidivmod
                0x00000000100034e8                div_u32u32
                0x00000000100034e8                divmod_u32u32
                0x00000000100034f0                divmod_u32u32_unsafe
                0x0000000010003518                divmod_u32u32_savestate
 .text.__wrap___aeabi_ldiv
                0x0000000010003534      0x434 CMakeFiles/TCP_Client.dir/Users/amrit/Desktop/PICO_REPOS/pico-sdk/src/rp2_common/pico_divider/divider.S.obj
                0x0000000010003534                __wrap___aeabi_ldivmod
                0x0000000010003534                div_s64s64
                0x0000000010003534                divmod_s64s64
                0x000000001000356c                divmod_u64u64
                0x000000001000356c                div_u64u64
                0x000000001000356c                __wrap___aeabi_uldivmod
                0x000000001000357c                divmod_u64u64_savestate
                0x00000000100035a4                divmod_s64s64_unsafe
                0x000000001000362c                divmod_u64u64_unsafe
 .text.__wrap___aeabi_darithmetic
                0x0000000010003968       0x60 CMakeFiles/TCP_Client.dir/Users/amrit/Desktop/PICO_REPOS/pico-sdk/src/rp2_common/pico_double/double_aeabi.S.obj
                0x0000000010003968                __wrap___aeabi_drsub
                0x000000001000396e                __wrap___aeabi_dsub
                0x0000000010003978                __wrap___aeabi_dadd
                0x0000000010003982                __wrap___aeabi_ddiv
                0x00000000100039b6                __wrap___aeabi_dmul
 .text.__wrap___aeabi_cdcmple
                0x00000000100039c8       0x6c CMakeFiles/TCP_Client.dir/Users/amrit/Desktop/PICO_REPOS/pico-sdk/src/rp2_common/pico_double/double_aeabi.S.obj
                0x00000000100039c8                __wrap___aeabi_cdrcmple
                0x00000000100039d8                __wrap___aeabi_cdcmple
                0x00000000100039d8                __wrap___aeabi_cdcmpeq
 .text.__wrap___aeabi_dcmplt
                0x0000000010003a34        0xc CMakeFiles/TCP_Client.dir/Users/amrit/Desktop/PICO_REPOS/pico-sdk/src/rp2_common/pico_double/double_aeabi.S.obj
                0x0000000010003a34                __wrap___aeabi_dcmplt
 .text.__wrap___aeabi_dcmple
                0x0000000010003a40       0x10 CMakeFiles/TCP_Client.dir/Users/amrit/Desktop/PICO_REPOS/pico-sdk/src/rp2_common/pico_double/double_aeabi.S.obj
                0x0000000010003a40                __wrap___aeabi_dcmple
 .text.__wrap___aeabi_dcmpge
                0x0000000010003a50       0x10 CMakeFiles/TCP_Client.dir/Users/amrit/Desktop/PICO_REPOS/pico-sdk/src/rp2_common/pico_double/double_aeabi.S.obj
                0x0000000010003a50                __wrap___aeabi_dcmpge
 .text.__wrap___aeabi_dcmpgt
                0x0000000010003a60        0xa CMakeFiles/TCP_Client.dir/Users/amrit/Desktop/PICO_REPOS/pico-sdk/src/rp2_common/pico_double/double_aeabi.S.obj
                0x0000000010003a60                __wrap___aeabi_dcmpgt
 .text.__wrap___aeabi_dcmpun
                0x0000000010003a6a       0x1c CMakeFiles/TCP_Client.dir/Users/amrit/Desktop/PICO_REPOS/pico-sdk/src/rp2_common/pico_double/double_aeabi.S.obj
                0x0000000010003a6a                __wrap___aeabi_dcmpun
 *fill*         0x0000000010003a86        0x2 
 .text.__wrap___aeabi_i2d
                0x0000000010003a88       0x38 CMakeFiles/TCP_Client.dir/Users/amrit/Desktop/PICO_REPOS/pico-sdk/src/rp2_common/pico_double/double_aeabi.S.obj
                0x0000000010003a88                __wrap___aeabi_ui2d
                0x0000000010003a90                __wrap___aeabi_i2d
 .text.__wrap___aeabi_d2iz
                0x0000000010003ac0       0x48 CMakeFiles/TCP_Client.dir/Users/amrit/Desktop/PICO_REPOS/pico-sdk/src/rp2_common/pico_double/double_aeabi.S.obj
                0x0000000010003ac0                __wrap___aeabi_d2iz
                0x0000000010003ac0                double2int_z
 .text.__wrap___aeabi_d2uiz
                0x0000000010003b08       0x10 CMakeFiles/TCP_Client.dir/Users/amrit/Desktop/PICO_REPOS/pico-sdk/src/rp2_common/pico_double/double_aeabi.S.obj
                0x0000000010003b08                double2uint
                0x0000000010003b08                __wrap___aeabi_d2uiz
 .text.missing_double_func_shim
                0x0000000010003b18        0xc CMakeFiles/TCP_Client.dir/Users/amrit/Desktop/PICO_REPOS/pico-sdk/src/rp2_common/pico_double/double_init_rom.c.obj
 .text.__aeabi_double_init
                0x0000000010003b24       0xcc CMakeFiles/TCP_Client.dir/Users/amrit/Desktop/PICO_REPOS/pico-sdk/src/rp2_common/pico_double/double_init_rom.c.obj
                0x0000000010003b24                __aeabi_double_init
 .text.double_table_shim_on_use_helper
                0x0000000010003bf0       0x34 CMakeFiles/TCP_Client.dir/Users/amrit/Desktop/PICO_REPOS/pico-sdk/src/rp2_common/pico_double/double_v1_rom_shim.S.obj
                0x0000000010003bf0                double_table_shim_on_use_helper
 .text.__aeabi_lmul
                0x0000000010003c24       0x32 CMakeFiles/TCP_Client.dir/Users/amrit/Desktop/PICO_REPOS/pico-sdk/src/rp2_common/pico_int64_ops/pico_int64_ops_aeabi.S.obj
                0x0000000010003c24                __wrap___aeabi_lmul
 *fill*         0x0000000010003c56        0x2 
 .text.missing_float_func_shim
                0x0000000010003c58        0xc CMakeFiles/TCP_Client.dir/Users/amrit/Desktop/PICO_REPOS/pico-sdk/src/rp2_common/pico_float/float_init_rom.c.obj
 .text.__aeabi_float_init
                0x0000000010003c64       0x88 CMakeFiles/TCP_Client.dir/Users/amrit/Desktop/PICO_REPOS/pico-sdk/src/rp2_common/pico_float/float_init_rom.c.obj
                0x0000000010003c64                __aeabi_float_init
 .text          0x0000000010003cec       0x10 CMakeFiles/TCP_Client.dir/Users/amrit/Desktop/PICO_REPOS/pico-sdk/src/rp2_common/pico_mem_ops/mem_ops_aeabi.S.obj
                0x0000000010003cec                __aeabi_mem_init
 .text.memset   0x0000000010003cfc        0xc CMakeFiles/TCP_Client.dir/Users/amrit/Desktop/PICO_REPOS/pico-sdk/src/rp2_common/pico_mem_ops/mem_ops_aeabi.S.obj
                0x0000000010003cfc                __wrap_memset
 .text.memcpy   0x0000000010003d08        0xc CMakeFiles/TCP_Client.dir/Users/amrit/Desktop/PICO_REPOS/pico-sdk/src/rp2_common/pico_mem_ops/mem_ops_aeabi.S.obj
                0x0000000010003d08                __wrap___aeabi_memcpy
                0x0000000010003d08                __wrap_memcpy
 .text.stdio_out_chars_no_crlf
                0x0000000010003d14        0xe CMakeFiles/TCP_Client.dir/Users/amrit/Desktop/PICO_REPOS/pico-sdk/src/rp2_common/pico_stdio/stdio.c.obj
 *fill*         0x0000000010003d22        0x2 
 .text.stdio_out_chars_crlf
                0x0000000010003d24       0x80 CMakeFiles/TCP_Client.dir/Users/amrit/Desktop/PICO_REPOS/pico-sdk/src/rp2_common/pico_stdio/stdio.c.obj
 .text.stdio_stack_buffer_flush
                0x0000000010003da4       0x44 CMakeFiles/TCP_Client.dir/Users/amrit/Desktop/PICO_REPOS/pico-sdk/src/rp2_common/pico_stdio/stdio.c.obj
 .text.stdio_buffered_printer
                0x0000000010003de8       0x20 CMakeFiles/TCP_Client.dir/Users/amrit/Desktop/PICO_REPOS/pico-sdk/src/rp2_common/pico_stdio/stdio.c.obj
 .text.stdout_serialize_begin
                0x0000000010003e08       0x30 CMakeFiles/TCP_Client.dir/Users/amrit/Desktop/PICO_REPOS/pico-sdk/src/rp2_common/pico_stdio/stdio.c.obj
                0x0000000010003e08                stdout_serialize_begin
 .text.stdout_serialize_end
                0x0000000010003e38       0x10 CMakeFiles/TCP_Client.dir/Users/amrit/Desktop/PICO_REPOS/pico-sdk/src/rp2_common/pico_stdio/stdio.c.obj
                0x0000000010003e38                stdout_serialize_end
 .text.stdio_put_string
                0x0000000010003e48       0x98 CMakeFiles/TCP_Client.dir/Users/amrit/Desktop/PICO_REPOS/pico-sdk/src/rp2_common/pico_stdio/stdio.c.obj
 .text.stdio_set_driver_enabled
                0x0000000010003ee0       0x2c CMakeFiles/TCP_Client.dir/Users/amrit/Desktop/PICO_REPOS/pico-sdk/src/rp2_common/pico_stdio/stdio.c.obj
                0x0000000010003ee0                stdio_set_driver_enabled
 .text.stdio_flush
                0x0000000010003f0c       0x20 CMakeFiles/TCP_Client.dir/Users/amrit/Desktop/PICO_REPOS/pico-sdk/src/rp2_common/pico_stdio/stdio.c.obj
                0x0000000010003f0c                stdio_flush
 .text.__wrap_puts
                0x0000000010003f2c       0x1e CMakeFiles/TCP_Client.dir/Users/amrit/Desktop/PICO_REPOS/pico-sdk/src/rp2_common/pico_stdio/stdio.c.obj
                0x0000000010003f2c                __wrap_puts
 *fill*         0x0000000010003f4a        0x2 
 .text.__wrap_vprintf
                0x0000000010003f4c       0x44 CMakeFiles/TCP_Client.dir/Users/amrit/Desktop/PICO_REPOS/pico-sdk/src/rp2_common/pico_stdio/stdio.c.obj
                0x0000000010003f4c                __wrap_vprintf
 .text.__wrap_printf
                0x0000000010003f90       0x18 CMakeFiles/TCP_Client.dir/Users/amrit/Desktop/PICO_REPOS/pico-sdk/src/rp2_common/pico_stdio/stdio.c.obj
                0x0000000010003f90                __wrap_printf
 .text.stdio_init_all
                0x0000000010003fa8        0x8 CMakeFiles/TCP_Client.dir/Users/amrit/Desktop/PICO_REPOS/pico-sdk/src/rp2_common/pico_stdio/stdio.c.obj
                0x0000000010003fa8                stdio_init_all
 .text.resetd_init
                0x0000000010003fb0        0x2 CMakeFiles/TCP_Client.dir/Users/amrit/Desktop/PICO_REPOS/pico-sdk/src/rp2_common/pico_stdio_usb/reset_interface.c.obj
 *fill*         0x0000000010003fb2        0x2 
 .text.resetd_reset
                0x0000000010003fb4        0xc CMakeFiles/TCP_Client.dir/Users/amrit/Desktop/PICO_REPOS/pico-sdk/src/rp2_common/pico_stdio_usb/reset_interface.c.obj
 .text.resetd_open
                0x0000000010003fc0       0x34 CMakeFiles/TCP_Client.dir/Users/amrit/Desktop/PICO_REPOS/pico-sdk/src/rp2_common/pico_stdio_usb/reset_interface.c.obj
 .text.resetd_xfer_cb
                0x0000000010003ff4        0x4 CMakeFiles/TCP_Client.dir/Users/amrit/Desktop/PICO_REPOS/pico-sdk/src/rp2_common/pico_stdio_usb/reset_interface.c.obj
 .text.reset_usb_boot
                0x0000000010003ff8       0x18 CMakeFiles/TCP_Client.dir/Users/amrit/Desktop/PICO_REPOS/pico-sdk/src/rp2_common/pico_stdio_usb/reset_interface.c.obj
 .text.resetd_control_xfer_cb
                0x0000000010004010       0x5c CMakeFiles/TCP_Client.dir/Users/amrit/Desktop/PICO_REPOS/pico-sdk/src/rp2_common/pico_stdio_usb/reset_interface.c.obj
 .text.usbd_app_driver_get_cb
                0x000000001000406c        0xc CMakeFiles/TCP_Client.dir/Users/amrit/Desktop/PICO_REPOS/pico-sdk/src/rp2_common/pico_stdio_usb/reset_interface.c.obj
                0x000000001000406c                usbd_app_driver_get_cb
 .text.tud_cdc_line_coding_cb
                0x0000000010004078       0x28 CMakeFiles/TCP_Client.dir/Users/amrit/Desktop/PICO_REPOS/pico-sdk/src/rp2_common/pico_stdio_usb/reset_interface.c.obj
                0x0000000010004078                tud_cdc_line_coding_cb
 .text.stdio_usb_in_chars
                0x00000000100040a0       0x70 CMakeFiles/TCP_Client.dir/Users/amrit/Desktop/PICO_REPOS/pico-sdk/src/rp2_common/pico_stdio_usb/stdio_usb.c.obj
                0x00000000100040a0                stdio_usb_in_chars
 .text.low_priority_worker_irq
                0x0000000010004110       0x20 CMakeFiles/TCP_Client.dir/Users/amrit/Desktop/PICO_REPOS/pico-sdk/src/rp2_common/pico_stdio_usb/stdio_usb.c.obj
 .text.stdio_usb_out_chars
                0x0000000010004130       0xd4 CMakeFiles/TCP_Client.dir/Users/amrit/Desktop/PICO_REPOS/pico-sdk/src/rp2_common/pico_stdio_usb/stdio_usb.c.obj
 .text.timer_task
                0x0000000010004204       0x40 CMakeFiles/TCP_Client.dir/Users/amrit/Desktop/PICO_REPOS/pico-sdk/src/rp2_common/pico_stdio_usb/stdio_usb.c.obj
 .text.usb_irq  0x0000000010004244       0x10 CMakeFiles/TCP_Client.dir/Users/amrit/Desktop/PICO_REPOS/pico-sdk/src/rp2_common/pico_stdio_usb/stdio_usb.c.obj
 .text.stdio_usb_init
                0x0000000010004254       0xec CMakeFiles/TCP_Client.dir/Users/amrit/Desktop/PICO_REPOS/pico-sdk/src/rp2_common/pico_stdio_usb/stdio_usb.c.obj
                0x0000000010004254                stdio_usb_init
 .text.tud_descriptor_device_cb
                0x0000000010004340        0x8 CMakeFiles/TCP_Client.dir/Users/amrit/Desktop/PICO_REPOS/pico-sdk/src/rp2_common/pico_stdio_usb/stdio_usb_descriptors.c.obj
                0x0000000010004340                tud_descriptor_device_cb
 .text.tud_descriptor_configuration_cb
                0x0000000010004348        0x8 CMakeFiles/TCP_Client.dir/Users/amrit/Desktop/PICO_REPOS/pico-sdk/src/rp2_common/pico_stdio_usb/stdio_usb_descriptors.c.obj
                0x0000000010004348                tud_descriptor_configuration_cb
 .text.tud_descriptor_string_cb
                0x0000000010004350       0x6c CMakeFiles/TCP_Client.dir/Users/amrit/Desktop/PICO_REPOS/pico-sdk/src/rp2_common/pico_stdio_usb/stdio_usb_descriptors.c.obj
                0x0000000010004350                tud_descriptor_string_cb
 .text.hw_endpoint_get_by_addr
                0x00000000100043bc       0x18 CMakeFiles/TCP_Client.dir/Users/amrit/Desktop/PICO_REPOS/pico-sdk/lib/tinyusb/src/portable/raspberrypi/rp2040/dcd_rp2040.c.obj
 .text.reset_ep0_pid
                0x00000000100043d4       0x28 CMakeFiles/TCP_Client.dir/Users/amrit/Desktop/PICO_REPOS/pico-sdk/lib/tinyusb/src/portable/raspberrypi/rp2040/dcd_rp2040.c.obj
 .text._hw_endpoint_alloc
                0x00000000100043fc       0x70 CMakeFiles/TCP_Client.dir/Users/amrit/Desktop/PICO_REPOS/pico-sdk/lib/tinyusb/src/portable/raspberrypi/rp2040/dcd_rp2040.c.obj
 .text.hw_endpoint_init
                0x000000001000446c       0x88 CMakeFiles/TCP_Client.dir/Users/amrit/Desktop/PICO_REPOS/pico-sdk/lib/tinyusb/src/portable/raspberrypi/rp2040/dcd_rp2040.c.obj
 .text.reset_non_control_endpoints
                0x00000000100044f4       0x40 CMakeFiles/TCP_Client.dir/Users/amrit/Desktop/PICO_REPOS/pico-sdk/lib/tinyusb/src/portable/raspberrypi/rp2040/dcd_rp2040.c.obj
 .text.hw_handle_buff_status
                0x0000000010004534       0x8c CMakeFiles/TCP_Client.dir/Users/amrit/Desktop/PICO_REPOS/pico-sdk/lib/tinyusb/src/portable/raspberrypi/rp2040/dcd_rp2040.c.obj
 .text.dcd_rp2040_irq
                0x00000000100045c0       0xc0 CMakeFiles/TCP_Client.dir/Users/amrit/Desktop/PICO_REPOS/pico-sdk/lib/tinyusb/src/portable/raspberrypi/rp2040/dcd_rp2040.c.obj
 .text.hw_endpoint_xfer
                0x0000000010004680       0x14 CMakeFiles/TCP_Client.dir/Users/amrit/Desktop/PICO_REPOS/pico-sdk/lib/tinyusb/src/portable/raspberrypi/rp2040/dcd_rp2040.c.obj
 .text.dcd_int_enable
                0x0000000010004694       0x2c CMakeFiles/TCP_Client.dir/Users/amrit/Desktop/PICO_REPOS/pico-sdk/lib/tinyusb/src/portable/raspberrypi/rp2040/dcd_rp2040.c.obj
                0x0000000010004694                dcd_int_enable
 .text.dcd_set_address
                0x00000000100046c0       0x2c CMakeFiles/TCP_Client.dir/Users/amrit/Desktop/PICO_REPOS/pico-sdk/lib/tinyusb/src/portable/raspberrypi/rp2040/dcd_rp2040.c.obj
                0x00000000100046c0                dcd_set_address
 .text.dcd_connect
                0x00000000100046ec       0x10 CMakeFiles/TCP_Client.dir/Users/amrit/Desktop/PICO_REPOS/pico-sdk/lib/tinyusb/src/portable/raspberrypi/rp2040/dcd_rp2040.c.obj
                0x00000000100046ec                dcd_connect
 .text.dcd_init
                0x00000000100046fc       0x7c CMakeFiles/TCP_Client.dir/Users/amrit/Desktop/PICO_REPOS/pico-sdk/lib/tinyusb/src/portable/raspberrypi/rp2040/dcd_rp2040.c.obj
                0x00000000100046fc                dcd_init
 .text.dcd_edpt0_status_complete
                0x0000000010004778       0x1c CMakeFiles/TCP_Client.dir/Users/amrit/Desktop/PICO_REPOS/pico-sdk/lib/tinyusb/src/portable/raspberrypi/rp2040/dcd_rp2040.c.obj
                0x0000000010004778                dcd_edpt0_status_complete
 .text.dcd_edpt_open
                0x0000000010004794       0x40 CMakeFiles/TCP_Client.dir/Users/amrit/Desktop/PICO_REPOS/pico-sdk/lib/tinyusb/src/portable/raspberrypi/rp2040/dcd_rp2040.c.obj
                0x0000000010004794                dcd_edpt_open
 .text.dcd_edpt_close_all
                0x00000000100047d4        0x8 CMakeFiles/TCP_Client.dir/Users/amrit/Desktop/PICO_REPOS/pico-sdk/lib/tinyusb/src/portable/raspberrypi/rp2040/dcd_rp2040.c.obj
                0x00000000100047d4                dcd_edpt_close_all
 .text.dcd_edpt_xfer
                0x00000000100047dc       0x30 CMakeFiles/TCP_Client.dir/Users/amrit/Desktop/PICO_REPOS/pico-sdk/lib/tinyusb/src/portable/raspberrypi/rp2040/dcd_rp2040.c.obj
                0x00000000100047dc                dcd_edpt_xfer
 .text.dcd_edpt_stall
                0x000000001000480c       0x2c CMakeFiles/TCP_Client.dir/Users/amrit/Desktop/PICO_REPOS/pico-sdk/lib/tinyusb/src/portable/raspberrypi/rp2040/dcd_rp2040.c.obj
                0x000000001000480c                dcd_edpt_stall
 .text.dcd_edpt_clear_stall
                0x0000000010004838       0x20 CMakeFiles/TCP_Client.dir/Users/amrit/Desktop/PICO_REPOS/pico-sdk/lib/tinyusb/src/portable/raspberrypi/rp2040/dcd_rp2040.c.obj
                0x0000000010004838                dcd_edpt_clear_stall
 .text.prepare_ep_buffer
                0x0000000010004858       0x70 CMakeFiles/TCP_Client.dir/Users/amrit/Desktop/PICO_REPOS/pico-sdk/lib/tinyusb/src/portable/raspberrypi/rp2040/rp2040_usb.c.obj
 .text.sync_ep_buffer
                0x00000000100048c8       0x7c CMakeFiles/TCP_Client.dir/Users/amrit/Desktop/PICO_REPOS/pico-sdk/lib/tinyusb/src/portable/raspberrypi/rp2040/rp2040_usb.c.obj
 .text._hw_endpoint_xfer_sync
                0x0000000010004944       0x28 CMakeFiles/TCP_Client.dir/Users/amrit/Desktop/PICO_REPOS/pico-sdk/lib/tinyusb/src/portable/raspberrypi/rp2040/rp2040_usb.c.obj
 .text.rp2040_usb_init
                0x000000001000496c       0x4c CMakeFiles/TCP_Client.dir/Users/amrit/Desktop/PICO_REPOS/pico-sdk/lib/tinyusb/src/portable/raspberrypi/rp2040/rp2040_usb.c.obj
                0x000000001000496c                rp2040_usb_init
 .text.hw_endpoint_reset_transfer
                0x00000000100049b8        0xc CMakeFiles/TCP_Client.dir/Users/amrit/Desktop/PICO_REPOS/pico-sdk/lib/tinyusb/src/portable/raspberrypi/rp2040/rp2040_usb.c.obj
                0x00000000100049b8                hw_endpoint_reset_transfer
 .text._hw_endpoint_buffer_control_update32
                0x00000000100049c4       0x58 CMakeFiles/TCP_Client.dir/Users/amrit/Desktop/PICO_REPOS/pico-sdk/lib/tinyusb/src/portable/raspberrypi/rp2040/rp2040_usb.c.obj
                0x00000000100049c4                _hw_endpoint_buffer_control_update32
 .text._hw_endpoint_start_next_buffer
                0x0000000010004a1c       0x74 CMakeFiles/TCP_Client.dir/Users/amrit/Desktop/PICO_REPOS/pico-sdk/lib/tinyusb/src/portable/raspberrypi/rp2040/rp2040_usb.c.obj
 .text.hw_endpoint_xfer_start
                0x0000000010004a90       0x48 CMakeFiles/TCP_Client.dir/Users/amrit/Desktop/PICO_REPOS/pico-sdk/lib/tinyusb/src/portable/raspberrypi/rp2040/rp2040_usb.c.obj
                0x0000000010004a90                hw_endpoint_xfer_start
 .text.hw_endpoint_xfer_continue
                0x0000000010004ad8       0x38 CMakeFiles/TCP_Client.dir/Users/amrit/Desktop/PICO_REPOS/pico-sdk/lib/tinyusb/src/portable/raspberrypi/rp2040/rp2040_usb.c.obj
                0x0000000010004ad8                hw_endpoint_xfer_continue
 .text.configuration_reset
                0x0000000010004b10       0x84 CMakeFiles/TCP_Client.dir/Users/amrit/Desktop/PICO_REPOS/pico-sdk/lib/tinyusb/src/device/usbd.c.obj
 .text.usbd_reset
                0x0000000010004b94        0xc CMakeFiles/TCP_Client.dir/Users/amrit/Desktop/PICO_REPOS/pico-sdk/lib/tinyusb/src/device/usbd.c.obj
 .text.invoke_class_control
                0x0000000010004ba0       0x1a CMakeFiles/TCP_Client.dir/Users/amrit/Desktop/PICO_REPOS/pico-sdk/lib/tinyusb/src/device/usbd.c.obj
 *fill*         0x0000000010004bba        0x2 
 .text.process_set_config
                0x0000000010004bbc      0x1b0 CMakeFiles/TCP_Client.dir/Users/amrit/Desktop/PICO_REPOS/pico-sdk/lib/tinyusb/src/device/usbd.c.obj
 .text.process_get_descriptor
                0x0000000010004d6c       0xec CMakeFiles/TCP_Client.dir/Users/amrit/Desktop/PICO_REPOS/pico-sdk/lib/tinyusb/src/device/usbd.c.obj
 .text.tud_mounted
                0x0000000010004e58       0x10 CMakeFiles/TCP_Client.dir/Users/amrit/Desktop/PICO_REPOS/pico-sdk/lib/tinyusb/src/device/usbd.c.obj
                0x0000000010004e58                tud_mounted
 .text.tud_suspended
                0x0000000010004e68       0x10 CMakeFiles/TCP_Client.dir/Users/amrit/Desktop/PICO_REPOS/pico-sdk/lib/tinyusb/src/device/usbd.c.obj
                0x0000000010004e68                tud_suspended
 .text.tud_inited
                0x0000000010004e78        0xc CMakeFiles/TCP_Client.dir/Users/amrit/Desktop/PICO_REPOS/pico-sdk/lib/tinyusb/src/device/usbd.c.obj
                0x0000000010004e78                tud_inited
 .text.tud_init
                0x0000000010004e84       0xcc CMakeFiles/TCP_Client.dir/Users/amrit/Desktop/PICO_REPOS/pico-sdk/lib/tinyusb/src/device/usbd.c.obj
                0x0000000010004e84                tud_init
 .text.dcd_event_handler
                0x0000000010004f50      0x1e0 CMakeFiles/TCP_Client.dir/Users/amrit/Desktop/PICO_REPOS/pico-sdk/lib/tinyusb/src/device/usbd.c.obj
                0x0000000010004f50                dcd_event_handler
 .text.dcd_event_bus_signal
                0x0000000010005130       0x26 CMakeFiles/TCP_Client.dir/Users/amrit/Desktop/PICO_REPOS/pico-sdk/lib/tinyusb/src/device/usbd.c.obj
                0x0000000010005130                dcd_event_bus_signal
 .text.dcd_event_bus_reset
                0x0000000010005156       0x2a CMakeFiles/TCP_Client.dir/Users/amrit/Desktop/PICO_REPOS/pico-sdk/lib/tinyusb/src/device/usbd.c.obj
                0x0000000010005156                dcd_event_bus_reset
 .text.dcd_event_setup_received
                0x0000000010005180       0x34 CMakeFiles/TCP_Client.dir/Users/amrit/Desktop/PICO_REPOS/pico-sdk/lib/tinyusb/src/device/usbd.c.obj
                0x0000000010005180                dcd_event_setup_received
 .text.dcd_event_xfer_complete
                0x00000000100051b4       0x44 CMakeFiles/TCP_Client.dir/Users/amrit/Desktop/PICO_REPOS/pico-sdk/lib/tinyusb/src/device/usbd.c.obj
                0x00000000100051b4                dcd_event_xfer_complete
 .text.usbd_edpt_open
                0x00000000100051f8       0x58 CMakeFiles/TCP_Client.dir/Users/amrit/Desktop/PICO_REPOS/pico-sdk/lib/tinyusb/src/device/usbd.c.obj
                0x00000000100051f8                usbd_edpt_open
 .text.usbd_open_edpt_pair
                0x0000000010005250       0x8c CMakeFiles/TCP_Client.dir/Users/amrit/Desktop/PICO_REPOS/pico-sdk/lib/tinyusb/src/device/usbd.c.obj
                0x0000000010005250                usbd_open_edpt_pair
 .text.usbd_edpt_claim
                0x00000000100052dc       0x8c CMakeFiles/TCP_Client.dir/Users/amrit/Desktop/PICO_REPOS/pico-sdk/lib/tinyusb/src/device/usbd.c.obj
                0x00000000100052dc                usbd_edpt_claim
 .text.usbd_edpt_release
                0x0000000010005368       0x68 CMakeFiles/TCP_Client.dir/Users/amrit/Desktop/PICO_REPOS/pico-sdk/lib/tinyusb/src/device/usbd.c.obj
                0x0000000010005368                usbd_edpt_release
 .text.usbd_edpt_xfer
                0x00000000100053d0       0x80 CMakeFiles/TCP_Client.dir/Users/amrit/Desktop/PICO_REPOS/pico-sdk/lib/tinyusb/src/device/usbd.c.obj
                0x00000000100053d0                usbd_edpt_xfer
 .text.usbd_edpt_stall
                0x0000000010005450       0x40 CMakeFiles/TCP_Client.dir/Users/amrit/Desktop/PICO_REPOS/pico-sdk/lib/tinyusb/src/device/usbd.c.obj
                0x0000000010005450                usbd_edpt_stall
 .text.usbd_edpt_clear_stall
                0x0000000010005490       0x40 CMakeFiles/TCP_Client.dir/Users/amrit/Desktop/PICO_REPOS/pico-sdk/lib/tinyusb/src/device/usbd.c.obj
                0x0000000010005490                usbd_edpt_clear_stall
 .text.usbd_edpt_stalled
                0x00000000100054d0       0x1c CMakeFiles/TCP_Client.dir/Users/amrit/Desktop/PICO_REPOS/pico-sdk/lib/tinyusb/src/device/usbd.c.obj
                0x00000000100054d0                usbd_edpt_stalled
 .text.process_control_request
                0x00000000100054ec      0x3b8 CMakeFiles/TCP_Client.dir/Users/amrit/Desktop/PICO_REPOS/pico-sdk/lib/tinyusb/src/device/usbd.c.obj
 .text.tud_task
                0x00000000100058a4      0x218 CMakeFiles/TCP_Client.dir/Users/amrit/Desktop/PICO_REPOS/pico-sdk/lib/tinyusb/src/device/usbd.c.obj
                0x00000000100058a4                tud_task
 .text._data_stage_xact
                0x0000000010005abc       0x58 CMakeFiles/TCP_Client.dir/Users/amrit/Desktop/PICO_REPOS/pico-sdk/lib/tinyusb/src/device/usbd_control.c.obj
 .text.tud_control_status
                0x0000000010005b14       0x38 CMakeFiles/TCP_Client.dir/Users/amrit/Desktop/PICO_REPOS/pico-sdk/lib/tinyusb/src/device/usbd_control.c.obj
                0x0000000010005b14                tud_control_status
 .text.tud_control_xfer
                0x0000000010005b4c       0xa8 CMakeFiles/TCP_Client.dir/Users/amrit/Desktop/PICO_REPOS/pico-sdk/lib/tinyusb/src/device/usbd_control.c.obj
                0x0000000010005b4c                tud_control_xfer
 .text.usbd_control_reset
                0x0000000010005bf4       0x14 CMakeFiles/TCP_Client.dir/Users/amrit/Desktop/PICO_REPOS/pico-sdk/lib/tinyusb/src/device/usbd_control.c.obj
                0x0000000010005bf4                usbd_control_reset
 .text.usbd_control_set_complete_callback
                0x0000000010005c08        0xc CMakeFiles/TCP_Client.dir/Users/amrit/Desktop/PICO_REPOS/pico-sdk/lib/tinyusb/src/device/usbd_control.c.obj
                0x0000000010005c08                usbd_control_set_complete_callback
 .text.usbd_control_set_request
                0x0000000010005c14       0x1c CMakeFiles/TCP_Client.dir/Users/amrit/Desktop/PICO_REPOS/pico-sdk/lib/tinyusb/src/device/usbd_control.c.obj
                0x0000000010005c14                usbd_control_set_request
 .text.usbd_control_xfer_cb
                0x0000000010005c30       0xfc CMakeFiles/TCP_Client.dir/Users/amrit/Desktop/PICO_REPOS/pico-sdk/lib/tinyusb/src/device/usbd_control.c.obj
                0x0000000010005c30                usbd_control_xfer_cb
 .text._prep_out_transaction
                0x0000000010005d2c       0x46 CMakeFiles/TCP_Client.dir/Users/amrit/Desktop/PICO_REPOS/pico-sdk/lib/tinyusb/src/class/cdc/cdc_device.c.obj
 *fill*         0x0000000010005d72        0x2 
 .text.tud_cdc_n_connected
                0x0000000010005d74       0x44 CMakeFiles/TCP_Client.dir/Users/amrit/Desktop/PICO_REPOS/pico-sdk/lib/tinyusb/src/class/cdc/cdc_device.c.obj
                0x0000000010005d74                tud_cdc_n_connected
 .text.tud_cdc_n_available
                0x0000000010005db8       0x18 CMakeFiles/TCP_Client.dir/Users/amrit/Desktop/PICO_REPOS/pico-sdk/lib/tinyusb/src/class/cdc/cdc_device.c.obj
                0x0000000010005db8                tud_cdc_n_available
 .text.tud_cdc_n_read
                0x0000000010005dd0       0x28 CMakeFiles/TCP_Client.dir/Users/amrit/Desktop/PICO_REPOS/pico-sdk/lib/tinyusb/src/class/cdc/cdc_device.c.obj
                0x0000000010005dd0                tud_cdc_n_read
 .text.tud_cdc_n_write_flush
                0x0000000010005df8       0xcc CMakeFiles/TCP_Client.dir/Users/amrit/Desktop/PICO_REPOS/pico-sdk/lib/tinyusb/src/class/cdc/cdc_device.c.obj
                0x0000000010005df8                tud_cdc_n_write_flush
 .text.tud_cdc_n_write
                0x0000000010005ec4       0x38 CMakeFiles/TCP_Client.dir/Users/amrit/Desktop/PICO_REPOS/pico-sdk/lib/tinyusb/src/class/cdc/cdc_device.c.obj
                0x0000000010005ec4                tud_cdc_n_write
 .text.tud_cdc_n_write_available
                0x0000000010005efc       0x1c CMakeFiles/TCP_Client.dir/Users/amrit/Desktop/PICO_REPOS/pico-sdk/lib/tinyusb/src/class/cdc/cdc_device.c.obj
                0x0000000010005efc                tud_cdc_n_write_available
 .text.cdcd_init
                0x0000000010005f18       0xbc CMakeFiles/TCP_Client.dir/Users/amrit/Desktop/PICO_REPOS/pico-sdk/lib/tinyusb/src/class/cdc/cdc_device.c.obj
                0x0000000010005f18                cdcd_init
 .text.cdcd_reset
                0x0000000010005fd4       0x44 CMakeFiles/TCP_Client.dir/Users/amrit/Desktop/PICO_REPOS/pico-sdk/lib/tinyusb/src/class/cdc/cdc_device.c.obj
                0x0000000010005fd4                cdcd_reset
 .text.cdcd_open
                0x0000000010006018       0xf8 CMakeFiles/TCP_Client.dir/Users/amrit/Desktop/PICO_REPOS/pico-sdk/lib/tinyusb/src/class/cdc/cdc_device.c.obj
                0x0000000010006018                cdcd_open
 .text.cdcd_control_xfer_cb
                0x0000000010006110      0x134 CMakeFiles/TCP_Client.dir/Users/amrit/Desktop/PICO_REPOS/pico-sdk/lib/tinyusb/src/class/cdc/cdc_device.c.obj
                0x0000000010006110                cdcd_control_xfer_cb
 .text.cdcd_xfer_cb
                0x0000000010006244      0x144 CMakeFiles/TCP_Client.dir/Users/amrit/Desktop/PICO_REPOS/pico-sdk/lib/tinyusb/src/class/cdc/cdc_device.c.obj
                0x0000000010006244                cdcd_xfer_cb
 .text.tusb_init
                0x0000000010006388       0x24 CMakeFiles/TCP_Client.dir/Users/amrit/Desktop/PICO_REPOS/pico-sdk/lib/tinyusb/src/tusb.c.obj
                0x0000000010006388                tusb_init
 .text.tusb_inited
                0x00000000100063ac        0xe CMakeFiles/TCP_Client.dir/Users/amrit/Desktop/PICO_REPOS/pico-sdk/lib/tinyusb/src/tusb.c.obj
                0x00000000100063ac                tusb_inited
 *fill*         0x00000000100063ba        0x2 
 .text.tu_edpt_validate
                0x00000000100063bc       0xa8 CMakeFiles/TCP_Client.dir/Users/amrit/Desktop/PICO_REPOS/pico-sdk/lib/tinyusb/src/tusb.c.obj
                0x00000000100063bc                tu_edpt_validate
 .text.tu_edpt_bind_driver
                0x0000000010006464       0x2a CMakeFiles/TCP_Client.dir/Users/amrit/Desktop/PICO_REPOS/pico-sdk/lib/tinyusb/src/tusb.c.obj
                0x0000000010006464                tu_edpt_bind_driver
 .text.advance_pointer
                0x000000001000648e       0x18 CMakeFiles/TCP_Client.dir/Users/amrit/Desktop/PICO_REPOS/pico-sdk/lib/tinyusb/src/common/tusb_fifo.c.obj
 .text.backward_pointer
                0x00000000100064a6       0x1e CMakeFiles/TCP_Client.dir/Users/amrit/Desktop/PICO_REPOS/pico-sdk/lib/tinyusb/src/common/tusb_fifo.c.obj
 .text.get_relative_pointer
                0x00000000100064c4       0x10 CMakeFiles/TCP_Client.dir/Users/amrit/Desktop/PICO_REPOS/pico-sdk/lib/tinyusb/src/common/tusb_fifo.c.obj
 .text._tu_fifo_peek
                0x00000000100064d4       0x50 CMakeFiles/TCP_Client.dir/Users/amrit/Desktop/PICO_REPOS/pico-sdk/lib/tinyusb/src/common/tusb_fifo.c.obj
 .text._ff_pull_const_addr
                0x0000000010006524       0x4c CMakeFiles/TCP_Client.dir/Users/amrit/Desktop/PICO_REPOS/pico-sdk/lib/tinyusb/src/common/tusb_fifo.c.obj
 .text._ff_pull_n
                0x0000000010006570      0x10c CMakeFiles/TCP_Client.dir/Users/amrit/Desktop/PICO_REPOS/pico-sdk/lib/tinyusb/src/common/tusb_fifo.c.obj
 .text._tu_fifo_peek_n
                0x000000001000667c       0x5e CMakeFiles/TCP_Client.dir/Users/amrit/Desktop/PICO_REPOS/pico-sdk/lib/tinyusb/src/common/tusb_fifo.c.obj
 .text._tu_fifo_read_n
                0x00000000100066da       0x4e CMakeFiles/TCP_Client.dir/Users/amrit/Desktop/PICO_REPOS/pico-sdk/lib/tinyusb/src/common/tusb_fifo.c.obj
 .text._ff_push_const_addr
                0x0000000010006728       0x40 CMakeFiles/TCP_Client.dir/Users/amrit/Desktop/PICO_REPOS/pico-sdk/lib/tinyusb/src/common/tusb_fifo.c.obj
 .text._ff_push_n
                0x0000000010006768      0x108 CMakeFiles/TCP_Client.dir/Users/amrit/Desktop/PICO_REPOS/pico-sdk/lib/tinyusb/src/common/tusb_fifo.c.obj
 .text._tu_fifo_write_n
                0x0000000010006870       0x9e CMakeFiles/TCP_Client.dir/Users/amrit/Desktop/PICO_REPOS/pico-sdk/lib/tinyusb/src/common/tusb_fifo.c.obj
 .text.tu_fifo_config
                0x000000001000690e       0x72 CMakeFiles/TCP_Client.dir/Users/amrit/Desktop/PICO_REPOS/pico-sdk/lib/tinyusb/src/common/tusb_fifo.c.obj
                0x000000001000690e                tu_fifo_config
 .text.tu_fifo_count
                0x0000000010006980       0x26 CMakeFiles/TCP_Client.dir/Users/amrit/Desktop/PICO_REPOS/pico-sdk/lib/tinyusb/src/common/tusb_fifo.c.obj
                0x0000000010006980                tu_fifo_count
 .text.tu_fifo_empty
                0x00000000100069a6       0x10 CMakeFiles/TCP_Client.dir/Users/amrit/Desktop/PICO_REPOS/pico-sdk/lib/tinyusb/src/common/tusb_fifo.c.obj
                0x00000000100069a6                tu_fifo_empty
 .text.tu_fifo_remaining
                0x00000000100069b6       0x20 CMakeFiles/TCP_Client.dir/Users/amrit/Desktop/PICO_REPOS/pico-sdk/lib/tinyusb/src/common/tusb_fifo.c.obj
                0x00000000100069b6                tu_fifo_remaining
 .text.tu_fifo_read
                0x00000000100069d6       0x42 CMakeFiles/TCP_Client.dir/Users/amrit/Desktop/PICO_REPOS/pico-sdk/lib/tinyusb/src/common/tusb_fifo.c.obj
                0x00000000100069d6                tu_fifo_read
 .text.tu_fifo_read_n
                0x0000000010006a18        0xa CMakeFiles/TCP_Client.dir/Users/amrit/Desktop/PICO_REPOS/pico-sdk/lib/tinyusb/src/common/tusb_fifo.c.obj
                0x0000000010006a18                tu_fifo_read_n
 .text.tu_fifo_write
                0x0000000010006a22       0x6c CMakeFiles/TCP_Client.dir/Users/amrit/Desktop/PICO_REPOS/pico-sdk/lib/tinyusb/src/common/tusb_fifo.c.obj
                0x0000000010006a22                tu_fifo_write
 .text.tu_fifo_write_n
                0x0000000010006a8e        0xa CMakeFiles/TCP_Client.dir/Users/amrit/Desktop/PICO_REPOS/pico-sdk/lib/tinyusb/src/common/tusb_fifo.c.obj
                0x0000000010006a8e                tu_fifo_write_n
 .text.tu_fifo_clear
                0x0000000010006a98       0x4c CMakeFiles/TCP_Client.dir/Users/amrit/Desktop/PICO_REPOS/pico-sdk/lib/tinyusb/src/common/tusb_fifo.c.obj
                0x0000000010006a98                tu_fifo_clear
 .text.tu_fifo_set_overwritable
                0x0000000010006ae4       0x3c CMakeFiles/TCP_Client.dir/Users/amrit/Desktop/PICO_REPOS/pico-sdk/lib/tinyusb/src/common/tusb_fifo.c.obj
                0x0000000010006ae4                tu_fifo_set_overwritable
 .text._retrieve_unique_id_on_boot
                0x0000000010006b20       0x10 CMakeFiles/TCP_Client.dir/Users/amrit/Desktop/PICO_REPOS/pico-sdk/src/rp2_common/pico_unique_id/unique_id.c.obj
 .text.pico_get_unique_board_id_string
                0x0000000010006b30       0x60 CMakeFiles/TCP_Client.dir/Users/amrit/Desktop/PICO_REPOS/pico-sdk/src/rp2_common/pico_unique_id/unique_id.c.obj
                0x0000000010006b30                pico_get_unique_board_id_string
 .text.flash_get_unique_id
                0x0000000010006b90       0x46 CMakeFiles/TCP_Client.dir/Users/amrit/Desktop/PICO_REPOS/pico-sdk/src/rp2_common/hardware_flash/flash.c.obj
                0x0000000010006b90                flash_get_unique_id
 *fill*         0x0000000010006bd6        0x2 
 .text.strlen   0x0000000010006bd8       0x5c /usr/local/Cellar/arm-none-eabi-gcc/10.3-2021.07/gcc/bin/../lib/gcc/arm-none-eabi/10.3.1/../../../../arm-none-eabi/lib/thumb/v6-m/nofp/libg.a(lib_a-strlen-stub.o)
                0x0000000010006bd8                strlen
 *(.fini)
 .fini          0x0000000010006c34        0x4 /usr/local/Cellar/arm-none-eabi-gcc/10.3-2021.07/gcc/bin/../lib/gcc/arm-none-eabi/10.3.1/thumb/v6-m/nofp/crti.o
                0x0000000010006c34                _fini
 .fini.__stub   0x0000000010006c38       0x70 linker stubs
 *crtbegin.o(.ctors)
 *crtbegin?.o(.ctors)
 *(EXCLUDE_FILE(*crtend.o *crtend?.o) .ctors)
 *(SORT_BY_NAME(.ctors.*))
 *(.ctors)
 *crtbegin.o(.dtors)
 *crtbegin?.o(.dtors)
 *(EXCLUDE_FILE(*crtend.o *crtend?.o) .dtors)
 *(SORT_BY_NAME(.dtors.*))
 *(.dtors)
 *(.eh_frame*)
 .eh_frame      0x0000000010006ca8        0x0 /usr/local/Cellar/arm-none-eabi-gcc/10.3-2021.07/gcc/bin/../lib/gcc/arm-none-eabi/10.3.1/thumb/v6-m/nofp/crtbegin.o
                0x0000000010006ca8                . = ALIGN (0x4)

.glue_7         0x0000000010006ca8        0x0
 .glue_7        0x0000000010006ca8        0x0 linker stubs

.glue_7t        0x0000000010006ca8        0x0
 .glue_7t       0x0000000010006ca8        0x0 linker stubs

.vfp11_veneer   0x0000000010006ca8        0x0
 .vfp11_veneer  0x0000000010006ca8        0x0 linker stubs

.v4_bx          0x0000000010006ca8        0x0
 .v4_bx         0x0000000010006ca8        0x0 linker stubs

.iplt           0x0000000010006ca8        0x0
 .iplt          0x0000000010006ca8        0x0 /usr/local/Cellar/arm-none-eabi-gcc/10.3-2021.07/gcc/bin/../lib/gcc/arm-none-eabi/10.3.1/thumb/v6-m/nofp/crtbegin.o

.rodata         0x0000000010006ca8     0x17e0
 *(EXCLUDE_FILE(*libm.a: *libc.a:*lib_a-mem*.o *libgcc.a:) .rodata*)
 .rodata.main.str1.4
                0x0000000010006ca8        0xc CMakeFiles/TCP_Client.dir/TCP_Client.c.obj
 .rodata.spin_lock_claim_unused.str1.4
                0x0000000010006cb4       0x1b CMakeFiles/TCP_Client.dir/Users/amrit/Desktop/PICO_REPOS/pico-sdk/src/rp2_common/hardware_sync/sync.c.obj
 *fill*         0x0000000010006ccf        0x1 
 .rodata.make_branch.str1.4
                0x0000000010006cd0       0x7b CMakeFiles/TCP_Client.dir/Users/amrit/Desktop/PICO_REPOS/pico-sdk/src/rp2_common/hardware_irq/irq.c.obj
 *fill*         0x0000000010006d4b        0x1 
 .rodata.insert_branch_and_link.str1.4
                0x0000000010006d4c       0x10 CMakeFiles/TCP_Client.dir/Users/amrit/Desktop/PICO_REPOS/pico-sdk/src/rp2_common/hardware_irq/irq.c.obj
 .rodata.irq_set_exclusive_handler.str1.4
                0x0000000010006d5c       0x36 CMakeFiles/TCP_Client.dir/Users/amrit/Desktop/PICO_REPOS/pico-sdk/src/rp2_common/hardware_irq/irq.c.obj
 *fill*         0x0000000010006d92        0x2 
 .rodata.irq_add_shared_handler.str1.4
                0x0000000010006d94       0xd9 CMakeFiles/TCP_Client.dir/Users/amrit/Desktop/PICO_REPOS/pico-sdk/src/rp2_common/hardware_irq/irq.c.obj
 *fill*         0x0000000010006e6d        0x3 
 .rodata.irq_remove_handler.str1.4
                0x0000000010006e70       0x2a CMakeFiles/TCP_Client.dir/Users/amrit/Desktop/PICO_REPOS/pico-sdk/src/rp2_common/hardware_irq/irq.c.obj
 *fill*         0x0000000010006e9a        0x2 
 .rodata.irq_add_tail_to_free_list.str1.4
                0x0000000010006e9c       0x3a CMakeFiles/TCP_Client.dir/Users/amrit/Desktop/PICO_REPOS/pico-sdk/src/rp2_common/hardware_irq/irq.c.obj
 *fill*         0x0000000010006ed6        0x2 
 .rodata.user_irq_claim_unused.str1.4
                0x0000000010006ed8       0x1b CMakeFiles/TCP_Client.dir/Users/amrit/Desktop/PICO_REPOS/pico-sdk/src/rp2_common/hardware_irq/irq.c.obj
 *fill*         0x0000000010006ef3        0x1 
 .rodata.__func__.0
                0x0000000010006ef4       0x1a CMakeFiles/TCP_Client.dir/Users/amrit/Desktop/PICO_REPOS/pico-sdk/src/rp2_common/hardware_irq/irq.c.obj
 *fill*         0x0000000010006f0e        0x2 
 .rodata.__func__.1
                0x0000000010006f10       0x17 CMakeFiles/TCP_Client.dir/Users/amrit/Desktop/PICO_REPOS/pico-sdk/src/rp2_common/hardware_irq/irq.c.obj
 *fill*         0x0000000010006f27        0x1 
 .rodata.__func__.2
                0x0000000010006f28       0x13 CMakeFiles/TCP_Client.dir/Users/amrit/Desktop/PICO_REPOS/pico-sdk/src/rp2_common/hardware_irq/irq.c.obj
 *fill*         0x0000000010006f3b        0x1 
 .rodata.__func__.3
                0x0000000010006f3c        0xc CMakeFiles/TCP_Client.dir/Users/amrit/Desktop/PICO_REPOS/pico-sdk/src/rp2_common/hardware_irq/irq.c.obj
 .rodata.__func__.4
                0x0000000010006f48        0xf CMakeFiles/TCP_Client.dir/Users/amrit/Desktop/PICO_REPOS/pico-sdk/src/rp2_common/hardware_irq/irq.c.obj
 *fill*         0x0000000010006f57        0x1 
 .rodata.__func__.5
                0x0000000010006f58       0x17 CMakeFiles/TCP_Client.dir/Users/amrit/Desktop/PICO_REPOS/pico-sdk/src/rp2_common/hardware_irq/irq.c.obj
 *fill*         0x0000000010006f6f        0x1 
 .rodata.__func__.6
                0x0000000010006f70       0x1a CMakeFiles/TCP_Client.dir/Users/amrit/Desktop/PICO_REPOS/pico-sdk/src/rp2_common/hardware_irq/irq.c.obj
 *fill*         0x0000000010006f8a        0x2 
 .rodata.repeating_timer_callback.str1.4
                0x0000000010006f8c       0x59 CMakeFiles/TCP_Client.dir/Users/amrit/Desktop/PICO_REPOS/pico-sdk/src/common/pico_time/time.c.obj
 *fill*         0x0000000010006fe5        0x3 
 .rodata.alarm_pool_dump_key.str1.4
                0x0000000010006fe8       0x33 CMakeFiles/TCP_Client.dir/Users/amrit/Desktop/PICO_REPOS/pico-sdk/src/common/pico_time/time.c.obj
 *fill*         0x000000001000701b        0x1 
 .rodata.ph_add_child_node.str1.4
                0x000000001000701c       0xa2 CMakeFiles/TCP_Client.dir/Users/amrit/Desktop/PICO_REPOS/pico-sdk/src/common/pico_time/time.c.obj
 *fill*         0x00000000100070be        0x2 
 .rodata.add_alarm_under_lock.str1.4
                0x00000000100070c0       0x28 CMakeFiles/TCP_Client.dir/Users/amrit/Desktop/PICO_REPOS/pico-sdk/src/common/pico_time/time.c.obj
                                         0x2b (size before relaxing)
 .rodata.alarm_pool_alarm_callback.str1.4
                0x00000000100070e8       0xf2 CMakeFiles/TCP_Client.dir/Users/amrit/Desktop/PICO_REPOS/pico-sdk/src/common/pico_time/time.c.obj
 *fill*         0x00000000100071da        0x2 
 .rodata.alarm_pool_get_default.str1.4
                0x00000000100071dc       0x21 CMakeFiles/TCP_Client.dir/Users/amrit/Desktop/PICO_REPOS/pico-sdk/src/common/pico_time/time.c.obj
 *fill*         0x00000000100071fd        0x3 
 .rodata.alarm_pool_cancel_alarm.str1.4
                0x0000000010007200       0x27 CMakeFiles/TCP_Client.dir/Users/amrit/Desktop/PICO_REPOS/pico-sdk/src/common/pico_time/time.c.obj
 *fill*         0x0000000010007227        0x1 
 .rodata.sleep_until.str1.4
                0x0000000010007228       0x4d CMakeFiles/TCP_Client.dir/Users/amrit/Desktop/PICO_REPOS/pico-sdk/src/common/pico_time/time.c.obj
 *fill*         0x0000000010007275        0x3 
 .rodata.__func__.1
                0x0000000010007278       0x18 CMakeFiles/TCP_Client.dir/Users/amrit/Desktop/PICO_REPOS/pico-sdk/src/common/pico_time/time.c.obj
 .rodata.__func__.10
                0x0000000010007290       0x15 CMakeFiles/TCP_Client.dir/Users/amrit/Desktop/PICO_REPOS/pico-sdk/src/common/pico_time/time.c.obj
 *fill*         0x00000000100072a5        0x3 
 .rodata.__func__.11
                0x00000000100072a8       0x1a CMakeFiles/TCP_Client.dir/Users/amrit/Desktop/PICO_REPOS/pico-sdk/src/common/pico_time/time.c.obj
 *fill*         0x00000000100072c2        0x2 
 .rodata.__func__.12
                0x00000000100072c4        0xa CMakeFiles/TCP_Client.dir/Users/amrit/Desktop/PICO_REPOS/pico-sdk/src/common/pico_time/time.c.obj
 *fill*         0x00000000100072ce        0x2 
 .rodata.__func__.3
                0x00000000100072d0       0x17 CMakeFiles/TCP_Client.dir/Users/amrit/Desktop/PICO_REPOS/pico-sdk/src/common/pico_time/time.c.obj
 *fill*         0x00000000100072e7        0x1 
 .rodata.__func__.4
                0x00000000100072e8       0x12 CMakeFiles/TCP_Client.dir/Users/amrit/Desktop/PICO_REPOS/pico-sdk/src/common/pico_time/time.c.obj
 *fill*         0x00000000100072fa        0x2 
 .rodata.__func__.5
                0x00000000100072fc        0xd CMakeFiles/TCP_Client.dir/Users/amrit/Desktop/PICO_REPOS/pico-sdk/src/common/pico_time/time.c.obj
 *fill*         0x0000000010007309        0x3 
 .rodata.__func__.6
                0x000000001000730c       0x12 CMakeFiles/TCP_Client.dir/Users/amrit/Desktop/PICO_REPOS/pico-sdk/src/common/pico_time/time.c.obj
 *fill*         0x000000001000731e        0x2 
 .rodata.__func__.7
                0x0000000010007320        0xf CMakeFiles/TCP_Client.dir/Users/amrit/Desktop/PICO_REPOS/pico-sdk/src/common/pico_time/time.c.obj
 *fill*         0x000000001000732f        0x1 
 .rodata.__func__.8
                0x0000000010007330        0xc CMakeFiles/TCP_Client.dir/Users/amrit/Desktop/PICO_REPOS/pico-sdk/src/common/pico_time/time.c.obj
 .rodata.__func__.9
                0x000000001000733c       0x15 CMakeFiles/TCP_Client.dir/Users/amrit/Desktop/PICO_REPOS/pico-sdk/src/common/pico_time/time.c.obj
 *fill*         0x0000000010007351        0x3 
 .rodata.hardware_alarm_claim.str1.4
                0x0000000010007354       0x22 CMakeFiles/TCP_Client.dir/Users/amrit/Desktop/PICO_REPOS/pico-sdk/src/rp2_common/hardware_timer/timer.c.obj
 *fill*         0x0000000010007376        0x2 
 .rodata.hardware_alarm_set_target.str1.4
                0x0000000010007378       0x73 CMakeFiles/TCP_Client.dir/Users/amrit/Desktop/PICO_REPOS/pico-sdk/src/rp2_common/hardware_timer/timer.c.obj
 *fill*         0x00000000100073eb        0x1 
 .rodata.__func__.0
                0x00000000100073ec       0x1a CMakeFiles/TCP_Client.dir/Users/amrit/Desktop/PICO_REPOS/pico-sdk/src/rp2_common/hardware_timer/timer.c.obj
 .rodata.ph_add_child_node.str1.4
                0x0000000010007406       0xa2 CMakeFiles/TCP_Client.dir/Users/amrit/Desktop/PICO_REPOS/pico-sdk/src/common/pico_util/pheap.c.obj
 *fill*         0x0000000010007406        0x2 
 .rodata.ph_remove_any_head.str1.4
                0x0000000010007408       0x9c CMakeFiles/TCP_Client.dir/Users/amrit/Desktop/PICO_REPOS/pico-sdk/src/common/pico_util/pheap.c.obj
 .rodata.ph_remove_and_free_node.str1.4
                0x00000000100074a4       0x1e CMakeFiles/TCP_Client.dir/Users/amrit/Desktop/PICO_REPOS/pico-sdk/src/common/pico_util/pheap.c.obj
                                         0x26 (size before relaxing)
 *fill*         0x00000000100074c2        0x2 
 .rodata.__func__.0
                0x00000000100074c4       0x18 CMakeFiles/TCP_Client.dir/Users/amrit/Desktop/PICO_REPOS/pico-sdk/src/common/pico_util/pheap.c.obj
 .rodata.__func__.1
                0x00000000100074dc       0x13 CMakeFiles/TCP_Client.dir/Users/amrit/Desktop/PICO_REPOS/pico-sdk/src/common/pico_util/pheap.c.obj
 *fill*         0x00000000100074ef        0x1 
 .rodata.__func__.2
                0x00000000100074f0       0x12 CMakeFiles/TCP_Client.dir/Users/amrit/Desktop/PICO_REPOS/pico-sdk/src/common/pico_util/pheap.c.obj
 *fill*         0x0000000010007502        0x2 
 .rodata.__func__.3
                0x0000000010007504        0xc CMakeFiles/TCP_Client.dir/Users/amrit/Desktop/PICO_REPOS/pico-sdk/src/common/pico_util/pheap.c.obj
 .rodata.str1.4
                0x0000000010007510       0x99 CMakeFiles/TCP_Client.dir/Users/amrit/Desktop/PICO_REPOS/pico-sdk/src/common/pico_sync/mutex.c.obj
                                        0x109 (size before relaxing)
 *fill*         0x00000000100075a9        0x3 
 .rodata.__func__.1
                0x00000000100075ac        0xb CMakeFiles/TCP_Client.dir/Users/amrit/Desktop/PICO_REPOS/pico-sdk/src/common/pico_sync/mutex.c.obj
 *fill*         0x00000000100075b7        0x1 
 .rodata.__func__.3
                0x00000000100075b8       0x18 CMakeFiles/TCP_Client.dir/Users/amrit/Desktop/PICO_REPOS/pico-sdk/src/common/pico_sync/mutex.c.obj
 .rodata.__func__.4
                0x00000000100075d0       0x15 CMakeFiles/TCP_Client.dir/Users/amrit/Desktop/PICO_REPOS/pico-sdk/src/common/pico_sync/mutex.c.obj
 *fill*         0x00000000100075e5        0x3 
 .rodata.__assert_func.str1.4
                0x00000000100075e8       0x3f CMakeFiles/TCP_Client.dir/Users/amrit/Desktop/PICO_REPOS/pico-sdk/src/rp2_common/pico_runtime/runtime.c.obj
                                         0x43 (size before relaxing)
 *fill*         0x0000000010007627        0x1 
 .rodata.runtime_init.str1.4
                0x0000000010007628       0x6f CMakeFiles/TCP_Client.dir/Users/amrit/Desktop/PICO_REPOS/pico-sdk/src/rp2_common/pico_runtime/runtime.c.obj
 *fill*         0x0000000010007697        0x1 
 .rodata.panic.str1.4
                0x0000000010007698       0x12 CMakeFiles/TCP_Client.dir/Users/amrit/Desktop/PICO_REPOS/pico-sdk/src/rp2_common/pico_runtime/runtime.c.obj
 *fill*         0x00000000100076aa        0x2 
 .rodata.__func__.1
                0x00000000100076ac        0xd CMakeFiles/TCP_Client.dir/Users/amrit/Desktop/PICO_REPOS/pico-sdk/src/rp2_common/pico_runtime/runtime.c.obj
 *fill*         0x00000000100076b9        0x3 
 .rodata.clock_configure.str1.4
                0x00000000100076bc       0x65 CMakeFiles/TCP_Client.dir/Users/amrit/Desktop/PICO_REPOS/pico-sdk/src/rp2_common/hardware_clocks/clocks.c.obj
 *fill*         0x0000000010007721        0x3 
 .rodata.__func__.1
                0x0000000010007724       0x10 CMakeFiles/TCP_Client.dir/Users/amrit/Desktop/PICO_REPOS/pico-sdk/src/rp2_common/hardware_clocks/clocks.c.obj
 .rodata.pll_init.str1.4
                0x0000000010007734      0x147 CMakeFiles/TCP_Client.dir/Users/amrit/Desktop/PICO_REPOS/pico-sdk/src/rp2_common/hardware_pll/pll.c.obj
 *fill*         0x000000001000787b        0x1 
 .rodata.__func__.0
                0x000000001000787c        0x9 CMakeFiles/TCP_Client.dir/Users/amrit/Desktop/PICO_REPOS/pico-sdk/src/rp2_common/hardware_pll/pll.c.obj
 *fill*         0x0000000010007885        0x3 
 .rodata._ftoa.str1.4
                0x0000000010007888       0x15 CMakeFiles/TCP_Client.dir/Users/amrit/Desktop/PICO_REPOS/pico-sdk/src/rp2_common/pico_printf/printf.c.obj
 *fill*         0x000000001000789d        0x3 
 .rodata._vsnprintf
                0x00000000100078a0      0x1e0 CMakeFiles/TCP_Client.dir/Users/amrit/Desktop/PICO_REPOS/pico-sdk/src/rp2_common/pico_printf/printf.c.obj
 .rodata.pow10.0
                0x0000000010007a80       0x50 CMakeFiles/TCP_Client.dir/Users/amrit/Desktop/PICO_REPOS/pico-sdk/src/rp2_common/pico_printf/printf.c.obj
 .rodata.missing_double_func_shim.str1.4
                0x0000000010007ad0       0x18 CMakeFiles/TCP_Client.dir/Users/amrit/Desktop/PICO_REPOS/pico-sdk/src/rp2_common/pico_double/double_init_rom.c.obj
 .rodata.__aeabi_double_init.str1.4
                0x0000000010007ae8       0xb6 CMakeFiles/TCP_Client.dir/Users/amrit/Desktop/PICO_REPOS/pico-sdk/src/rp2_common/pico_double/double_init_rom.c.obj
 *fill*         0x0000000010007b9e        0x2 
 .rodata.__func__.0
                0x0000000010007ba0       0x14 CMakeFiles/TCP_Client.dir/Users/amrit/Desktop/PICO_REPOS/pico-sdk/src/rp2_common/pico_double/double_init_rom.c.obj
 .rodata.missing_float_func_shim.str1.4
                0x0000000010007bb4        0x1 CMakeFiles/TCP_Client.dir/Users/amrit/Desktop/PICO_REPOS/pico-sdk/src/rp2_common/pico_float/float_init_rom.c.obj
 .rodata.__aeabi_float_init.str1.4
                0x0000000010007bb4       0x88 CMakeFiles/TCP_Client.dir/Users/amrit/Desktop/PICO_REPOS/pico-sdk/src/rp2_common/pico_float/float_init_rom.c.obj
 .rodata.__func__.0
                0x0000000010007c3c       0x13 CMakeFiles/TCP_Client.dir/Users/amrit/Desktop/PICO_REPOS/pico-sdk/src/rp2_common/pico_float/float_init_rom.c.obj
 *fill*         0x0000000010007c4f        0x1 
 .rodata.str1.4
                0x0000000010007c50       0x40 CMakeFiles/TCP_Client.dir/Users/amrit/Desktop/PICO_REPOS/pico-sdk/src/rp2_common/pico_standard_link/binary_info.c.obj
 .rodata.__bi_44
                0x0000000010007c90        0xc CMakeFiles/TCP_Client.dir/Users/amrit/Desktop/PICO_REPOS/pico-sdk/src/rp2_common/pico_standard_link/binary_info.c.obj
 .rodata.__bi_75
                0x0000000010007c9c        0xc CMakeFiles/TCP_Client.dir/Users/amrit/Desktop/PICO_REPOS/pico-sdk/src/rp2_common/pico_standard_link/binary_info.c.obj
 .rodata.__bi_81
                0x0000000010007ca8        0xc CMakeFiles/TCP_Client.dir/Users/amrit/Desktop/PICO_REPOS/pico-sdk/src/rp2_common/pico_standard_link/binary_info.c.obj
 .rodata.crlf_str.3
                0x0000000010007cb4        0x2 CMakeFiles/TCP_Client.dir/Users/amrit/Desktop/PICO_REPOS/pico-sdk/src/rp2_common/pico_stdio/stdio.c.obj
 *fill*         0x0000000010007cb6        0x2 
 .rodata._resetd_driver
                0x0000000010007cb8       0x18 CMakeFiles/TCP_Client.dir/Users/amrit/Desktop/PICO_REPOS/pico-sdk/src/rp2_common/pico_stdio_usb/reset_interface.c.obj
 .rodata.timer_task.str1.4
                0x0000000010007cd0       0x7b CMakeFiles/TCP_Client.dir/Users/amrit/Desktop/PICO_REPOS/pico-sdk/src/rp2_common/pico_stdio_usb/stdio_usb.c.obj
 .rodata.stdio_usb_init.str1.4
                0x0000000010007d4b       0x6f CMakeFiles/TCP_Client.dir/Users/amrit/Desktop/PICO_REPOS/pico-sdk/src/rp2_common/pico_stdio_usb/stdio_usb.c.obj
 *fill*         0x0000000010007d4b        0x1 
 .rodata.str1.4
                0x0000000010007d4c       0x13 CMakeFiles/TCP_Client.dir/Users/amrit/Desktop/PICO_REPOS/pico-sdk/src/rp2_common/pico_stdio_usb/stdio_usb.c.obj
 *fill*         0x0000000010007d5f        0x1 
 .rodata.__bi_118.2
                0x0000000010007d60        0xc CMakeFiles/TCP_Client.dir/Users/amrit/Desktop/PICO_REPOS/pico-sdk/src/rp2_common/pico_stdio_usb/stdio_usb.c.obj
 .rodata.__func__.0
                0x0000000010007d6c       0x15 CMakeFiles/TCP_Client.dir/Users/amrit/Desktop/PICO_REPOS/pico-sdk/src/rp2_common/pico_stdio_usb/stdio_usb.c.obj
 *fill*         0x0000000010007d81        0x3 
 .rodata.__func__.1
                0x0000000010007d84        0xb CMakeFiles/TCP_Client.dir/Users/amrit/Desktop/PICO_REPOS/pico-sdk/src/rp2_common/pico_stdio_usb/stdio_usb.c.obj
 *fill*         0x0000000010007d8f        0x1 
 .rodata.str1.4
                0x0000000010007d90       0x2a CMakeFiles/TCP_Client.dir/Users/amrit/Desktop/PICO_REPOS/pico-sdk/src/rp2_common/pico_stdio_usb/stdio_usb_descriptors.c.obj
 *fill*         0x0000000010007dba        0x2 
 .rodata.usbd_desc_cfg
                0x0000000010007dbc       0x54 CMakeFiles/TCP_Client.dir/Users/amrit/Desktop/PICO_REPOS/pico-sdk/src/rp2_common/pico_stdio_usb/stdio_usb_descriptors.c.obj
 .rodata.usbd_desc_device
                0x0000000010007e10       0x12 CMakeFiles/TCP_Client.dir/Users/amrit/Desktop/PICO_REPOS/pico-sdk/src/rp2_common/pico_stdio_usb/stdio_usb_descriptors.c.obj
 *fill*         0x0000000010007e22        0x2 
 .rodata.usbd_desc_str
                0x0000000010007e24       0x18 CMakeFiles/TCP_Client.dir/Users/amrit/Desktop/PICO_REPOS/pico-sdk/src/rp2_common/pico_stdio_usb/stdio_usb_descriptors.c.obj
 .rodata._hw_endpoint_alloc.str1.4
                0x0000000010007e3c       0xc5 CMakeFiles/TCP_Client.dir/Users/amrit/Desktop/PICO_REPOS/pico-sdk/lib/tinyusb/src/portable/raspberrypi/rp2040/dcd_rp2040.c.obj
 *fill*         0x0000000010007f01        0x3 
 .rodata.dcd_rp2040_irq.str1.4
                0x0000000010007f04       0x14 CMakeFiles/TCP_Client.dir/Users/amrit/Desktop/PICO_REPOS/pico-sdk/lib/tinyusb/src/portable/raspberrypi/rp2040/dcd_rp2040.c.obj
 .rodata.dcd_int_enable.str1.4
                0x0000000010007f18        0xc CMakeFiles/TCP_Client.dir/Users/amrit/Desktop/PICO_REPOS/pico-sdk/lib/tinyusb/src/portable/raspberrypi/rp2040/dcd_rp2040.c.obj
 .rodata.__func__.0
                0x0000000010007f24        0xe CMakeFiles/TCP_Client.dir/Users/amrit/Desktop/PICO_REPOS/pico-sdk/lib/tinyusb/src/portable/raspberrypi/rp2040/dcd_rp2040.c.obj
 *fill*         0x0000000010007f32        0x2 
 .rodata.__func__.1
                0x0000000010007f34        0xe CMakeFiles/TCP_Client.dir/Users/amrit/Desktop/PICO_REPOS/pico-sdk/lib/tinyusb/src/portable/raspberrypi/rp2040/dcd_rp2040.c.obj
 *fill*         0x0000000010007f42        0x2 
 .rodata.__func__.3
                0x0000000010007f44       0x10 CMakeFiles/TCP_Client.dir/Users/amrit/Desktop/PICO_REPOS/pico-sdk/lib/tinyusb/src/portable/raspberrypi/rp2040/dcd_rp2040.c.obj
 .rodata.__func__.5
                0x0000000010007f54        0xf CMakeFiles/TCP_Client.dir/Users/amrit/Desktop/PICO_REPOS/pico-sdk/lib/tinyusb/src/portable/raspberrypi/rp2040/dcd_rp2040.c.obj
 *fill*         0x0000000010007f63        0x1 
 .rodata.__func__.6
                0x0000000010007f64       0x13 CMakeFiles/TCP_Client.dir/Users/amrit/Desktop/PICO_REPOS/pico-sdk/lib/tinyusb/src/portable/raspberrypi/rp2040/dcd_rp2040.c.obj
 *fill*         0x0000000010007f77        0x1 
 .rodata.__func__.7
                0x0000000010007f78        0x9 CMakeFiles/TCP_Client.dir/Users/amrit/Desktop/PICO_REPOS/pico-sdk/lib/tinyusb/src/portable/raspberrypi/rp2040/dcd_rp2040.c.obj
 *fill*         0x0000000010007f81        0x3 
 .rodata.sync_ep_buffer.str1.4
                0x0000000010007f84       0xa1 CMakeFiles/TCP_Client.dir/Users/amrit/Desktop/PICO_REPOS/pico-sdk/lib/tinyusb/src/portable/raspberrypi/rp2040/rp2040_usb.c.obj
 *fill*         0x0000000010008025        0x3 
 .rodata._hw_endpoint_buffer_control_update32.str1.4
                0x0000000010008028       0x1f CMakeFiles/TCP_Client.dir/Users/amrit/Desktop/PICO_REPOS/pico-sdk/lib/tinyusb/src/portable/raspberrypi/rp2040/rp2040_usb.c.obj
 *fill*         0x0000000010008047        0x1 
 .rodata.hw_endpoint_xfer_start.str1.4
                0x0000000010008048       0x38 CMakeFiles/TCP_Client.dir/Users/amrit/Desktop/PICO_REPOS/pico-sdk/lib/tinyusb/src/portable/raspberrypi/rp2040/rp2040_usb.c.obj
 .rodata.hw_endpoint_xfer_continue.str1.4
                0x0000000010008080       0x29 CMakeFiles/TCP_Client.dir/Users/amrit/Desktop/PICO_REPOS/pico-sdk/lib/tinyusb/src/portable/raspberrypi/rp2040/rp2040_usb.c.obj
 *fill*         0x00000000100080a9        0x3 
 .rodata.str1.4
                0x00000000100080ac        0x7 CMakeFiles/TCP_Client.dir/Users/amrit/Desktop/PICO_REPOS/pico-sdk/lib/tinyusb/src/portable/raspberrypi/rp2040/rp2040_usb.c.obj
 *fill*         0x00000000100080b3        0x1 
 .rodata.__func__.0
                0x00000000100080b4        0xf CMakeFiles/TCP_Client.dir/Users/amrit/Desktop/PICO_REPOS/pico-sdk/lib/tinyusb/src/portable/raspberrypi/rp2040/rp2040_usb.c.obj
 *fill*         0x00000000100080c3        0x1 
 .rodata.process_set_config.str1.4
                0x00000000100080c4       0x17 CMakeFiles/TCP_Client.dir/Users/amrit/Desktop/PICO_REPOS/pico-sdk/lib/tinyusb/src/device/usbd.c.obj
 *fill*         0x00000000100080db        0x1 
 .rodata.process_get_descriptor
                0x00000000100080dc       0x40 CMakeFiles/TCP_Client.dir/Users/amrit/Desktop/PICO_REPOS/pico-sdk/lib/tinyusb/src/device/usbd.c.obj
 .rodata.process_control_request
                0x000000001000811c       0x28 CMakeFiles/TCP_Client.dir/Users/amrit/Desktop/PICO_REPOS/pico-sdk/lib/tinyusb/src/device/usbd.c.obj
 .rodata.tud_task
                0x0000000010008144       0x24 CMakeFiles/TCP_Client.dir/Users/amrit/Desktop/PICO_REPOS/pico-sdk/lib/tinyusb/src/device/usbd.c.obj
 .rodata.__func__.2
                0x0000000010008168        0xf CMakeFiles/TCP_Client.dir/Users/amrit/Desktop/PICO_REPOS/pico-sdk/lib/tinyusb/src/device/usbd.c.obj
 *fill*         0x0000000010008177        0x1 
 .rodata.__func__.3
                0x0000000010008178        0xf CMakeFiles/TCP_Client.dir/Users/amrit/Desktop/PICO_REPOS/pico-sdk/lib/tinyusb/src/device/usbd.c.obj
 *fill*         0x0000000010008187        0x1 
 .rodata.__func__.4
                0x0000000010008188       0x14 CMakeFiles/TCP_Client.dir/Users/amrit/Desktop/PICO_REPOS/pico-sdk/lib/tinyusb/src/device/usbd.c.obj
 .rodata.__func__.5
                0x000000001000819c       0x10 CMakeFiles/TCP_Client.dir/Users/amrit/Desktop/PICO_REPOS/pico-sdk/lib/tinyusb/src/device/usbd.c.obj
 .rodata.__func__.6
                0x00000000100081ac       0x17 CMakeFiles/TCP_Client.dir/Users/amrit/Desktop/PICO_REPOS/pico-sdk/lib/tinyusb/src/device/usbd.c.obj
 *fill*         0x00000000100081c3        0x1 
 .rodata.__func__.7
                0x00000000100081c4       0x13 CMakeFiles/TCP_Client.dir/Users/amrit/Desktop/PICO_REPOS/pico-sdk/lib/tinyusb/src/device/usbd.c.obj
 *fill*         0x00000000100081d7        0x1 
 .rodata.__func__.8
                0x00000000100081d8       0x18 CMakeFiles/TCP_Client.dir/Users/amrit/Desktop/PICO_REPOS/pico-sdk/lib/tinyusb/src/device/usbd.c.obj
 .rodata.__func__.9
                0x00000000100081f0        0x9 CMakeFiles/TCP_Client.dir/Users/amrit/Desktop/PICO_REPOS/pico-sdk/lib/tinyusb/src/device/usbd.c.obj
 *fill*         0x00000000100081f9        0x3 
 .rodata._usbd_driver
                0x00000000100081fc       0x18 CMakeFiles/TCP_Client.dir/Users/amrit/Desktop/PICO_REPOS/pico-sdk/lib/tinyusb/src/device/usbd.c.obj
 .rodata.tud_control_xfer.str1.4
                0x0000000010008214       0x17 CMakeFiles/TCP_Client.dir/Users/amrit/Desktop/PICO_REPOS/pico-sdk/lib/tinyusb/src/device/usbd_control.c.obj
 .rodata.__func__.0
                0x0000000010008214       0x15 CMakeFiles/TCP_Client.dir/Users/amrit/Desktop/PICO_REPOS/pico-sdk/lib/tinyusb/src/device/usbd_control.c.obj
 *fill*         0x0000000010008229        0x3 
 .rodata.__func__.1
                0x000000001000822c       0x11 CMakeFiles/TCP_Client.dir/Users/amrit/Desktop/PICO_REPOS/pico-sdk/lib/tinyusb/src/device/usbd_control.c.obj
 .rodata.tud_cdc_n_write_flush.str1.4
                0x000000001000823d       0x17 CMakeFiles/TCP_Client.dir/Users/amrit/Desktop/PICO_REPOS/pico-sdk/lib/tinyusb/src/class/cdc/cdc_device.c.obj
 *fill*         0x000000001000823d        0x3 
 .rodata.__func__.0
                0x0000000010008240        0xd CMakeFiles/TCP_Client.dir/Users/amrit/Desktop/PICO_REPOS/pico-sdk/lib/tinyusb/src/class/cdc/cdc_device.c.obj
 *fill*         0x000000001000824d        0x3 
 .rodata.__func__.1
                0x0000000010008250        0xa CMakeFiles/TCP_Client.dir/Users/amrit/Desktop/PICO_REPOS/pico-sdk/lib/tinyusb/src/class/cdc/cdc_device.c.obj
 *fill*         0x000000001000825a        0x2 
 .rodata.__func__.2
                0x000000001000825c       0x16 CMakeFiles/TCP_Client.dir/Users/amrit/Desktop/PICO_REPOS/pico-sdk/lib/tinyusb/src/class/cdc/cdc_device.c.obj
 .rodata.tusb_init.str1.4
                0x0000000010008272       0x17 CMakeFiles/TCP_Client.dir/Users/amrit/Desktop/PICO_REPOS/pico-sdk/lib/tinyusb/src/tusb.c.obj
 *fill*         0x0000000010008272        0x2 
 .rodata.__func__.0
                0x0000000010008274       0x11 CMakeFiles/TCP_Client.dir/Users/amrit/Desktop/PICO_REPOS/pico-sdk/lib/tinyusb/src/tusb.c.obj
 *fill*         0x0000000010008285        0x3 
 .rodata.__func__.1
                0x0000000010008288        0xa CMakeFiles/TCP_Client.dir/Users/amrit/Desktop/PICO_REPOS/pico-sdk/lib/tinyusb/src/tusb.c.obj
 *fill*         0x0000000010008292        0x2 
 .rodata.pico_get_unique_board_id_string.str1.4
                0x0000000010008294       0x5b CMakeFiles/TCP_Client.dir/Users/amrit/Desktop/PICO_REPOS/pico-sdk/src/rp2_common/pico_unique_id/unique_id.c.obj
 *fill*         0x00000000100082ef        0x1 
 .rodata.__func__.0
                0x00000000100082f0       0x20 CMakeFiles/TCP_Client.dir/Users/amrit/Desktop/PICO_REPOS/pico-sdk/src/rp2_common/pico_unique_id/unique_id.c.obj
 .rodata.str1.4
                0x0000000010008310      0x166 CMakeFiles/TCP_Client.dir/Users/amrit/Desktop/PICO_REPOS/pico-sdk/src/rp2_common/hardware_flash/flash.c.obj
 *fill*         0x0000000010008476        0x2 
 .rodata.__func__.0
                0x0000000010008478        0xd CMakeFiles/TCP_Client.dir/Users/amrit/Desktop/PICO_REPOS/pico-sdk/src/rp2_common/hardware_flash/flash.c.obj
                0x0000000010008488                . = ALIGN (0x4)
 *fill*         0x0000000010008485        0x3 
 *(SORT_BY_ALIGNMENT(SORT_BY_NAME(.flashdata*)))
                0x0000000010008488                . = ALIGN (0x4)

.rel.dyn        0x0000000010008488        0x0
 .rel.iplt      0x0000000010008488        0x0 /usr/local/Cellar/arm-none-eabi-gcc/10.3-2021.07/gcc/bin/../lib/gcc/arm-none-eabi/10.3.1/thumb/v6-m/nofp/crtbegin.o

.ARM.extab
 *(.ARM.extab* .gnu.linkonce.armextab.*)
                0x0000000010008488                __exidx_start = .

.ARM.exidx
 *(.ARM.exidx* .gnu.linkonce.armexidx.*)
                0x0000000010008488                __exidx_end = .
                0x0000000010008488                . = ALIGN (0x4)
                0x0000000010008488                __binary_info_start = .

.binary_info    0x0000000010008488       0x20
 *(.binary_info.keep.*)
 .binary_info.keep.__bi_ptr22
                0x0000000010008488        0x4 CMakeFiles/TCP_Client.dir/Users/amrit/Desktop/PICO_REPOS/pico-sdk/src/rp2_common/pico_standard_link/binary_info.c.obj
 .binary_info.keep.__bi_ptr30
                0x000000001000848c        0x4 CMakeFiles/TCP_Client.dir/Users/amrit/Desktop/PICO_REPOS/pico-sdk/src/rp2_common/pico_standard_link/binary_info.c.obj
 .binary_info.keep.__bi_ptr38
                0x0000000010008490        0x4 CMakeFiles/TCP_Client.dir/Users/amrit/Desktop/PICO_REPOS/pico-sdk/src/rp2_common/pico_standard_link/binary_info.c.obj
 .binary_info.keep.__bi_ptr44
                0x0000000010008494        0x4 CMakeFiles/TCP_Client.dir/Users/amrit/Desktop/PICO_REPOS/pico-sdk/src/rp2_common/pico_standard_link/binary_info.c.obj
 .binary_info.keep.__bi_ptr50
                0x0000000010008498        0x4 CMakeFiles/TCP_Client.dir/Users/amrit/Desktop/PICO_REPOS/pico-sdk/src/rp2_common/pico_standard_link/binary_info.c.obj
 .binary_info.keep.__bi_ptr75
                0x000000001000849c        0x4 CMakeFiles/TCP_Client.dir/Users/amrit/Desktop/PICO_REPOS/pico-sdk/src/rp2_common/pico_standard_link/binary_info.c.obj
 .binary_info.keep.__bi_ptr81
                0x00000000100084a0        0x4 CMakeFiles/TCP_Client.dir/Users/amrit/Desktop/PICO_REPOS/pico-sdk/src/rp2_common/pico_standard_link/binary_info.c.obj
 *(.binary_info.*)
 .binary_info.__bi_ptr118
                0x00000000100084a4        0x4 CMakeFiles/TCP_Client.dir/Users/amrit/Desktop/PICO_REPOS/pico-sdk/src/rp2_common/pico_stdio_usb/stdio_usb.c.obj
                0x00000000100084a8                __binary_info_end = .
                0x00000000100084a8                . = ALIGN (0x4)
                0x00000000100084a8                __etext = .

.ram_vector_table
                0x0000000020000000       0xc0
 *(.ram_vector_table)
 .ram_vector_table
                0x0000000020000000       0xc0 CMakeFiles/TCP_Client.dir/Users/amrit/Desktop/PICO_REPOS/pico-sdk/src/rp2_common/pico_runtime/runtime.c.obj
                0x0000000020000000                ram_vector_table

.data           0x00000000200000c0      0x460 load address 0x00000000100084a8
                0x00000000200000c0                __data_start__ = .
 *(vtable)
 *(.time_critical*)
 .time_critical.mutex_enter_blocking
                0x00000000200000c0       0x48 CMakeFiles/TCP_Client.dir/Users/amrit/Desktop/PICO_REPOS/pico-sdk/src/common/pico_sync/mutex.c.obj
                0x00000000200000c0                mutex_enter_blocking
 .time_critical.mutex_try_enter
                0x0000000020000108       0x46 CMakeFiles/TCP_Client.dir/Users/amrit/Desktop/PICO_REPOS/pico-sdk/src/common/pico_sync/mutex.c.obj
                0x0000000020000108                mutex_try_enter
 *fill*         0x000000002000014e        0x2 
 .time_critical.mutex_enter_block_until
                0x0000000020000150       0x8c CMakeFiles/TCP_Client.dir/Users/amrit/Desktop/PICO_REPOS/pico-sdk/src/common/pico_sync/mutex.c.obj
                0x0000000020000150                mutex_enter_block_until
 .time_critical.mutex_enter_timeout_ms
                0x00000000200001dc       0x74 CMakeFiles/TCP_Client.dir/Users/amrit/Desktop/PICO_REPOS/pico-sdk/src/common/pico_sync/mutex.c.obj
                0x00000000200001dc                mutex_enter_timeout_ms
 .time_critical.mutex_exit
                0x0000000020000250       0x4c CMakeFiles/TCP_Client.dir/Users/amrit/Desktop/PICO_REPOS/pico-sdk/src/common/pico_sync/mutex.c.obj
                0x0000000020000250                mutex_exit
 .time_critical.flash_init_boot2_copyout
                0x000000002000029c       0x30 CMakeFiles/TCP_Client.dir/Users/amrit/Desktop/PICO_REPOS/pico-sdk/src/rp2_common/hardware_flash/flash.c.obj
 .time_critical.flash_enable_xip_via_boot2
                0x00000000200002cc       0x10 CMakeFiles/TCP_Client.dir/Users/amrit/Desktop/PICO_REPOS/pico-sdk/src/rp2_common/hardware_flash/flash.c.obj
 .time_critical.flash_cs_force
                0x00000000200002dc       0x28 CMakeFiles/TCP_Client.dir/Users/amrit/Desktop/PICO_REPOS/pico-sdk/src/rp2_common/hardware_flash/flash.c.obj
 .time_critical.flash_do_cmd