Archive member included to satisfy reference by file (symbol)

/usr/local/Cellar/arm-none-eabi-gcc/10.3-2021.07/gcc/bin/../lib/gcc/arm-none-eabi/10.3.1/thumb/v6-m/nofp/libgcc.a(_dvmd_tls.o)
                              CMakeFiles/TCP_Client.dir/Users/amrit/Desktop/PICO_REPOS/pico-sdk/src/rp2_common/pico_divider/divider.S.obj (__aeabi_idiv0)
/usr/local/Cellar/arm-none-eabi-gcc/10.3-2021.07/gcc/bin/../lib/gcc/arm-none-eabi/10.3.1/../../../../arm-none-eabi/lib/thumb/v6-m/nofp/libg.a(lib_a-atoi.o)
                              CMakeFiles/TCP_Client.dir/Users/amrit/Desktop/PICO_REPOS/pico-sdk/lib/lwip/src/core/netif.c.obj (atoi)
/usr/local/Cellar/arm-none-eabi-gcc/10.3-2021.07/gcc/bin/../lib/gcc/arm-none-eabi/10.3.1/../../../../arm-none-eabi/lib/thumb/v6-m/nofp/libg.a(lib_a-calloc.o)
                              CMakeFiles/TCP_Client.dir/Users/amrit/Desktop/PICO_REPOS/pico-sdk/src/rp2_common/pico_malloc/pico_malloc.c.obj (calloc)
/usr/local/Cellar/arm-none-eabi-gcc/10.3-2021.07/gcc/bin/../lib/gcc/arm-none-eabi/10.3.1/../../../../arm-none-eabi/lib/thumb/v6-m/nofp/libg.a(lib_a-callocr.o)
                              /usr/local/Cellar/arm-none-eabi-gcc/10.3-2021.07/gcc/bin/../lib/gcc/arm-none-eabi/10.3.1/../../../../arm-none-eabi/lib/thumb/v6-m/nofp/libg.a(lib_a-calloc.o) (_calloc_r)
/usr/local/Cellar/arm-none-eabi-gcc/10.3-2021.07/gcc/bin/../lib/gcc/arm-none-eabi/10.3.1/../../../../arm-none-eabi/lib/thumb/v6-m/nofp/libg.a(lib_a-ctype_.o)
                              CMakeFiles/TCP_Client.dir/Users/amrit/Desktop/PICO_REPOS/pico-sdk/lib/tinyusb/src/tusb.c.obj (_ctype_)
/usr/local/Cellar/arm-none-eabi-gcc/10.3-2021.07/gcc/bin/../lib/gcc/arm-none-eabi/10.3.1/../../../../arm-none-eabi/lib/thumb/v6-m/nofp/libg.a(lib_a-errno.o)
                              /usr/local/Cellar/arm-none-eabi-gcc/10.3-2021.07/gcc/bin/../lib/gcc/arm-none-eabi/10.3.1/../../../../arm-none-eabi/lib/thumb/v6-m/nofp/libg.a(lib_a-callocr.o) (__errno)
/usr/local/Cellar/arm-none-eabi-gcc/10.3-2021.07/gcc/bin/../lib/gcc/arm-none-eabi/10.3.1/../../../../arm-none-eabi/lib/thumb/v6-m/nofp/libg.a(lib_a-impure.o)
                              /usr/local/Cellar/arm-none-eabi-gcc/10.3-2021.07/gcc/bin/../lib/gcc/arm-none-eabi/10.3.1/../../../../arm-none-eabi/lib/thumb/v6-m/nofp/libg.a(lib_a-calloc.o) (_impure_ptr)
/usr/local/Cellar/arm-none-eabi-gcc/10.3-2021.07/gcc/bin/../lib/gcc/arm-none-eabi/10.3.1/../../../../arm-none-eabi/lib/thumb/v6-m/nofp/libg.a(lib_a-init.o)
                              /usr/local/Cellar/arm-none-eabi-gcc/10.3-2021.07/gcc/bin/../lib/gcc/arm-none-eabi/10.3.1/../../../../arm-none-eabi/lib/thumb/v6-m/nofp/crt0.o (__libc_init_array)
/usr/local/Cellar/arm-none-eabi-gcc/10.3-2021.07/gcc/bin/../lib/gcc/arm-none-eabi/10.3.1/../../../../arm-none-eabi/lib/thumb/v6-m/nofp/libg.a(lib_a-malloc.o)
                              CMakeFiles/TCP_Client.dir/Users/amrit/Desktop/PICO_REPOS/pico-sdk/src/rp2_common/pico_malloc/pico_malloc.c.obj (malloc)
/usr/local/Cellar/arm-none-eabi-gcc/10.3-2021.07/gcc/bin/../lib/gcc/arm-none-eabi/10.3.1/../../../../arm-none-eabi/lib/thumb/v6-m/nofp/libg.a(lib_a-mallocr.o)
                              /usr/local/Cellar/arm-none-eabi-gcc/10.3-2021.07/gcc/bin/../lib/gcc/arm-none-eabi/10.3.1/../../../../arm-none-eabi/lib/thumb/v6-m/nofp/libg.a(lib_a-callocr.o) (_malloc_r)
/usr/local/Cellar/arm-none-eabi-gcc/10.3-2021.07/gcc/bin/../lib/gcc/arm-none-eabi/10.3.1/../../../../arm-none-eabi/lib/thumb/v6-m/nofp/libg.a(lib_a-memcmp.o)
                              CMakeFiles/TCP_Client.dir/Users/amrit/Desktop/PICO_REPOS/pico-sdk/lib/cyw43-driver/src/cyw43_ll.c.obj (memcmp)
/usr/local/Cellar/arm-none-eabi-gcc/10.3-2021.07/gcc/bin/../lib/gcc/arm-none-eabi/10.3.1/../../../../arm-none-eabi/lib/thumb/v6-m/nofp/libg.a(lib_a-memmove.o)
                              CMakeFiles/TCP_Client.dir/Users/amrit/Desktop/PICO_REPOS/pico-sdk/lib/cyw43-driver/src/cyw43_ll.c.obj (memmove)
/usr/local/Cellar/arm-none-eabi-gcc/10.3-2021.07/gcc/bin/../lib/gcc/arm-none-eabi/10.3.1/../../../../arm-none-eabi/lib/thumb/v6-m/nofp/libg.a(lib_a-mlock.o)
                              /usr/local/Cellar/arm-none-eabi-gcc/10.3-2021.07/gcc/bin/../lib/gcc/arm-none-eabi/10.3.1/../../../../arm-none-eabi/lib/thumb/v6-m/nofp/libg.a(lib_a-mallocr.o) (__malloc_lock)
/usr/local/Cellar/arm-none-eabi-gcc/10.3-2021.07/gcc/bin/../lib/gcc/arm-none-eabi/10.3.1/../../../../arm-none-eabi/lib/thumb/v6-m/nofp/libg.a(lib_a-realloc.o)
                              CMakeFiles/TCP_Client.dir/Users/amrit/Desktop/PICO_REPOS/pico-sdk/src/rp2_common/pico_malloc/pico_malloc.c.obj (realloc)
/usr/local/Cellar/arm-none-eabi-gcc/10.3-2021.07/gcc/bin/../lib/gcc/arm-none-eabi/10.3.1/../../../../arm-none-eabi/lib/thumb/v6-m/nofp/libg.a(lib_a-reallocr.o)
                              /usr/local/Cellar/arm-none-eabi-gcc/10.3-2021.07/gcc/bin/../lib/gcc/arm-none-eabi/10.3.1/../../../../arm-none-eabi/lib/thumb/v6-m/nofp/libg.a(lib_a-realloc.o) (_realloc_r)
[...]
Memory Configuration

Name             Origin             Length             Attributes
FLASH            0x0000000010000000 0x0000000000200000 xr
RAM              0x0000000020000000 0x0000000000040000 xrw
SCRATCH_X        0x0000000020040000 0x0000000000001000 xrw
SCRATCH_Y        0x0000000020041000 0x0000000000001000 xrw
*default*        0x0000000000000000 0xffffffffffffffff

Linker script and memory map

LOAD /usr/local/Cellar/arm-none-eabi-gcc/10.3-2021.07/gcc/bin/../lib/gcc/arm-none-eabi/10.3.1/thumb/v6-m/nofp/crti.o
LOAD /usr/local/Cellar/arm-none-eabi-gcc/10.3-2021.07/gcc/bin/../lib/gcc/arm-none-eabi/10.3.1/thumb/v6-m/nofp/crtbegin.o
LOAD /usr/local/Cellar/arm-none-eabi-gcc/10.3-2021.07/gcc/bin/../lib/gcc/arm-none-eabi/10.3.1/../../../../arm-none-eabi/lib/thumb/v6-m/nofp/crt0.o

.flash_begin    0x0000000010000000        0x0
                0x0000000010000000                __flash_binary_start = .

.boot2          0x0000000010000000      0x100
                0x0000000010000000                __boot2_start__ = .
 *(.boot2)
 .boot2         0x0000000010000000      0x100 /var/folders/xd/1bjs_5vd4_j3rps6xmtdbg7h0000gn/T//cck6Vxul.o
                0x0000000010000100                __boot2_end__ = .
                0x0000000000000001                ASSERT (((__boot2_end__ - __boot2_start__) == 0x100), ERROR: Pico second stage bootloader must be 256 bytes in size)

.text           0x0000000010000100     0xb960
                0x0000000010000100                __logical_binary_start = .
 *(.vectors)
 .vectors       0x0000000010000100       0xd4 CMakeFiles/TCP_Client.dir/Users/amrit/Desktop/PICO_REPOS/pico-sdk/src/rp2_common/pico_standard_link/crt0.S.obj
                0x0000000010000100                __VECTOR_TABLE
                0x0000000010000100                __vectors
                0x00000000100001c0                __default_isrs_start
                0x00000000100001c0                isr_invalid
                0x00000000100001c2                isr_nmi
                0x00000000100001c4                isr_hardfault
                0x00000000100001c6                isr_svcall
                0x00000000100001c8                isr_pendsv
                0x00000000100001ca                isr_systick
                0x00000000100001cc                isr_irq28
                0x00000000100001cc                isr_irq19
                0x00000000100001cc                isr_irq0
                0x00000000100001cc                isr_irq6
                0x00000000100001cc                isr_irq22
                0x00000000100001cc                isr_irq17
                0x00000000100001cc                isr_irq14
                0x00000000100001cc                isr_irq2
                0x00000000100001cc                isr_irq10
                0x00000000100001cc                isr_irq8
                0x00000000100001cc                isr_irq24
                0x00000000100001cc                isr_irq1
                0x00000000100001cc                isr_irq7
                0x00000000100001cc                isr_irq21
                0x00000000100001cc                isr_irq20
                0x00000000100001cc                isr_irq15
                0x00000000100001cc                isr_irq25
                0x00000000100001cc                isr_irq4
                0x00000000100001cc                isr_irq16
                0x00000000100001cc                isr_irq29
                0x00000000100001cc                isr_irq26
                0x00000000100001cc                __default_isrs_end
                0x00000000100001cc                isr_irq3
                0x00000000100001cc                isr_irq9
                0x00000000100001cc                __unhandled_user_irq
                0x00000000100001cc                isr_irq13
                0x00000000100001cc                isr_irq27
                0x00000000100001cc                isr_irq31
                0x00000000100001cc                isr_irq5
                0x00000000100001cc                isr_irq11
                0x00000000100001cc                isr_irq23
                0x00000000100001cc                isr_irq18
                0x00000000100001cc                isr_irq30
                0x00000000100001cc                isr_irq12
                0x00000000100001d2                unhandled_user_irq_num_in_r0
 *(.binary_info_header)
 .binary_info_header
                0x00000000100001d4       0x14 CMakeFiles/TCP_Client.dir/Users/amrit/Desktop/PICO_REPOS/pico-sdk/src/rp2_common/pico_standard_link/crt0.S.obj
                0x00000000100001e8                __binary_info_header_end = .
 *(.reset)
 .reset         0x00000000100001e8       0xa8 CMakeFiles/TCP_Client.dir/Users/amrit/Desktop/PICO_REPOS/pico-sdk/src/rp2_common/pico_standard_link/crt0.S.obj
                0x00000000100001e8                _entry_point
                0x0000000010000266                __get_current_exception
 .reset         0x0000000010000290       0x30 CMakeFiles/TCP_Client.dir/Users/amrit/Desktop/PICO_REPOS/pico-sdk/src/rp2_common/pico_standard_link/binary_info.c.obj
 *(.init)
 .init          0x00000000100002c0        0x4 /usr/local/Cellar/arm-none-eabi-gcc/10.3-2021.07/gcc/bin/../lib/gcc/arm-none-eabi/10.3.1/thumb/v6-m/nofp/crti.o
                0x00000000100002c0                _init
 *(EXCLUDE_FILE(*libm.a: *libc.a:*lib_a-mem*.o *libgcc.a:) .text*)
 .text          0x00000000100002c4       0x48 /usr/local/Cellar/arm-none-eabi-gcc/10.3-2021.07/gcc/bin/../lib/gcc/arm-none-eabi/10.3.1/thumb/v6-m/nofp/crtbegin.o
 .text.main     0x000000001000030c       0x30 CMakeFiles/TCP_Client.dir/TCP_Client.c.obj
                0x000000001000030c                main
 .text.low_prio_irq_schedule_dispatch
                0x000000001000033c       0x68 CMakeFiles/TCP_Client.dir/Users/amrit/Desktop/PICO_REPOS/pico-sdk/src/rp2_common/pico_cyw43_arch/cyw43_arch_threadsafe_background.c.obj
 .text.gpio_irq_handler
                0x00000000100003a4       0x58 CMakeFiles/TCP_Client.dir/Users/amrit/Desktop/PICO_REPOS/pico-sdk/src/rp2_common/pico_cyw43_arch/cyw43_arch_threadsafe_background.c.obj
 .text.periodic_alarm_handler
                0x00000000100003fc       0x18 CMakeFiles/TCP_Client.dir/Users/amrit/Desktop/PICO_REPOS/pico-sdk/src/rp2_common/pico_cyw43_arch/cyw43_arch_threadsafe_background.c.obj
 .text.periodic_worker
                0x0000000010000414       0x34 CMakeFiles/TCP_Client.dir/Users/amrit/Desktop/PICO_REPOS/pico-sdk/src/rp2_common/pico_cyw43_arch/cyw43_arch_threadsafe_background.c.obj
 .text.low_prio_irq_init
                0x0000000010000448       0x64 CMakeFiles/TCP_Client.dir/Users/amrit/Desktop/PICO_REPOS/pico-sdk/src/rp2_common/pico_cyw43_arch/cyw43_arch_threadsafe_background.c.obj
 .text.low_priority_irq_handler
                0x00000000100004ac       0x9c CMakeFiles/TCP_Client.dir/Users/amrit/Desktop/PICO_REPOS/pico-sdk/src/rp2_common/pico_cyw43_arch/cyw43_arch_threadsafe_background.c.obj
 .text.low_prio_irq_deinit
                0x0000000010000548       0x30 CMakeFiles/TCP_Client.dir/Users/amrit/Desktop/PICO_REPOS/pico-sdk/src/rp2_common/pico_cyw43_arch/cyw43_arch_threadsafe_background.c.obj
 .text.cyw43_arch_deinit
                0x0000000010000578       0x40 CMakeFiles/TCP_Client.dir/Users/amrit/Desktop/PICO_REPOS/pico-sdk/src/rp2_common/pico_cyw43_arch/cyw43_arch_threadsafe_background.c.obj
                0x0000000010000578                cyw43_arch_deinit
 .text.cyw43_arch_init
                0x00000000100005b8       0xf0 CMakeFiles/TCP_Client.dir/Users/amrit/Desktop/PICO_REPOS/pico-sdk/src/rp2_common/pico_cyw43_arch/cyw43_arch_threadsafe_background.c.obj
                0x00000000100005b8                cyw43_arch_init
 .text._retrieve_unique_id_on_boot
                0x00000000100006a8       0x10 CMakeFiles/TCP_Client.dir/Users/amrit/Desktop/PICO_REPOS/pico-sdk/src/rp2_common/pico_unique_id/unique_id.c.obj
 .text.pico_get_unique_board_id_string
                0x00000000100006b8       0x60 CMakeFiles/TCP_Client.dir/Users/amrit/Desktop/PICO_REPOS/pico-sdk/src/rp2_common/pico_unique_id/unique_id.c.obj
                0x00000000100006b8                pico_get_unique_board_id_string
 .text.flash_get_unique_id
                0x0000000010000718       0x46 CMakeFiles/TCP_Client.dir/Users/amrit/Desktop/PICO_REPOS/pico-sdk/src/rp2_common/hardware_flash/flash.c.obj
                0x0000000010000718                flash_get_unique_id
 *fill*         0x000000001000075e        0x2 
 .text.hw_claim_lock
                0x0000000010000760       0x18 CMakeFiles/TCP_Client.dir/Users/amrit/Desktop/PICO_REPOS/pico-sdk/src/rp2_common/hardware_claim/claim.c.obj
                0x0000000010000760                hw_claim_lock
 .text.hw_claim_unlock
                0x0000000010000778       0x14 CMakeFiles/TCP_Client.dir/Users/amrit/Desktop/PICO_REPOS/pico-sdk/src/rp2_common/hardware_claim/claim.c.obj
                0x0000000010000778                hw_claim_unlock
 .text.hw_claim_or_assert
                0x000000001000078c       0x32 CMakeFiles/TCP_Client.dir/Users/amrit/Desktop/PICO_REPOS/pico-sdk/src/rp2_common/hardware_claim/claim.c.obj
                0x000000001000078c                hw_claim_or_assert
 .text.hw_claim_unused_from_range
                0x00000000100007be       0x50 CMakeFiles/TCP_Client.dir/Users/amrit/Desktop/PICO_REPOS/pico-sdk/src/rp2_common/hardware_claim/claim.c.obj
                0x00000000100007be                hw_claim_unused_from_range
 *fill*         0x000000001000080e        0x2 
 .text.hw_claim_clear
                0x0000000010000810       0x40 CMakeFiles/TCP_Client.dir/Users/amrit/Desktop/PICO_REPOS/pico-sdk/src/rp2_common/hardware_claim/claim.c.obj
                0x0000000010000810                hw_claim_clear
 .text.running_on_fpga
                0x0000000010000850       0x14 CMakeFiles/TCP_Client.dir/Users/amrit/Desktop/PICO_REPOS/pico-sdk/src/rp2_common/pico_platform/platform.c.obj
                0x0000000010000850                running_on_fpga
 .text.spin_locks_reset
                0x0000000010000864       0x20 CMakeFiles/TCP_Client.dir/Users/amrit/Desktop/PICO_REPOS/pico-sdk/src/rp2_common/hardware_sync/sync.c.obj
                0x0000000010000864                spin_locks_reset
 .text.next_striped_spin_lock_num
                0x0000000010000884       0x1c CMakeFiles/TCP_Client.dir/Users/amrit/Desktop/PICO_REPOS/pico-sdk/src/rp2_common/hardware_sync/sync.c.obj
                0x0000000010000884                next_striped_spin_lock_num
 .text.spin_lock_claim_unused
                0x00000000100008a0       0x20 CMakeFiles/TCP_Client.dir/Users/amrit/Desktop/PICO_REPOS/pico-sdk/src/rp2_common/hardware_sync/sync.c.obj
                0x00000000100008a0                spin_lock_claim_unused
 .text.rom_func_lookup
                0x00000000100008c0       0x10 CMakeFiles/TCP_Client.dir/Users/amrit/Desktop/PICO_REPOS/pico-sdk/src/rp2_common/pico_bootrom/bootrom.c.obj
                0x00000000100008c0                rom_func_lookup
 .text.rom_data_lookup
                0x00000000100008d0       0x10 CMakeFiles/TCP_Client.dir/Users/amrit/Desktop/PICO_REPOS/pico-sdk/src/rp2_common/pico_bootrom/bootrom.c.obj
                0x00000000100008d0                rom_data_lookup
 .text.rom_funcs_lookup
                0x00000000100008e0       0x36 CMakeFiles/TCP_Client.dir/Users/amrit/Desktop/PICO_REPOS/pico-sdk/src/rp2_common/pico_bootrom/bootrom.c.obj
                0x00000000100008e0                rom_funcs_lookup
 .text.cyw43_ll_init
                0x0000000010000916       0x1e CMakeFiles/TCP_Client.dir/Users/amrit/Desktop/PICO_REPOS/pico-sdk/lib/cyw43-driver/src/cyw43_ll.c.obj
                0x0000000010000916                cyw43_ll_init
 .text.cyw43_init
                0x0000000010000934       0x8c CMakeFiles/TCP_Client.dir/Users/amrit/Desktop/PICO_REPOS/pico-sdk/lib/cyw43-driver/src/cyw43_ctrl.c.obj
                0x0000000010000934                cyw43_init
 .text.gpio_set_pulls
                0x00000000100009c0       0x34 CMakeFiles/TCP_Client.dir/Users/amrit/Desktop/PICO_REPOS/pico-sdk/src/rp2_common/hardware_gpio/gpio.c.obj
                0x00000000100009c0                gpio_set_pulls
 .text.gpio_add_raw_irq_handler_with_order_priority_masked
                0x00000000100009f4       0x40 CMakeFiles/TCP_Client.dir/Users/amrit/Desktop/PICO_REPOS/pico-sdk/src/rp2_common/hardware_gpio/gpio.c.obj
                0x00000000100009f4                gpio_add_raw_irq_handler_with_order_priority_masked
 .text.gpio_remove_raw_irq_handler_masked
                0x0000000010000a34       0x48 CMakeFiles/TCP_Client.dir/Users/amrit/Desktop/PICO_REPOS/pico-sdk/src/rp2_common/hardware_gpio/gpio.c.obj
                0x0000000010000a34                gpio_remove_raw_irq_handler_masked
 .text.gpio_acknowledge_irq
                0x0000000010000a7c       0x18 CMakeFiles/TCP_Client.dir/Users/amrit/Desktop/PICO_REPOS/pico-sdk/src/rp2_common/hardware_gpio/gpio.c.obj
                0x0000000010000a7c                gpio_acknowledge_irq
 .text._gpio_set_irq_enabled
                0x0000000010000a94       0x34 CMakeFiles/TCP_Client.dir/Users/amrit/Desktop/PICO_REPOS/pico-sdk/src/rp2_common/hardware_gpio/gpio.c.obj
 .text.gpio_set_irq_enabled
                0x0000000010000ac8       0x20 CMakeFiles/TCP_Client.dir/Users/amrit/Desktop/PICO_REPOS/pico-sdk/src/rp2_common/hardware_gpio/gpio.c.obj
                0x0000000010000ac8                gpio_set_irq_enabled
 .text.set_raw_irq_handler_and_unlock
                0x0000000010000ae8       0x28 CMakeFiles/TCP_Client.dir/Users/amrit/Desktop/PICO_REPOS/pico-sdk/src/rp2_common/hardware_irq/irq.c.obj
 .text.get_user_irq_claim_index
                0x0000000010000b10        0x6 CMakeFiles/TCP_Client.dir/Users/amrit/Desktop/PICO_REPOS/pico-sdk/src/rp2_common/hardware_irq/irq.c.obj
 *fill*         0x0000000010000b16        0x2 
 .text.make_branch
                0x0000000010000b18       0x48 CMakeFiles/TCP_Client.dir/Users/amrit/Desktop/PICO_REPOS/pico-sdk/src/rp2_common/hardware_irq/irq.c.obj
 .text.insert_branch_and_link
                0x0000000010000b60       0x40 CMakeFiles/TCP_Client.dir/Users/amrit/Desktop/PICO_REPOS/pico-sdk/src/rp2_common/hardware_irq/irq.c.obj
 .text.irq_is_enabled
                0x0000000010000ba0       0x18 CMakeFiles/TCP_Client.dir/Users/amrit/Desktop/PICO_REPOS/pico-sdk/src/rp2_common/hardware_irq/irq.c.obj
                0x0000000010000ba0                irq_is_enabled
 .text.irq_set_mask_enabled
                0x0000000010000bb8       0x20 CMakeFiles/TCP_Client.dir/Users/amrit/Desktop/PICO_REPOS/pico-sdk/src/rp2_common/hardware_irq/irq.c.obj
                0x0000000010000bb8                irq_set_mask_enabled
 .text.irq_set_enabled
                0x0000000010000bd8        0xe CMakeFiles/TCP_Client.dir/Users/amrit/Desktop/PICO_REPOS/pico-sdk/src/rp2_common/hardware_irq/irq.c.obj
                0x0000000010000bd8                irq_set_enabled
 *fill*         0x0000000010000be6        0x2 
 .text.irq_set_pending
                0x0000000010000be8       0x10 CMakeFiles/TCP_Client.dir/Users/amrit/Desktop/PICO_REPOS/pico-sdk/src/rp2_common/hardware_irq/irq.c.obj
                0x0000000010000be8                irq_set_pending
 .text.irq_get_vtable_handler
                0x0000000010000bf8       0x10 CMakeFiles/TCP_Client.dir/Users/amrit/Desktop/PICO_REPOS/pico-sdk/src/rp2_common/hardware_irq/irq.c.obj
                0x0000000010000bf8                irq_get_vtable_handler
 .text.irq_has_shared_handler
                0x0000000010000c08       0x24 CMakeFiles/TCP_Client.dir/Users/amrit/Desktop/PICO_REPOS/pico-sdk/src/rp2_common/hardware_irq/irq.c.obj
                0x0000000010000c08                irq_has_shared_handler
 .text.irq_set_exclusive_handler
                0x0000000010000c2c       0x54 CMakeFiles/TCP_Client.dir/Users/amrit/Desktop/PICO_REPOS/pico-sdk/src/rp2_common/hardware_irq/irq.c.obj
                0x0000000010000c2c                irq_set_exclusive_handler
 .text.irq_add_shared_handler
                0x0000000010000c80      0x230 CMakeFiles/TCP_Client.dir/Users/amrit/Desktop/PICO_REPOS/pico-sdk/src/rp2_common/hardware_irq/irq.c.obj
                0x0000000010000c80                irq_add_shared_handler
 .text.irq_remove_handler
                0x0000000010000eb0      0x1a8 CMakeFiles/TCP_Client.dir/Users/amrit/Desktop/PICO_REPOS/pico-sdk/src/rp2_common/hardware_irq/irq.c.obj
                0x0000000010000eb0                irq_remove_handler
 .text.irq_set_priority
                0x0000000010001058       0x28 CMakeFiles/TCP_Client.dir/Users/amrit/Desktop/PICO_REPOS/pico-sdk/src/rp2_common/hardware_irq/irq.c.obj
                0x0000000010001058                irq_set_priority
 .text.irq_add_tail_to_free_list
                0x0000000010001080       0xf0 CMakeFiles/TCP_Client.dir/Users/amrit/Desktop/PICO_REPOS/pico-sdk/src/rp2_common/hardware_irq/irq.c.obj
                0x0000000010001080                irq_add_tail_to_free_list
 .text.irq_init_priorities
                0x0000000010001170       0x1c CMakeFiles/TCP_Client.dir/Users/amrit/Desktop/PICO_REPOS/pico-sdk/src/rp2_common/hardware_irq/irq.c.obj
                0x0000000010001170                irq_init_priorities
 .text.user_irq_unclaim
                0x000000001000118c       0x1c CMakeFiles/TCP_Client.dir/Users/amrit/Desktop/PICO_REPOS/pico-sdk/src/rp2_common/hardware_irq/irq.c.obj
                0x000000001000118c                user_irq_unclaim
 .text.user_irq_claim_unused
                0x00000000100011a8       0x30 CMakeFiles/TCP_Client.dir/Users/amrit/Desktop/PICO_REPOS/pico-sdk/src/rp2_common/hardware_irq/irq.c.obj
                0x00000000100011a8                user_irq_claim_unused
 .text.sem_init
                0x00000000100011d8       0x1e CMakeFiles/TCP_Client.dir/Users/amrit/Desktop/PICO_REPOS/pico-sdk/src/common/pico_sync/sem.c.obj
                0x00000000100011d8                sem_init
 *fill*         0x00000000100011f6        0x2 
 .text.lock_init
                0x00000000100011f8       0x10 CMakeFiles/TCP_Client.dir/Users/amrit/Desktop/PICO_REPOS/pico-sdk/src/common/pico_sync/lock_core.c.obj
                0x00000000100011f8                lock_init
 .text.alarm_pool_post_alloc_init
                0x0000000010001208       0x40 CMakeFiles/TCP_Client.dir/Users/amrit/Desktop/PICO_REPOS/pico-sdk/src/common/pico_time/time.c.obj
 .text.sleep_until_callback
                0x0000000010001248       0x30 CMakeFiles/TCP_Client.dir/Users/amrit/Desktop/PICO_REPOS/pico-sdk/src/common/pico_time/time.c.obj
 .text.timer_pool_entry_comparator
                0x0000000010001278       0x7c CMakeFiles/TCP_Client.dir/Users/amrit/Desktop/PICO_REPOS/pico-sdk/src/common/pico_time/time.c.obj
                0x0000000010001278                timer_pool_entry_comparator
 .text.ph_add_child_node
                0x00000000100012f4       0xa4 CMakeFiles/TCP_Client.dir/Users/amrit/Desktop/PICO_REPOS/pico-sdk/src/common/pico_time/time.c.obj
 .text.ph_merge_nodes
                0x0000000010001398       0x3e CMakeFiles/TCP_Client.dir/Users/amrit/Desktop/PICO_REPOS/pico-sdk/src/common/pico_time/time.c.obj
 *fill*         0x00000000100013d6        0x2 
 .text.add_alarm_under_lock
                0x00000000100013d8      0x174 CMakeFiles/TCP_Client.dir/Users/amrit/Desktop/PICO_REPOS/pico-sdk/src/common/pico_time/time.c.obj
 .text.alarm_pool_alarm_callback
                0x000000001000154c      0x328 CMakeFiles/TCP_Client.dir/Users/amrit/Desktop/PICO_REPOS/pico-sdk/src/common/pico_time/time.c.obj
 .text.alarm_pool_init_default
                0x0000000010001874       0x38 CMakeFiles/TCP_Client.dir/Users/amrit/Desktop/PICO_REPOS/pico-sdk/src/common/pico_time/time.c.obj
                0x0000000010001874                alarm_pool_init_default
 .text.alarm_pool_get_default
                0x00000000100018ac       0x2c CMakeFiles/TCP_Client.dir/Users/amrit/Desktop/PICO_REPOS/pico-sdk/src/common/pico_time/time.c.obj
                0x00000000100018ac                alarm_pool_get_default
 .text.alarm_pool_add_alarm_at
                0x00000000100018d8      0x170 CMakeFiles/TCP_Client.dir/Users/amrit/Desktop/PICO_REPOS/pico-sdk/src/common/pico_time/time.c.obj
                0x00000000100018d8                alarm_pool_add_alarm_at
 .text.alarm_pool_cancel_alarm
                0x0000000010001a48       0xf0 CMakeFiles/TCP_Client.dir/Users/amrit/Desktop/PICO_REPOS/pico-sdk/src/common/pico_time/time.c.obj
                0x0000000010001a48                alarm_pool_cancel_alarm
 .text.sleep_until
                0x0000000010001b38       0xfc CMakeFiles/TCP_Client.dir/Users/amrit/Desktop/PICO_REPOS/pico-sdk/src/common/pico_time/time.c.obj
                0x0000000010001b38                sleep_until
 .text.sleep_us
                0x0000000010001c34       0x58 CMakeFiles/TCP_Client.dir/Users/amrit/Desktop/PICO_REPOS/pico-sdk/src/common/pico_time/time.c.obj
                0x0000000010001c34                sleep_us
 .text.sleep_ms
                0x0000000010001c8c       0x14 CMakeFiles/TCP_Client.dir/Users/amrit/Desktop/PICO_REPOS/pico-sdk/src/common/pico_time/time.c.obj
                0x0000000010001c8c                sleep_ms
 .text.best_effort_wfe_or_timeout
                0x0000000010001ca0       0x80 CMakeFiles/TCP_Client.dir/Users/amrit/Desktop/PICO_REPOS/pico-sdk/src/common/pico_time/time.c.obj
                0x0000000010001ca0                best_effort_wfe_or_timeout
 .text.hardware_alarm_irq_handler
                0x0000000010001d20       0x8c CMakeFiles/TCP_Client.dir/Users/amrit/Desktop/PICO_REPOS/pico-sdk/src/rp2_common/hardware_timer/timer.c.obj
 .text.hardware_alarm_claim
                0x0000000010001dac       0x18 CMakeFiles/TCP_Client.dir/Users/amrit/Desktop/PICO_REPOS/pico-sdk/src/rp2_common/hardware_timer/timer.c.obj
                0x0000000010001dac                hardware_alarm_claim
 .text.time_us_64
                0x0000000010001dc4       0x18 CMakeFiles/TCP_Client.dir/Users/amrit/Desktop/PICO_REPOS/pico-sdk/src/rp2_common/hardware_timer/timer.c.obj
                0x0000000010001dc4                time_us_64
 .text.busy_wait_until
                0x0000000010001ddc       0x28 CMakeFiles/TCP_Client.dir/Users/amrit/Desktop/PICO_REPOS/pico-sdk/src/rp2_common/hardware_timer/timer.c.obj
                0x0000000010001ddc                busy_wait_until
 .text.hardware_alarm_set_callback
                0x0000000010001e04       0x90 CMakeFiles/TCP_Client.dir/Users/amrit/Desktop/PICO_REPOS/pico-sdk/src/rp2_common/hardware_timer/timer.c.obj
                0x0000000010001e04                hardware_alarm_set_callback
 .text.hardware_alarm_set_target
                0x0000000010001e94       0xe8 CMakeFiles/TCP_Client.dir/Users/amrit/Desktop/PICO_REPOS/pico-sdk/src/rp2_common/hardware_timer/timer.c.obj
                0x0000000010001e94                hardware_alarm_set_target
 .text.hardware_alarm_cancel
                0x0000000010001f7c       0x40 CMakeFiles/TCP_Client.dir/Users/amrit/Desktop/PICO_REPOS/pico-sdk/src/rp2_common/hardware_timer/timer.c.obj
                0x0000000010001f7c                hardware_alarm_cancel
 .text.ph_add_child_node
                0x0000000010001fbc       0xa4 CMakeFiles/TCP_Client.dir/Users/amrit/Desktop/PICO_REPOS/pico-sdk/src/common/pico_util/pheap.c.obj
 .text.ph_merge_nodes
                0x0000000010002060       0x3e CMakeFiles/TCP_Client.dir/Users/amrit/Desktop/PICO_REPOS/pico-sdk/src/common/pico_util/pheap.c.obj
 *fill*         0x000000001000209e        0x2 
 .text.ph_clear
                0x00000000100020a0       0x70 CMakeFiles/TCP_Client.dir/Users/amrit/Desktop/PICO_REPOS/pico-sdk/src/common/pico_util/pheap.c.obj
                0x00000000100020a0                ph_clear
 .text.ph_post_alloc_init
                0x0000000010002110        0xe CMakeFiles/TCP_Client.dir/Users/amrit/Desktop/PICO_REPOS/pico-sdk/src/common/pico_util/pheap.c.obj
                0x0000000010002110                ph_post_alloc_init
 *fill*         0x000000001000211e        0x2 
 .text.ph_merge_two_pass
                0x0000000010002120       0xa8 CMakeFiles/TCP_Client.dir/Users/amrit/Desktop/PICO_REPOS/pico-sdk/src/common/pico_util/pheap.c.obj
                0x0000000010002120                ph_merge_two_pass
 .text.ph_remove_any_head
                0x00000000100021c8      0x108 CMakeFiles/TCP_Client.dir/Users/amrit/Desktop/PICO_REPOS/pico-sdk/src/common/pico_util/pheap.c.obj
 .text.ph_remove_head
                0x00000000100022d0       0x14 CMakeFiles/TCP_Client.dir/Users/amrit/Desktop/PICO_REPOS/pico-sdk/src/common/pico_util/pheap.c.obj
                0x00000000100022d0                ph_remove_head
 .text.ph_remove_and_free_node
                0x00000000100022e4       0xf8 CMakeFiles/TCP_Client.dir/Users/amrit/Desktop/PICO_REPOS/pico-sdk/src/common/pico_util/pheap.c.obj
                0x00000000100022e4                ph_remove_and_free_node
 .text.mutex_init
                0x00000000100023dc       0x1a CMakeFiles/TCP_Client.dir/Users/amrit/Desktop/PICO_REPOS/pico-sdk/src/common/pico_sync/mutex.c.obj
                0x00000000100023dc                mutex_init
 .text.recursive_mutex_init
                0x00000000100023f6       0x1e CMakeFiles/TCP_Client.dir/Users/amrit/Desktop/PICO_REPOS/pico-sdk/src/common/pico_sync/mutex.c.obj
                0x00000000100023f6                recursive_mutex_init
 .text.critical_section_init_with_lock_num
                0x0000000010002414       0x14 CMakeFiles/TCP_Client.dir/Users/amrit/Desktop/PICO_REPOS/pico-sdk/src/common/pico_sync/critical_section.c.obj
                0x0000000010002414                critical_section_init_with_lock_num
 .text.critical_section_init
                0x0000000010002428       0x14 CMakeFiles/TCP_Client.dir/Users/amrit/Desktop/PICO_REPOS/pico-sdk/src/common/pico_sync/critical_section.c.obj
                0x0000000010002428                critical_section_init
 .text._exit    0x000000001000243c        0x4 CMakeFiles/TCP_Client.dir/Users/amrit/Desktop/PICO_REPOS/pico-sdk/src/rp2_common/pico_runtime/runtime.c.obj
                0x000000001000243c                _exit
 .text.exit     0x0000000010002440        0x6 CMakeFiles/TCP_Client.dir/Users/amrit/Desktop/PICO_REPOS/pico-sdk/src/rp2_common/pico_runtime/runtime.c.obj
                0x0000000010002440                exit
 *fill*         0x0000000010002446        0x2 
 .text.__assert_func
                0x0000000010002448       0x3c CMakeFiles/TCP_Client.dir/Users/amrit/Desktop/PICO_REPOS/pico-sdk/src/rp2_common/pico_runtime/runtime.c.obj
                0x0000000010002448                __assert_func
 .text.runtime_init
                0x0000000010002484       0xf8 CMakeFiles/TCP_Client.dir/Users/amrit/Desktop/PICO_REPOS/pico-sdk/src/rp2_common/pico_runtime/runtime.c.obj
                0x0000000010002484                runtime_init
 .text.panic    0x000000001000257c       0x30 CMakeFiles/TCP_Client.dir/Users/amrit/Desktop/PICO_REPOS/pico-sdk/src/rp2_common/pico_runtime/runtime.c.obj
                0x000000001000257c                panic
 .text.clock_configure
                0x00000000100025ac      0x104 CMakeFiles/TCP_Client.dir/Users/amrit/Desktop/PICO_REPOS/pico-sdk/src/rp2_common/hardware_clocks/clocks.c.obj
                0x00000000100025ac                clock_configure
 .text.clocks_init
                0x00000000100026b0      0x100 CMakeFiles/TCP_Client.dir/Users/amrit/Desktop/PICO_REPOS/pico-sdk/src/rp2_common/hardware_clocks/clocks.c.obj
                0x00000000100026b0                clocks_init
 .text.pll_init
                0x00000000100027b0      0x140 CMakeFiles/TCP_Client.dir/Users/amrit/Desktop/PICO_REPOS/pico-sdk/src/rp2_common/hardware_pll/pll.c.obj
                0x00000000100027b0                pll_init
 .text.watchdog_start_tick
                0x00000000100028f0       0x10 CMakeFiles/TCP_Client.dir/Users/amrit/Desktop/PICO_REPOS/pico-sdk/src/rp2_common/hardware_watchdog/watchdog.c.obj
                0x00000000100028f0                watchdog_start_tick
 .text.watchdog_update
                0x0000000010002900       0x14 CMakeFiles/TCP_Client.dir/Users/amrit/Desktop/PICO_REPOS/pico-sdk/src/rp2_common/hardware_watchdog/watchdog.c.obj
                0x0000000010002900                watchdog_update
 .text._watchdog_enable
                0x0000000010002914       0x78 CMakeFiles/TCP_Client.dir/Users/amrit/Desktop/PICO_REPOS/pico-sdk/src/rp2_common/hardware_watchdog/watchdog.c.obj
                0x0000000010002914                _watchdog_enable
 .text.watchdog_reboot
                0x000000001000298c       0x48 CMakeFiles/TCP_Client.dir/Users/amrit/Desktop/PICO_REPOS/pico-sdk/src/rp2_common/hardware_watchdog/watchdog.c.obj
                0x000000001000298c                watchdog_reboot
 .text.xosc_init
                0x00000000100029d4       0x28 CMakeFiles/TCP_Client.dir/Users/amrit/Desktop/PICO_REPOS/pico-sdk/src/rp2_common/hardware_xosc/xosc.c.obj
                0x00000000100029d4                xosc_init
 .text._out_null
                0x00000000100029fc        0x2 CMakeFiles/TCP_Client.dir/Users/amrit/Desktop/PICO_REPOS/pico-sdk/src/rp2_common/pico_printf/printf.c.obj
 .text._out_fct
                0x00000000100029fe        0xe CMakeFiles/TCP_Client.dir/Users/amrit/Desktop/PICO_REPOS/pico-sdk/src/rp2_common/pico_printf/printf.c.obj
 .text._atoi    0x0000000010002a0c       0x24 CMakeFiles/TCP_Client.dir/Users/amrit/Desktop/PICO_REPOS/pico-sdk/src/rp2_common/pico_printf/printf.c.obj
 .text._out_rev
                0x0000000010002a30       0xae CMakeFiles/TCP_Client.dir/Users/amrit/Desktop/PICO_REPOS/pico-sdk/src/rp2_common/pico_printf/printf.c.obj
 .text._ntoa_format
                0x0000000010002ade      0x112 CMakeFiles/TCP_Client.dir/Users/amrit/Desktop/PICO_REPOS/pico-sdk/src/rp2_common/pico_printf/printf.c.obj
 .text._ntoa_long
                0x0000000010002bf0       0xbc CMakeFiles/TCP_Client.dir/Users/amrit/Desktop/PICO_REPOS/pico-sdk/src/rp2_common/pico_printf/printf.c.obj
 .text._ntoa_long_long
                0x0000000010002cac       0xe2 CMakeFiles/TCP_Client.dir/Users/amrit/Desktop/PICO_REPOS/pico-sdk/src/rp2_common/pico_printf/printf.c.obj
 *fill*         0x0000000010002d8e        0x2 
 .text._etoa    0x0000000010002d90      0x414 CMakeFiles/TCP_Client.dir/Users/amrit/Desktop/PICO_REPOS/pico-sdk/src/rp2_common/pico_printf/printf.c.obj
 .text._ftoa    0x00000000100031a4      0x354 CMakeFiles/TCP_Client.dir/Users/amrit/Desktop/PICO_REPOS/pico-sdk/src/rp2_common/pico_printf/printf.c.obj
 .text._vsnprintf
                0x00000000100034f8      0x624 CMakeFiles/TCP_Client.dir/Users/amrit/Desktop/PICO_REPOS/pico-sdk/src/rp2_common/pico_printf/printf.c.obj
 .text.vfctprintf
                0x0000000010003b1c       0x20 CMakeFiles/TCP_Client.dir/Users/amrit/Desktop/PICO_REPOS/pico-sdk/src/rp2_common/pico_printf/printf.c.obj
                0x0000000010003b1c                vfctprintf
 .text          0x0000000010003b3c       0x10 CMakeFiles/TCP_Client.dir/Users/amrit/Desktop/PICO_REPOS/pico-sdk/src/rp2_common/pico_bit_ops/bit_ops_aeabi.S.obj
 .text.__wrap___aeabi_idiv
                0x0000000010003b4c       0x50 CMakeFiles/TCP_Client.dir/Users/amrit/Desktop/PICO_REPOS/pico-sdk/src/rp2_common/pico_divider/divider.S.obj
                0x0000000010003b4c                __wrap___aeabi_idivmod
                0x0000000010003b4c                divmod_s32s32
                0x0000000010003b4c                div_s32s32
                0x0000000010003b4c                __wrap___aeabi_idiv
                0x0000000010003b54                divmod_s32s32_unsafe
                0x0000000010003b80                divmod_s32s32_savestate
 .text.__wrap___aeabi_uidiv
                0x0000000010003b9c       0x4c CMakeFiles/TCP_Client.dir/Users/amrit/Desktop/PICO_REPOS/pico-sdk/src/rp2_common/pico_divider/divider.S.obj
                0x0000000010003b9c                __wrap___aeabi_uidiv
                0x0000000010003b9c                __wrap___aeabi_uidivmod
                0x0000000010003b9c                div_u32u32
                0x0000000010003b9c                divmod_u32u32
                0x0000000010003ba4                divmod_u32u32_unsafe
                0x0000000010003bcc                divmod_u32u32_savestate
 .text.__wrap___aeabi_ldiv
                0x0000000010003be8      0x434 CMakeFiles/TCP_Client.dir/Users/amrit/Desktop/PICO_REPOS/pico-sdk/src/rp2_common/pico_divider/divider.S.obj
                0x0000000010003be8                __wrap___aeabi_ldivmod
                0x0000000010003be8                div_s64s64
                0x0000000010003be8                divmod_s64s64
                0x0000000010003c20                divmod_u64u64
                0x0000000010003c20                div_u64u64
                0x0000000010003c20                __wrap___aeabi_uldivmod
                0x0000000010003c30                divmod_u64u64_savestate
                0x0000000010003c58                divmod_s64s64_unsafe
                0x0000000010003ce0                divmod_u64u64_unsafe
 .text.__wrap___aeabi_darithmetic
                0x000000001000401c       0x60 CMakeFiles/TCP_Client.dir/Users/amrit/Desktop/PICO_REPOS/pico-sdk/src/rp2_common/pico_double/double_aeabi.S.obj
                0x000000001000401c                __wrap___aeabi_drsub
                0x0000000010004022                __wrap___aeabi_dsub
                0x000000001000402c                __wrap___aeabi_dadd
                0x0000000010004036                __wrap___aeabi_ddiv
                0x000000001000406a                __wrap___aeabi_dmul
 .text.__wrap___aeabi_cdcmple
                0x000000001000407c       0x6c CMakeFiles/TCP_Client.dir/Users/amrit/Desktop/PICO_REPOS/pico-sdk/src/rp2_common/pico_double/double_aeabi.S.obj
                0x000000001000407c                __wrap___aeabi_cdrcmple
                0x000000001000408c                __wrap___aeabi_cdcmple
                0x000000001000408c                __wrap___aeabi_cdcmpeq
 .text.__wrap___aeabi_dcmplt
                0x00000000100040e8        0xc CMakeFiles/TCP_Client.dir/Users/amrit/Desktop/PICO_REPOS/pico-sdk/src/rp2_common/pico_double/double_aeabi.S.obj
                0x00000000100040e8                __wrap___aeabi_dcmplt
 .text.__wrap___aeabi_dcmple
                0x00000000100040f4       0x10 CMakeFiles/TCP_Client.dir/Users/amrit/Desktop/PICO_REPOS/pico-sdk/src/rp2_common/pico_double/double_aeabi.S.obj
                0x00000000100040f4                __wrap___aeabi_dcmple
 .text.__wrap___aeabi_dcmpge
                0x0000000010004104       0x10 CMakeFiles/TCP_Client.dir/Users/amrit/Desktop/PICO_REPOS/pico-sdk/src/rp2_common/pico_double/double_aeabi.S.obj
                0x0000000010004104                __wrap___aeabi_dcmpge
 .text.__wrap___aeabi_dcmpgt
                0x0000000010004114        0xa CMakeFiles/TCP_Client.dir/Users/amrit/Desktop/PICO_REPOS/pico-sdk/src/rp2_common/pico_double/double_aeabi.S.obj
                0x0000000010004114                __wrap___aeabi_dcmpgt
 .text.__wrap___aeabi_dcmpun
                0x000000001000411e       0x1c CMakeFiles/TCP_Client.dir/Users/amrit/Desktop/PICO_REPOS/pico-sdk/src/rp2_common/pico_double/double_aeabi.S.obj
                0x000000001000411e                __wrap___aeabi_dcmpun
 *fill*         0x000000001000413a        0x2 
 .text.__wrap___aeabi_i2d
                0x000000001000413c       0x38 CMakeFiles/TCP_Client.dir/Users/amrit/Desktop/PICO_REPOS/pico-sdk/src/rp2_common/pico_double/double_aeabi.S.obj
                0x000000001000413c                __wrap___aeabi_ui2d
                0x0000000010004144                __wrap___aeabi_i2d
 .text.__wrap___aeabi_d2iz
                0x0000000010004174       0x48 CMakeFiles/TCP_Client.dir/Users/amrit/Desktop/PICO_REPOS/pico-sdk/src/rp2_common/pico_double/double_aeabi.S.obj
                0x0000000010004174                __wrap___aeabi_d2iz
                0x0000000010004174                double2int_z
 .text.__wrap___aeabi_d2uiz
                0x00000000100041bc       0x10 CMakeFiles/TCP_Client.dir/Users/amrit/Desktop/PICO_REPOS/pico-sdk/src/rp2_common/pico_double/double_aeabi.S.obj
                0x00000000100041bc                double2uint
                0x00000000100041bc                __wrap___aeabi_d2uiz
 .text.missing_double_func_shim
                0x00000000100041cc        0xc CMakeFiles/TCP_Client.dir/Users/amrit/Desktop/PICO_REPOS/pico-sdk/src/rp2_common/pico_double/double_init_rom.c.obj
 .text.__aeabi_double_init
                0x00000000100041d8       0xcc CMakeFiles/TCP_Client.dir/Users/amrit/Desktop/PICO_REPOS/pico-sdk/src/rp2_common/pico_double/double_init_rom.c.obj
                0x00000000100041d8                __aeabi_double_init
 .text.double_table_shim_on_use_helper
                0x00000000100042a4       0x34 CMakeFiles/TCP_Client.dir/Users/amrit/Desktop/PICO_REPOS/pico-sdk/src/rp2_common/pico_double/double_v1_rom_shim.S.obj
                0x00000000100042a4                double_table_shim_on_use_helper
 .text.__aeabi_lmul
                0x00000000100042d8       0x32 CMakeFiles/TCP_Client.dir/Users/amrit/Desktop/PICO_REPOS/pico-sdk/src/rp2_common/pico_int64_ops/pico_int64_ops_aeabi.S.obj
                0x00000000100042d8                __wrap___aeabi_lmul
 *fill*         0x000000001000430a        0x2 
 .text.missing_float_func_shim
                0x000000001000430c        0xc CMakeFiles/TCP_Client.dir/Users/amrit/Desktop/PICO_REPOS/pico-sdk/src/rp2_common/pico_float/float_init_rom.c.obj
 .text.__aeabi_float_init
                0x0000000010004318       0x88 CMakeFiles/TCP_Client.dir/Users/amrit/Desktop/PICO_REPOS/pico-sdk/src/rp2_common/pico_float/float_init_rom.c.obj
                0x0000000010004318                __aeabi_float_init
 .text          0x00000000100043a0       0x10 CMakeFiles/TCP_Client.dir/Users/amrit/Desktop/PICO_REPOS/pico-sdk/src/rp2_common/pico_mem_ops/mem_ops_aeabi.S.obj
                0x00000000100043a0                __aeabi_mem_init
 .text.memset   0x00000000100043b0        0xc CMakeFiles/TCP_Client.dir/Users/amrit/Desktop/PICO_REPOS/pico-sdk/src/rp2_common/pico_mem_ops/mem_ops_aeabi.S.obj
                0x00000000100043b0                __wrap_memset
 .text.memcpy   0x00000000100043bc        0xc CMakeFiles/TCP_Client.dir/Users/amrit/Desktop/PICO_REPOS/pico-sdk/src/rp2_common/pico_mem_ops/mem_ops_aeabi.S.obj
                0x00000000100043bc                __wrap___aeabi_memcpy
                0x00000000100043bc                __wrap_memcpy
 .text.stdio_out_chars_no_crlf
                0x00000000100043c8        0xe CMakeFiles/TCP_Client.dir/Users/amrit/Desktop/PICO_REPOS/pico-sdk/src/rp2_common/pico_stdio/stdio.c.obj
 *fill*         0x00000000100043d6        0x2 
 .text.stdio_out_chars_crlf
                0x00000000100043d8       0x80 CMakeFiles/TCP_Client.dir/Users/amrit/Desktop/PICO_REPOS/pico-sdk/src/rp2_common/pico_stdio/stdio.c.obj
 .text.stdio_stack_buffer_flush
                0x0000000010004458       0x44 CMakeFiles/TCP_Client.dir/Users/amrit/Desktop/PICO_REPOS/pico-sdk/src/rp2_common/pico_stdio/stdio.c.obj
 .text.stdio_buffered_printer
                0x000000001000449c       0x20 CMakeFiles/TCP_Client.dir/Users/amrit/Desktop/PICO_REPOS/pico-sdk/src/rp2_common/pico_stdio/stdio.c.obj
 .text.stdout_serialize_begin
                0x00000000100044bc       0x30 CMakeFiles/TCP_Client.dir/Users/amrit/Desktop/PICO_REPOS/pico-sdk/src/rp2_common/pico_stdio/stdio.c.obj
                0x00000000100044bc                stdout_serialize_begin
 .text.stdout_serialize_end
                0x00000000100044ec       0x10 CMakeFiles/TCP_Client.dir/Users/amrit/Desktop/PICO_REPOS/pico-sdk/src/rp2_common/pico_stdio/stdio.c.obj
                0x00000000100044ec                stdout_serialize_end
 .text.stdio_put_string
                0x00000000100044fc       0x98 CMakeFiles/TCP_Client.dir/Users/amrit/Desktop/PICO_REPOS/pico-sdk/src/rp2_common/pico_stdio/stdio.c.obj
 .text.stdio_set_driver_enabled
                0x0000000010004594       0x2c CMakeFiles/TCP_Client.dir/Users/amrit/Desktop/PICO_REPOS/pico-sdk/src/rp2_common/pico_stdio/stdio.c.obj
                0x0000000010004594                stdio_set_driver_enabled
 .text.stdio_flush
                0x00000000100045c0       0x20 CMakeFiles/TCP_Client.dir/Users/amrit/Desktop/PICO_REPOS/pico-sdk/src/rp2_common/pico_stdio/stdio.c.obj
                0x00000000100045c0                stdio_flush
 .text.__wrap_puts
                0x00000000100045e0       0x1e CMakeFiles/TCP_Client.dir/Users/amrit/Desktop/PICO_REPOS/pico-sdk/src/rp2_common/pico_stdio/stdio.c.obj
                0x00000000100045e0                __wrap_puts
 *fill*         0x00000000100045fe        0x2 
 .text.__wrap_vprintf
                0x0000000010004600       0x44 CMakeFiles/TCP_Client.dir/Users/amrit/Desktop/PICO_REPOS/pico-sdk/src/rp2_common/pico_stdio/stdio.c.obj
                0x0000000010004600                __wrap_vprintf
 .text.__wrap_printf
                0x0000000010004644       0x18 CMakeFiles/TCP_Client.dir/Users/amrit/Desktop/PICO_REPOS/pico-sdk/src/rp2_common/pico_stdio/stdio.c.obj
                0x0000000010004644                __wrap_printf
 .text.stdio_init_all
                0x000000001000465c        0x8 CMakeFiles/TCP_Client.dir/Users/amrit/Desktop/PICO_REPOS/pico-sdk/src/rp2_common/pico_stdio/stdio.c.obj
                0x000000001000465c                stdio_init_all
 .text.resetd_init
                0x0000000010004664        0x2 CMakeFiles/TCP_Client.dir/Users/amrit/Desktop/PICO_REPOS/pico-sdk/src/rp2_common/pico_stdio_usb/reset_interface.c.obj
 *fill*         0x0000000010004666        0x2 
 .text.resetd_reset
                0x0000000010004668        0xc CMakeFiles/TCP_Client.dir/Users/amrit/Desktop/PICO_REPOS/pico-sdk/src/rp2_common/pico_stdio_usb/reset_interface.c.obj
 .text.resetd_open
                0x0000000010004674       0x34 CMakeFiles/TCP_Client.dir/Users/amrit/Desktop/PICO_REPOS/pico-sdk/src/rp2_common/pico_stdio_usb/reset_interface.c.obj
 .text.resetd_xfer_cb
                0x00000000100046a8        0x4 CMakeFiles/TCP_Client.dir/Users/amrit/Desktop/PICO_REPOS/pico-sdk/src/rp2_common/pico_stdio_usb/reset_interface.c.obj
 .text.reset_usb_boot
                0x00000000100046ac       0x18 CMakeFiles/TCP_Client.dir/Users/amrit/Desktop/PICO_REPOS/pico-sdk/src/rp2_common/pico_stdio_usb/reset_interface.c.obj
 .text.resetd_control_xfer_cb
                0x00000000100046c4       0x5c CMakeFiles/TCP_Client.dir/Users/amrit/Desktop/PICO_REPOS/pico-sdk/src/rp2_common/pico_stdio_usb/reset_interface.c.obj
 .text.usbd_app_driver_get_cb
                0x0000000010004720        0xc CMakeFiles/TCP_Client.dir/Users/amrit/Desktop/PICO_REPOS/pico-sdk/src/rp2_common/pico_stdio_usb/reset_interface.c.obj
                0x0000000010004720                usbd_app_driver_get_cb
 .text.tud_cdc_line_coding_cb
                0x000000001000472c       0x28 CMakeFiles/TCP_Client.dir/Users/amrit/Desktop/PICO_REPOS/pico-sdk/src/rp2_common/pico_stdio_usb/reset_interface.c.obj
                0x000000001000472c                tud_cdc_line_coding_cb
 .text.stdio_usb_in_chars
                0x0000000010004754       0x70 CMakeFiles/TCP_Client.dir/Users/amrit/Desktop/PICO_REPOS/pico-sdk/src/rp2_common/pico_stdio_usb/stdio_usb.c.obj
                0x0000000010004754                stdio_usb_in_chars
 .text.low_priority_worker_irq
                0x00000000100047c4       0x20 CMakeFiles/TCP_Client.dir/Users/amrit/Desktop/PICO_REPOS/pico-sdk/src/rp2_common/pico_stdio_usb/stdio_usb.c.obj
 .text.stdio_usb_out_chars
                0x00000000100047e4       0xd4 CMakeFiles/TCP_Client.dir/Users/amrit/Desktop/PICO_REPOS/pico-sdk/src/rp2_common/pico_stdio_usb/stdio_usb.c.obj
 .text.timer_task
                0x00000000100048b8       0x40 CMakeFiles/TCP_Client.dir/Users/amrit/Desktop/PICO_REPOS/pico-sdk/src/rp2_common/pico_stdio_usb/stdio_usb.c.obj
 .text.usb_irq  0x00000000100048f8       0x10 CMakeFiles/TCP_Client.dir/Users/amrit/Desktop/PICO_REPOS/pico-sdk/src/rp2_common/pico_stdio_usb/stdio_usb.c.obj
 .text.stdio_usb_init
                0x0000000010004908       0xec CMakeFiles/TCP_Client.dir/Users/amrit/Desktop/PICO_REPOS/pico-sdk/src/rp2_common/pico_stdio_usb/stdio_usb.c.obj
                0x0000000010004908                stdio_usb_init
 .text.tud_descriptor_device_cb
                0x00000000100049f4        0x8 CMakeFiles/TCP_Client.dir/Users/amrit/Desktop/PICO_REPOS/pico-sdk/src/rp2_common/pico_stdio_usb/stdio_usb_descriptors.c.obj
                0x00000000100049f4                tud_descriptor_device_cb
 .text.tud_descriptor_configuration_cb
                0x00000000100049fc        0x8 CMakeFiles/TCP_Client.dir/Users/amrit/Desktop/PICO_REPOS/pico-sdk/src/rp2_common/pico_stdio_usb/stdio_usb_descriptors.c.obj
                0x00000000100049fc                tud_descriptor_configuration_cb
 .text.tud_descriptor_string_cb
                0x0000000010004a04       0x6c CMakeFiles/TCP_Client.dir/Users/amrit/Desktop/PICO_REPOS/pico-sdk/src/rp2_common/pico_stdio_usb/stdio_usb_descriptors.c.obj
                0x0000000010004a04                tud_descriptor_string_cb
 .text.hw_endpoint_get_by_addr
                0x0000000010004a70       0x18 CMakeFiles/TCP_Client.dir/Users/amrit/Desktop/PICO_REPOS/pico-sdk/lib/tinyusb/src/portable/raspberrypi/rp2040/dcd_rp2040.c.obj
 .text.reset_ep0_pid
                0x0000000010004a88       0x28 CMakeFiles/TCP_Client.dir/Users/amrit/Desktop/PICO_REPOS/pico-sdk/lib/tinyusb/src/portable/raspberrypi/rp2040/dcd_rp2040.c.obj
 .text._hw_endpoint_alloc
                0x0000000010004ab0       0x70 CMakeFiles/TCP_Client.dir/Users/amrit/Desktop/PICO_REPOS/pico-sdk/lib/tinyusb/src/portable/raspberrypi/rp2040/dcd_rp2040.c.obj
 .text.hw_endpoint_init
                0x0000000010004b20       0x88 CMakeFiles/TCP_Client.dir/Users/amrit/Desktop/PICO_REPOS/pico-sdk/lib/tinyusb/src/portable/raspberrypi/rp2040/dcd_rp2040.c.obj
 .text.reset_non_control_endpoints
                0x0000000010004ba8       0x40 CMakeFiles/TCP_Client.dir/Users/amrit/Desktop/PICO_REPOS/pico-sdk/lib/tinyusb/src/portable/raspberrypi/rp2040/dcd_rp2040.c.obj
 .text.hw_handle_buff_status
                0x0000000010004be8       0x8c CMakeFiles/TCP_Client.dir/Users/amrit/Desktop/PICO_REPOS/pico-sdk/lib/tinyusb/src/portable/raspberrypi/rp2040/dcd_rp2040.c.obj
 .text.dcd_rp2040_irq
                0x0000000010004c74       0xc0 CMakeFiles/TCP_Client.dir/Users/amrit/Desktop/PICO_REPOS/pico-sdk/lib/tinyusb/src/portable/raspberrypi/rp2040/dcd_rp2040.c.obj
 .text.hw_endpoint_xfer
                0x0000000010004d34       0x14 CMakeFiles/TCP_Client.dir/Users/amrit/Desktop/PICO_REPOS/pico-sdk/lib/tinyusb/src/portable/raspberrypi/rp2040/dcd_rp2040.c.obj
 .text.dcd_int_enable
                0x0000000010004d48       0x2c CMakeFiles/TCP_Client.dir/Users/amrit/Desktop/PICO_REPOS/pico-sdk/lib/tinyusb/src/portable/raspberrypi/rp2040/dcd_rp2040.c.obj
                0x0000000010004d48                dcd_int_enable
 .text.dcd_set_address
                0x0000000010004d74       0x2c CMakeFiles/TCP_Client.dir/Users/amrit/Desktop/PICO_REPOS/pico-sdk/lib/tinyusb/src/portable/raspberrypi/rp2040/dcd_rp2040.c.obj
                0x0000000010004d74                dcd_set_address
 .text.dcd_connect
                0x0000000010004da0       0x10 CMakeFiles/TCP_Client.dir/Users/amrit/Desktop/PICO_REPOS/pico-sdk/lib/tinyusb/src/portable/raspberrypi/rp2040/dcd_rp2040.c.obj
                0x0000000010004da0                dcd_connect
 .text.dcd_init
                0x0000000010004db0       0x7c CMakeFiles/TCP_Client.dir/Users/amrit/Desktop/PICO_REPOS/pico-sdk/lib/tinyusb/src/portable/raspberrypi/rp2040/dcd_rp2040.c.obj
                0x0000000010004db0                dcd_init
 .text.dcd_edpt0_status_complete
                0x0000000010004e2c       0x1c CMakeFiles/TCP_Client.dir/Users/amrit/Desktop/PICO_REPOS/pico-sdk/lib/tinyusb/src/portable/raspberrypi/rp2040/dcd_rp2040.c.obj
                0x0000000010004e2c                dcd_edpt0_status_complete
 .text.dcd_edpt_open
                0x0000000010004e48       0x40 CMakeFiles/TCP_Client.dir/Users/amrit/Desktop/PICO_REPOS/pico-sdk/lib/tinyusb/src/portable/raspberrypi/rp2040/dcd_rp2040.c.obj
                0x0000000010004e48                dcd_edpt_open
 .text.dcd_edpt_close_all
                0x0000000010004e88        0x8 CMakeFiles/TCP_Client.dir/Users/amrit/Desktop/PICO_REPOS/pico-sdk/lib/tinyusb/src/portable/raspberrypi/rp2040/dcd_rp2040.c.obj
                0x0000000010004e88                dcd_edpt_close_all
 .text.dcd_edpt_xfer
                0x0000000010004e90       0x30 CMakeFiles/TCP_Client.dir/Users/amrit/Desktop/PICO_REPOS/pico-sdk/lib/tinyusb/src/portable/raspberrypi/rp2040/dcd_rp2040.c.obj
                0x0000000010004e90                dcd_edpt_xfer
 .text.dcd_edpt_stall
                0x0000000010004ec0       0x2c CMakeFiles/TCP_Client.dir/Users/amrit/Desktop/PICO_REPOS/pico-sdk/lib/tinyusb/src/portable/raspberrypi/rp2040/dcd_rp2040.c.obj
                0x0000000010004ec0                dcd_edpt_stall
 .text.dcd_edpt_clear_stall
                0x0000000010004eec       0x20 CMakeFiles/TCP_Client.dir/Users/amrit/Desktop/PICO_REPOS/pico-sdk/lib/tinyusb/src/portable/raspberrypi/rp2040/dcd_rp2040.c.obj
                0x0000000010004eec                dcd_edpt_clear_stall
 .text.prepare_ep_buffer
                0x0000000010004f0c       0x70 CMakeFiles/TCP_Client.dir/Users/amrit/Desktop/PICO_REPOS/pico-sdk/lib/tinyusb/src/portable/raspberrypi/rp2040/rp2040_usb.c.obj
 .text.sync_ep_buffer
                0x0000000010004f7c       0x7c CMakeFiles/TCP_Client.dir/Users/amrit/Desktop/PICO_REPOS/pico-sdk/lib/tinyusb/src/portable/raspberrypi/rp2040/rp2040_usb.c.obj
 .text._hw_endpoint_xfer_sync
                0x0000000010004ff8       0x28 CMakeFiles/TCP_Client.dir/Users/amrit/Desktop/PICO_REPOS/pico-sdk/lib/tinyusb/src/portable/raspberrypi/rp2040/rp2040_usb.c.obj
 .text.rp2040_usb_init
                0x0000000010005020       0x4c CMakeFiles/TCP_Client.dir/Users/amrit/Desktop/PICO_REPOS/pico-sdk/lib/tinyusb/src/portable/raspberrypi/rp2040/rp2040_usb.c.obj
                0x0000000010005020                rp2040_usb_init
 .text.hw_endpoint_reset_transfer
                0x000000001000506c        0xc CMakeFiles/TCP_Client.dir/Users/amrit/Desktop/PICO_REPOS/pico-sdk/lib/tinyusb/src/portable/raspberrypi/rp2040/rp2040_usb.c.obj
                0x000000001000506c                hw_endpoint_reset_transfer
 .text._hw_endpoint_buffer_control_update32
                0x0000000010005078       0x58 CMakeFiles/TCP_Client.dir/Users/amrit/Desktop/PICO_REPOS/pico-sdk/lib/tinyusb/src/portable/raspberrypi/rp2040/rp2040_usb.c.obj
                0x0000000010005078                _hw_endpoint_buffer_control_update32
 .text._hw_endpoint_start_next_buffer
                0x00000000100050d0       0x74 CMakeFiles/TCP_Client.dir/Users/amrit/Desktop/PICO_REPOS/pico-sdk/lib/tinyusb/src/portable/raspberrypi/rp2040/rp2040_usb.c.obj
 .text.hw_endpoint_xfer_start
                0x0000000010005144       0x48 CMakeFiles/TCP_Client.dir/Users/amrit/Desktop/PICO_REPOS/pico-sdk/lib/tinyusb/src/portable/raspberrypi/rp2040/rp2040_usb.c.obj
                0x0000000010005144                hw_endpoint_xfer_start
 .text.hw_endpoint_xfer_continue
                0x000000001000518c       0x38 CMakeFiles/TCP_Client.dir/Users/amrit/Desktop/PICO_REPOS/pico-sdk/lib/tinyusb/src/portable/raspberrypi/rp2040/rp2040_usb.c.obj
                0x000000001000518c                hw_endpoint_xfer_continue
 .text.configuration_reset
                0x00000000100051c4       0x84 CMakeFiles/TCP_Client.dir/Users/amrit/Desktop/PICO_REPOS/pico-sdk/lib/tinyusb/src/device/usbd.c.obj
 .text.usbd_reset
                0x0000000010005248        0xc CMakeFiles/TCP_Client.dir/Users/amrit/Desktop/PICO_REPOS/pico-sdk/lib/tinyusb/src/device/usbd.c.obj
 .text.invoke_class_control
                0x0000000010005254       0x1a CMakeFiles/TCP_Client.dir/Users/amrit/Desktop/PICO_REPOS/pico-sdk/lib/tinyusb/src/device/usbd.c.obj
 *fill*         0x000000001000526e        0x2 
 .text.process_set_config
                0x0000000010005270      0x1b0 CMakeFiles/TCP_Client.dir/Users/amrit/Desktop/PICO_REPOS/pico-sdk/lib/tinyusb/src/device/usbd.c.obj
 .text.process_get_descriptor
                0x0000000010005420       0xec CMakeFiles/TCP_Client.dir/Users/amrit/Desktop/PICO_REPOS/pico-sdk/lib/tinyusb/src/device/usbd.c.obj
 .text.tud_mounted
                0x000000001000550c       0x10 CMakeFiles/TCP_Client.dir/Users/amrit/Desktop/PICO_REPOS/pico-sdk/lib/tinyusb/src/device/usbd.c.obj
                0x000000001000550c                tud_mounted
 .text.tud_suspended
                0x000000001000551c       0x10 CMakeFiles/TCP_Client.dir/Users/amrit/Desktop/PICO_REPOS/pico-sdk/lib/tinyusb/src/device/usbd.c.obj
                0x000000001000551c                tud_suspended
 .text.tud_inited
                0x000000001000552c        0xc CMakeFiles/TCP_Client.dir/Users/amrit/Desktop/PICO_REPOS/pico-sdk/lib/tinyusb/src/device/usbd.c.obj
                0x000000001000552c                tud_inited
 .text.tud_init
                0x0000000010005538       0xcc CMakeFiles/TCP_Client.dir/Users/amrit/Desktop/PICO_REPOS/pico-sdk/lib/tinyusb/src/device/usbd.c.obj
                0x0000000010005538                tud_init
 .text.dcd_event_handler
                0x0000000010005604      0x1e0 CMakeFiles/TCP_Client.dir/Users/amrit/Desktop/PICO_REPOS/pico-sdk/lib/tinyusb/src/device/usbd.c.obj
                0x0000000010005604                dcd_event_handler
 .text.dcd_event_bus_signal
                0x00000000100057e4       0x26 CMakeFiles/TCP_Client.dir/Users/amrit/Desktop/PICO_REPOS/pico-sdk/lib/tinyusb/src/device/usbd.c.obj
                0x00000000100057e4                dcd_event_bus_signal
 .text.dcd_event_bus_reset
                0x000000001000580a       0x2a CMakeFiles/TCP_Client.dir/Users/amrit/Desktop/PICO_REPOS/pico-sdk/lib/tinyusb/src/device/usbd.c.obj
                0x000000001000580a                dcd_event_bus_reset
 .text.dcd_event_setup_received
                0x0000000010005834       0x34 CMakeFiles/TCP_Client.dir/Users/amrit/Desktop/PICO_REPOS/pico-sdk/lib/tinyusb/src/device/usbd.c.obj
                0x0000000010005834                dcd_event_setup_received
 .text.dcd_event_xfer_complete
                0x0000000010005868       0x44 CMakeFiles/TCP_Client.dir/Users/amrit/Desktop/PICO_REPOS/pico-sdk/lib/tinyusb/src/device/usbd.c.obj
                0x0000000010005868                dcd_event_xfer_complete
 .text.usbd_edpt_open
                0x00000000100058ac       0x58 CMakeFiles/TCP_Client.dir/Users/amrit/Desktop/PICO_REPOS/pico-sdk/lib/tinyusb/src/device/usbd.c.obj
                0x00000000100058ac                usbd_edpt_open
 .text.usbd_open_edpt_pair
                0x0000000010005904       0x8c CMakeFiles/TCP_Client.dir/Users/amrit/Desktop/PICO_REPOS/pico-sdk/lib/tinyusb/src/device/usbd.c.obj
                0x0000000010005904                usbd_open_edpt_pair
 .text.usbd_edpt_claim
                0x0000000010005990       0x8c CMakeFiles/TCP_Client.dir/Users/amrit/Desktop/PICO_REPOS/pico-sdk/lib/tinyusb/src/device/usbd.c.obj
                0x0000000010005990                usbd_edpt_claim
 .text.usbd_edpt_release
                0x0000000010005a1c       0x68 CMakeFiles/TCP_Client.dir/Users/amrit/Desktop/PICO_REPOS/pico-sdk/lib/tinyusb/src/device/usbd.c.obj
                0x0000000010005a1c                usbd_edpt_release
 .text.usbd_edpt_xfer
                0x0000000010005a84       0x80 CMakeFiles/TCP_Client.dir/Users/amrit/Desktop/PICO_REPOS/pico-sdk/lib/tinyusb/src/device/usbd.c.obj
                0x0000000010005a84                usbd_edpt_xfer
 .text.usbd_edpt_stall
                0x0000000010005b04       0x40 CMakeFiles/TCP_Client.dir/Users/amrit/Desktop/PICO_REPOS/pico-sdk/lib/tinyusb/src/device/usbd.c.obj
                0x0000000010005b04                usbd_edpt_stall
 .text.usbd_edpt_clear_stall
                0x0000000010005b44       0x40 CMakeFiles/TCP_Client.dir/Users/amrit/Desktop/PICO_REPOS/pico-sdk/lib/tinyusb/src/device/usbd.c.obj
                0x0000000010005b44                usbd_edpt_clear_stall
 .text.usbd_edpt_stalled
                0x0000000010005b84       0x1c CMakeFiles/TCP_Client.dir/Users/amrit/Desktop/PICO_REPOS/pico-sdk/lib/tinyusb/src/device/usbd.c.obj
                0x0000000010005b84                usbd_edpt_stalled
 .text.process_control_request
                0x0000000010005ba0      0x3b8 CMakeFiles/TCP_Client.dir/Users/amrit/Desktop/PICO_REPOS/pico-sdk/lib/tinyusb/src/device/usbd.c.obj
 .text.tud_task
                0x0000000010005f58      0x218 CMakeFiles/TCP_Client.dir/Users/amrit/Desktop/PICO_REPOS/pico-sdk/lib/tinyusb/src/device/usbd.c.obj
                0x0000000010005f58                tud_task
 .text._data_stage_xact
                0x0000000010006170       0x58 CMakeFiles/TCP_Client.dir/Users/amrit/Desktop/PICO_REPOS/pico-sdk/lib/tinyusb/src/device/usbd_control.c.obj
 .text.tud_control_status
                0x00000000100061c8       0x38 CMakeFiles/TCP_Client.dir/Users/amrit/Desktop/PICO_REPOS/pico-sdk/lib/tinyusb/src/device/usbd_control.c.obj
                0x00000000100061c8                tud_control_status
 .text.tud_control_xfer
                0x0000000010006200       0xa8 CMakeFiles/TCP_Client.dir/Users/amrit/Desktop/PICO_REPOS/pico-sdk/lib/tinyusb/src/device/usbd_control.c.obj
                0x0000000010006200                tud_control_xfer
 .text.usbd_control_reset
                0x00000000100062a8       0x14 CMakeFiles/TCP_Client.dir/Users/amrit/Desktop/PICO_REPOS/pico-sdk/lib/tinyusb/src/device/usbd_control.c.obj
                0x00000000100062a8                usbd_control_reset
 .text.usbd_control_set_complete_callback
                0x00000000100062bc        0xc CMakeFiles/TCP_Client.dir/Users/amrit/Desktop/PICO_REPOS/pico-sdk/lib/tinyusb/src/device/usbd_control.c.obj
                0x00000000100062bc                usbd_control_set_complete_callback
 .text.usbd_control_set_request
                0x00000000100062c8       0x1c CMakeFiles/TCP_Client.dir/Users/amrit/Desktop/PICO_REPOS/pico-sdk/lib/tinyusb/src/device/usbd_control.c.obj
                0x00000000100062c8                usbd_control_set_request
 .text.usbd_control_xfer_cb
                0x00000000100062e4       0xfc CMakeFiles/TCP_Client.dir/Users/amrit/Desktop/PICO_REPOS/pico-sdk/lib/tinyusb/src/device/usbd_control.c.obj
                0x00000000100062e4                usbd_control_xfer_cb
 .text._prep_out_transaction
                0x00000000100063e0       0x46 CMakeFiles/TCP_Client.dir/Users/amrit/Desktop/PICO_REPOS/pico-sdk/lib/tinyusb/src/class/cdc/cdc_device.c.obj
 *fill*         0x0000000010006426        0x2 
 .text.tud_cdc_n_connected
                0x0000000010006428       0x44 CMakeFiles/TCP_Client.dir/Users/amrit/Desktop/PICO_REPOS/pico-sdk/lib/tinyusb/src/class/cdc/cdc_device.c.obj
                0x0000000010006428                tud_cdc_n_connected
 .text.tud_cdc_n_available
                0x000000001000646c       0x18 CMakeFiles/TCP_Client.dir/Users/amrit/Desktop/PICO_REPOS/pico-sdk/lib/tinyusb/src/class/cdc/cdc_device.c.obj
                0x000000001000646c                tud_cdc_n_available
 .text.tud_cdc_n_read
                0x0000000010006484       0x28 CMakeFiles/TCP_Client.dir/Users/amrit/Desktop/PICO_REPOS/pico-sdk/lib/tinyusb/src/class/cdc/cdc_device.c.obj
                0x0000000010006484                tud_cdc_n_read
 .text.tud_cdc_n_write_flush
                0x00000000100064ac       0xcc CMakeFiles/TCP_Client.dir/Users/amrit/Desktop/PICO_REPOS/pico-sdk/lib/tinyusb/src/class/cdc/cdc_device.c.obj
                0x00000000100064ac                tud_cdc_n_write_flush
 .text.tud_cdc_n_write
                0x0000000010006578       0x38 CMakeFiles/TCP_Client.dir/Users/amrit/Desktop/PICO_REPOS/pico-sdk/lib/tinyusb/src/class/cdc/cdc_device.c.obj
                0x0000000010006578                tud_cdc_n_write
 .text.tud_cdc_n_write_available
                0x00000000100065b0       0x1c CMakeFiles/TCP_Client.dir/Users/amrit/Desktop/PICO_REPOS/pico-sdk/lib/tinyusb/src/class/cdc/cdc_device.c.obj
                0x00000000100065b0                tud_cdc_n_write_available
 .text.cdcd_init
                0x00000000100065cc       0xbc CMakeFiles/TCP_Client.dir/Users/amrit/Desktop/PICO_REPOS/pico-sdk/lib/tinyusb/src/class/cdc/cdc_device.c.obj
                0x00000000100065cc                cdcd_init
 .text.cdcd_reset
                0x0000000010006688       0x44 CMakeFiles/TCP_Client.dir/Users/amrit/Desktop/PICO_REPOS/pico-sdk/lib/tinyusb/src/class/cdc/cdc_device.c.obj
                0x0000000010006688                cdcd_reset
 .text.cdcd_open
                0x00000000100066cc       0xf8 CMakeFiles/TCP_Client.dir/Users/amrit/Desktop/PICO_REPOS/pico-sdk/lib/tinyusb/src/class/cdc/cdc_device.c.obj
                0x00000000100066cc                cdcd_open
 .text.cdcd_control_xfer_cb
                0x00000000100067c4      0x134 CMakeFiles/TCP_Client.dir/Users/amrit/Desktop/PICO_REPOS/pico-sdk/lib/tinyusb/src/class/cdc/cdc_device.c.obj
                0x00000000100067c4                cdcd_control_xfer_cb
 .text.cdcd_xfer_cb
                0x00000000100068f8      0x144 CMakeFiles/TCP_Client.dir/Users/amrit/Desktop/PICO_REPOS/pico-sdk/lib/tinyusb/src/class/cdc/cdc_device.c.obj
                0x00000000100068f8                cdcd_xfer_cb
 .text.tusb_init
                0x0000000010006a3c       0x24 CMakeFiles/TCP_Client.dir/Users/amrit/Desktop/PICO_REPOS/pico-sdk/lib/tinyusb/src/tusb.c.obj
                0x0000000010006a3c                tusb_init
 .text.tusb_inited
                0x0000000010006a60        0xe CMakeFiles/TCP_Client.dir/Users/amrit/Desktop/PICO_REPOS/pico-sdk/lib/tinyusb/src/tusb.c.obj
                0x0000000010006a60                tusb_inited
 *fill*         0x0000000010006a6e        0x2 
 .text.tu_edpt_validate
                0x0000000010006a70       0xa8 CMakeFiles/TCP_Client.dir/Users/amrit/Desktop/PICO_REPOS/pico-sdk/lib/tinyusb/src/tusb.c.obj
                0x0000000010006a70                tu_edpt_validate
 .text.tu_edpt_bind_driver
                0x0000000010006b18       0x2a CMakeFiles/TCP_Client.dir/Users/amrit/Desktop/PICO_REPOS/pico-sdk/lib/tinyusb/src/tusb.c.obj
                0x0000000010006b18                tu_edpt_bind_driver
 .text.advance_pointer
                0x0000000010006b42       0x18 CMakeFiles/TCP_Client.dir/Users/amrit/Desktop/PICO_REPOS/pico-sdk/lib/tinyusb/src/common/tusb_fifo.c.obj
 .text.backward_pointer
                0x0000000010006b5a       0x1e CMakeFiles/TCP_Client.dir/Users/amrit/Desktop/PICO_REPOS/pico-sdk/lib/tinyusb/src/common/tusb_fifo.c.obj
 .text.get_relative_pointer
                0x0000000010006b78       0x10 CMakeFiles/TCP_Client.dir/Users/amrit/Desktop/PICO_REPOS/pico-sdk/lib/tinyusb/src/common/tusb_fifo.c.obj
 .text._tu_fifo_peek
                0x0000000010006b88       0x50 CMakeFiles/TCP_Client.dir/Users/amrit/Desktop/PICO_REPOS/pico-sdk/lib/tinyusb/src/common/tusb_fifo.c.obj
 .text._ff_pull_const_addr
                0x0000000010006bd8       0x4c CMakeFiles/TCP_Client.dir/Users/amrit/Desktop/PICO_REPOS/pico-sdk/lib/tinyusb/src/common/tusb_fifo.c.obj
 .text._ff_pull_n
                0x0000000010006c24      0x10c CMakeFiles/TCP_Client.dir/Users/amrit/Desktop/PICO_REPOS/pico-sdk/lib/tinyusb/src/common/tusb_fifo.c.obj
 .text._tu_fifo_peek_n
                0x0000000010006d30       0x5e CMakeFiles/TCP_Client.dir/Users/amrit/Desktop/PICO_REPOS/pico-sdk/lib/tinyusb/src/common/tusb_fifo.c.obj
 .text._tu_fifo_read_n
                0x0000000010006d8e       0x4e CMakeFiles/TCP_Client.dir/Users/amrit/Desktop/PICO_REPOS/pico-sdk/lib/tinyusb/src/common/tusb_fifo.c.obj
 .text._ff_push_const_addr
                0x0000000010006ddc       0x40 CMakeFiles/TCP_Client.dir/Users/amrit/Desktop/PICO_REPOS/pico-sdk/lib/tinyusb/src/common/tusb_fifo.c.obj
 .text._ff_push_n
                0x0000000010006e1c      0x108 CMakeFiles/TCP_Client.dir/Users/amrit/Desktop/PICO_REPOS/pico-sdk/lib/tinyusb/src/common/tusb_fifo.c.obj
 .text._tu_fifo_write_n
                0x0000000010006f24       0x9e CMakeFiles/TCP_Client.dir/Users/amrit/Desktop/PICO_REPOS/pico-sdk/lib/tinyusb/src/common/tusb_fifo.c.obj
 .text.tu_fifo_config
                0x0000000010006fc2       0x72 CMakeFiles/TCP_Client.dir/Users/amrit/Desktop/PICO_REPOS/pico-sdk/lib/tinyusb/src/common/tusb_fifo.c.obj
                0x0000000010006fc2                tu_fifo_config
 .text.tu_fifo_count
                0x0000000010007034       0x26 CMakeFiles/TCP_Client.dir/Users/amrit/Desktop/PICO_REPOS/pico-sdk/lib/tinyusb/src/common/tusb_fifo.c.obj
                0x0000000010007034                tu_fifo_count
 .text.tu_fifo_empty
                0x000000001000705a       0x10 CMakeFiles/TCP_Client.dir/Users/amrit/Desktop/PICO_REPOS/pico-sdk/lib/tinyusb/src/common/tusb_fifo.c.obj
                0x000000001000705a                tu_fifo_empty
 .text.tu_fifo_remaining
                0x000000001000706a       0x20 CMakeFiles/TCP_Client.dir/Users/amrit/Desktop/PICO_REPOS/pico-sdk/lib/tinyusb/src/common/tusb_fifo.c.obj
                0x000000001000706a                tu_fifo_remaining
 .text.tu_fifo_read
                0x000000001000708a       0x42 CMakeFiles/TCP_Client.dir/Users/amrit/Desktop/PICO_REPOS/pico-sdk/lib/tinyusb/src/common/tusb_fifo.c.obj
                0x000000001000708a                tu_fifo_read
 .text.tu_fifo_read_n
                0x00000000100070cc        0xa CMakeFiles/TCP_Client.dir/Users/amrit/Desktop/PICO_REPOS/pico-sdk/lib/tinyusb/src/common/tusb_fifo.c.obj
                0x00000000100070cc                tu_fifo_read_n
 .text.tu_fifo_write
                0x00000000100070d6       0x6c CMakeFiles/TCP_Client.dir/Users/amrit/Desktop/PICO_REPOS/pico-sdk/lib/tinyusb/src/common/tusb_fifo.c.obj
                0x00000000100070d6                tu_fifo_write
 .text.tu_fifo_write_n
                0x0000000010007142        0xa CMakeFiles/TCP_Client.dir/Users/amrit/Desktop/PICO_REPOS/pico-sdk/lib/tinyusb/src/common/tusb_fifo.c.obj
                0x0000000010007142                tu_fifo_write_n
 .text.tu_fifo_clear
                0x000000001000714c       0x4c CMakeFiles/TCP_Client.dir/Users/amrit/Desktop/PICO_REPOS/pico-sdk/lib/tinyusb/src/common/tusb_fifo.c.obj
                0x000000001000714c                tu_fifo_clear
 .text.tu_fifo_set_overwritable
                0x0000000010007198       0x3c CMakeFiles/TCP_Client.dir/Users/amrit/Desktop/PICO_REPOS/pico-sdk/lib/tinyusb/src/common/tusb_fifo.c.obj
                0x0000000010007198                tu_fifo_set_overwritable
 .text.lwip_init
                0x00000000100071d4       0x24 CMakeFiles/TCP_Client.dir/Users/amrit/Desktop/PICO_REPOS/pico-sdk/lib/lwip/src/core/init.c.obj
                0x00000000100071d4                lwip_init
 .text.lwip_htons
                0x00000000100071f8        0xa CMakeFiles/TCP_Client.dir/Users/amrit/Desktop/PICO_REPOS/pico-sdk/lib/lwip/src/core/def.c.obj
                0x00000000100071f8                lwip_htons
 .text.lwip_htonl
                0x0000000010007202       0x1c CMakeFiles/TCP_Client.dir/Users/amrit/Desktop/PICO_REPOS/pico-sdk/lib/lwip/src/core/def.c.obj
                0x0000000010007202                lwip_htonl
 *fill*         0x000000001000721e        0x2 
 .text.dns_backupserver_available
                0x0000000010007220       0x28 CMakeFiles/TCP_Client.dir/Users/amrit/Desktop/PICO_REPOS/pico-sdk/lib/lwip/src/core/dns.c.obj
 .text.dns_create_txid
                0x0000000010007248       0x3c CMakeFiles/TCP_Client.dir/Users/amrit/Desktop/PICO_REPOS/pico-sdk/lib/lwip/src/core/dns.c.obj
 .text.dns_call_found
                0x0000000010007284       0xf4 CMakeFiles/TCP_Client.dir/Users/amrit/Desktop/PICO_REPOS/pico-sdk/lib/lwip/src/core/dns.c.obj
 .text.dns_send
                0x0000000010007378      0x168 CMakeFiles/TCP_Client.dir/Users/amrit/Desktop/PICO_REPOS/pico-sdk/lib/lwip/src/core/dns.c.obj
 .text.dns_check_entry
                0x00000000100074e0       0xf4 CMakeFiles/TCP_Client.dir/Users/amrit/Desktop/PICO_REPOS/pico-sdk/lib/lwip/src/core/dns.c.obj
 .text.dns_check_entries
                0x00000000100075d4       0x16 CMakeFiles/TCP_Client.dir/Users/amrit/Desktop/PICO_REPOS/pico-sdk/lib/lwip/src/core/dns.c.obj
 .text.dns_init
                0x00000000100075ea        0x2 CMakeFiles/TCP_Client.dir/Users/amrit/Desktop/PICO_REPOS/pico-sdk/lib/lwip/src/core/dns.c.obj
                0x00000000100075ea                dns_init
 .text.dns_setserver
                0x00000000100075ec       0x28 CMakeFiles/TCP_Client.dir/Users/amrit/Desktop/PICO_REPOS/pico-sdk/lib/lwip/src/core/dns.c.obj
                0x00000000100075ec                dns_setserver
 .text.dns_tmr  0x0000000010007614        0x8 CMakeFiles/TCP_Client.dir/Users/amrit/Desktop/PICO_REPOS/pico-sdk/lib/lwip/src/core/dns.c.obj
                0x0000000010007614                dns_tmr
 .text.lwip_standard_chksum
                0x000000001000761c       0xac CMakeFiles/TCP_Client.dir/Users/amrit/Desktop/PICO_REPOS/pico-sdk/lib/lwip/src/core/inet_chksum.c.obj
                0x000000001000761c                lwip_standard_chksum
 .text.inet_cksum_pseudo_base
                0x00000000100076c8       0x7c CMakeFiles/TCP_Client.dir/Users/amrit/Desktop/PICO_REPOS/pico-sdk/lib/lwip/src/core/inet_chksum.c.obj
 .text.inet_chksum_pseudo
                0x0000000010007744       0x30 CMakeFiles/TCP_Client.dir/Users/amrit/Desktop/PICO_REPOS/pico-sdk/lib/lwip/src/core/inet_chksum.c.obj
                0x0000000010007744                inet_chksum_pseudo
 .text.ip_chksum_pseudo
                0x0000000010007774       0x10 CMakeFiles/TCP_Client.dir/Users/amrit/Desktop/PICO_REPOS/pico-sdk/lib/lwip/src/core/inet_chksum.c.obj
                0x0000000010007774                ip_chksum_pseudo
 .text.inet_chksum
                0x0000000010007784        0xc CMakeFiles/TCP_Client.dir/Users/amrit/Desktop/PICO_REPOS/pico-sdk/lib/lwip/src/core/inet_chksum.c.obj
                0x0000000010007784                inet_chksum
 .text.ptr_to_mem
                0x0000000010007790        0xc CMakeFiles/TCP_Client.dir/Users/amrit/Desktop/PICO_REPOS/pico-sdk/lib/lwip/src/core/mem.c.obj
 .text.mem_to_ptr
                0x000000001000779c       0x10 CMakeFiles/TCP_Client.dir/Users/amrit/Desktop/PICO_REPOS/pico-sdk/lib/lwip/src/core/mem.c.obj
 .text.plug_holes
                0x00000000100077ac       0x8c CMakeFiles/TCP_Client.dir/Users/amrit/Desktop/PICO_REPOS/pico-sdk/lib/lwip/src/core/mem.c.obj
 .text.mem_link_valid
                0x0000000010007838       0x5c CMakeFiles/TCP_Client.dir/Users/amrit/Desktop/PICO_REPOS/pico-sdk/lib/lwip/src/core/mem.c.obj
 .text.mem_init
                0x0000000010007894       0x44 CMakeFiles/TCP_Client.dir/Users/amrit/Desktop/PICO_REPOS/pico-sdk/lib/lwip/src/core/mem.c.obj
                0x0000000010007894                mem_init
 .text.mem_free
                0x00000000100078d8       0x84 CMakeFiles/TCP_Client.dir/Users/amrit/Desktop/PICO_REPOS/pico-sdk/lib/lwip/src/core/mem.c.obj
                0x00000000100078d8                mem_free
 .text.mem_trim
                0x000000001000795c      0x118 CMakeFiles/TCP_Client.dir/Users/amrit/Desktop/PICO_REPOS/pico-sdk/lib/lwip/src/core/mem.c.obj
                0x000000001000795c                mem_trim
 .text.mem_malloc
                0x0000000010007a74       0xe4 CMakeFiles/TCP_Client.dir/Users/amrit/Desktop/PICO_REPOS/pico-sdk/lib/lwip/src/core/mem.c.obj
                0x0000000010007a74                mem_malloc
 .text.do_memp_malloc_pool
                0x0000000010007b58       0x22 CMakeFiles/TCP_Client.dir/Users/amrit/Desktop/PICO_REPOS/pico-sdk/lib/lwip/src/core/memp.c.obj
 .text.do_memp_free_pool
                0x0000000010007b7a       0x1a CMakeFiles/TCP_Client.dir/Users/amrit/Desktop/PICO_REPOS/pico-sdk/lib/lwip/src/core/memp.c.obj
 .text.memp_init_pool
                0x0000000010007b94       0x2a CMakeFiles/TCP_Client.dir/Users/amrit/Desktop/PICO_REPOS/pico-sdk/lib/lwip/src/core/memp.c.obj
                0x0000000010007b94                memp_init_pool
 *fill*         0x0000000010007bbe        0x2 
 .text.memp_init
                0x0000000010007bc0       0x20 CMakeFiles/TCP_Client.dir/Users/amrit/Desktop/PICO_REPOS/pico-sdk/lib/lwip/src/core/memp.c.obj
                0x0000000010007bc0                memp_init
 .text.memp_malloc
                0x0000000010007be0       0x24 CMakeFiles/TCP_Client.dir/Users/amrit/Desktop/PICO_REPOS/pico-sdk/lib/lwip/src/core/memp.c.obj
                0x0000000010007be0                memp_malloc
 .text.memp_free
                0x0000000010007c04       0x28 CMakeFiles/TCP_Client.dir/Users/amrit/Desktop/PICO_REPOS/pico-sdk/lib/lwip/src/core/memp.c.obj
                0x0000000010007c04                memp_free
 .text.netif_do_set_netmask
                0x0000000010007c2c       0x1a CMakeFiles/TCP_Client.dir/Users/amrit/Desktop/PICO_REPOS/pico-sdk/lib/lwip/src/core/netif.c.obj
 .text.netif_do_set_gw
                0x0000000010007c46       0x1a CMakeFiles/TCP_Client.dir/Users/amrit/Desktop/PICO_REPOS/pico-sdk/lib/lwip/src/core/netif.c.obj
 .text.netif_do_ip_addr_changed
                0x0000000010007c60       0x1c CMakeFiles/TCP_Client.dir/Users/amrit/Desktop/PICO_REPOS/pico-sdk/lib/lwip/src/core/netif.c.obj
 .text.netif_issue_reports
                0x0000000010007c7c       0x26 CMakeFiles/TCP_Client.dir/Users/amrit/Desktop/PICO_REPOS/pico-sdk/lib/lwip/src/core/netif.c.obj
 .text.netif_do_set_ipaddr
                0x0000000010007ca2       0x44 CMakeFiles/TCP_Client.dir/Users/amrit/Desktop/PICO_REPOS/pico-sdk/lib/lwip/src/core/netif.c.obj
 .text.netif_init
                0x0000000010007ce6        0x2 CMakeFiles/TCP_Client.dir/Users/amrit/Desktop/PICO_REPOS/pico-sdk/lib/lwip/src/core/netif.c.obj
                0x0000000010007ce6                netif_init
 .text.netif_set_addr
                0x0000000010007ce8       0x78 CMakeFiles/TCP_Client.dir/Users/amrit/Desktop/PICO_REPOS/pico-sdk/lib/lwip/src/core/netif.c.obj
                0x0000000010007ce8                netif_set_addr
 .text.netif_get_by_index
                0x0000000010007d60       0x24 CMakeFiles/TCP_Client.dir/Users/amrit/Desktop/PICO_REPOS/pico-sdk/lib/lwip/src/core/netif.c.obj
                0x0000000010007d60                netif_get_by_index
 .text.pbuf_init_alloced_pbuf
                0x0000000010007d84       0x20 CMakeFiles/TCP_Client.dir/Users/amrit/Desktop/PICO_REPOS/pico-sdk/lib/lwip/src/core/pbuf.c.obj
 .text.pbuf_add_header_impl
                0x0000000010007da4       0x60 CMakeFiles/TCP_Client.dir/Users/amrit/Desktop/PICO_REPOS/pico-sdk/lib/lwip/src/core/pbuf.c.obj
 .text.pbuf_skip_const
                0x0000000010007e04       0x1a CMakeFiles/TCP_Client.dir/Users/amrit/Desktop/PICO_REPOS/pico-sdk/lib/lwip/src/core/pbuf.c.obj
 *fill*         0x0000000010007e1e        0x2 
 .text.pbuf_pool_is_empty
                0x0000000010007e20       0x18 CMakeFiles/TCP_Client.dir/Users/amrit/Desktop/PICO_REPOS/pico-sdk/lib/lwip/src/core/pbuf.c.obj
 .text.pbuf_free_ooseq
                0x0000000010007e38       0x30 CMakeFiles/TCP_Client.dir/Users/amrit/Desktop/PICO_REPOS/pico-sdk/lib/lwip/src/core/pbuf.c.obj
                0x0000000010007e38                pbuf_free_ooseq
 .text.pbuf_alloc_reference
                0x0000000010007e68       0x2a CMakeFiles/TCP_Client.dir/Users/amrit/Desktop/PICO_REPOS/pico-sdk/lib/lwip/src/core/pbuf.c.obj
                0x0000000010007e68                pbuf_alloc_reference
 .text.pbuf_add_header
                0x0000000010007e92        0xa CMakeFiles/TCP_Client.dir/Users/amrit/Desktop/PICO_REPOS/pico-sdk/lib/lwip/src/core/pbuf.c.obj
                0x0000000010007e92                pbuf_add_header
 .text.pbuf_free
                0x0000000010007e9c       0x5c CMakeFiles/TCP_Client.dir/Users/amrit/Desktop/PICO_REPOS/pico-sdk/lib/lwip/src/core/pbuf.c.obj
                0x0000000010007e9c                pbuf_free
 .text.pbuf_alloc
                0x0000000010007ef8      0x128 CMakeFiles/TCP_Client.dir/Users/amrit/Desktop/PICO_REPOS/pico-sdk/lib/lwip/src/core/pbuf.c.obj
                0x0000000010007ef8                pbuf_alloc
 .text.pbuf_realloc
                0x0000000010008020       0x50 CMakeFiles/TCP_Client.dir/Users/amrit/Desktop/PICO_REPOS/pico-sdk/lib/lwip/src/core/pbuf.c.obj
                0x0000000010008020                pbuf_realloc
 .text.pbuf_clen
                0x0000000010008070       0x12 CMakeFiles/TCP_Client.dir/Users/amrit/Desktop/PICO_REPOS/pico-sdk/lib/lwip/src/core/pbuf.c.obj
                0x0000000010008070                pbuf_clen
 .text.pbuf_ref
                0x0000000010008082       0x16 CMakeFiles/TCP_Client.dir/Users/amrit/Desktop/PICO_REPOS/pico-sdk/lib/lwip/src/core/pbuf.c.obj
                0x0000000010008082                pbuf_ref
 .text.pbuf_cat
                0x0000000010008098       0x34 CMakeFiles/TCP_Client.dir/Users/amrit/Desktop/PICO_REPOS/pico-sdk/lib/lwip/src/core/pbuf.c.obj
                0x0000000010008098                pbuf_cat
 .text.pbuf_chain
                0x00000000100080cc       0x10 CMakeFiles/TCP_Client.dir/Users/amrit/Desktop/PICO_REPOS/pico-sdk/lib/lwip/src/core/pbuf.c.obj
                0x00000000100080cc                pbuf_chain
 .text.pbuf_copy_partial_pbuf
                0x00000000100080dc      0x120 CMakeFiles/TCP_Client.dir/Users/amrit/Desktop/PICO_REPOS/pico-sdk/lib/lwip/src/core/pbuf.c.obj
                0x00000000100080dc                pbuf_copy_partial_pbuf
 .text.pbuf_copy_partial
                0x00000000100081fc       0x90 CMakeFiles/TCP_Client.dir/Users/amrit/Desktop/PICO_REPOS/pico-sdk/lib/lwip/src/core/pbuf.c.obj
                0x00000000100081fc                pbuf_copy_partial
 .text.pbuf_skip
                0x000000001000828c        0x8 CMakeFiles/TCP_Client.dir/Users/amrit/Desktop/PICO_REPOS/pico-sdk/lib/lwip/src/core/pbuf.c.obj
                0x000000001000828c                pbuf_skip
 .text.pbuf_take
                0x0000000010008294       0x78 CMakeFiles/TCP_Client.dir/Users/amrit/Desktop/PICO_REPOS/pico-sdk/lib/lwip/src/core/pbuf.c.obj
                0x0000000010008294                pbuf_take
 .text.pbuf_take_at
                0x000000001000830c       0x62 CMakeFiles/TCP_Client.dir/Users/amrit/Desktop/PICO_REPOS/pico-sdk/lib/lwip/src/core/pbuf.c.obj
                0x000000001000830c                pbuf_take_at
 .text.pbuf_put_at
                0x000000001000836e       0x26 CMakeFiles/TCP_Client.dir/Users/amrit/Desktop/PICO_REPOS/pico-sdk/lib/lwip/src/core/pbuf.c.obj
                0x000000001000836e                pbuf_put_at
 .text.raw_netif_ip_addr_changed
                0x0000000010008394       0x38 CMakeFiles/TCP_Client.dir/Users/amrit/Desktop/PICO_REPOS/pico-sdk/lib/lwip/src/core/raw.c.obj
                0x0000000010008394                raw_netif_ip_addr_changed
 .text.stats_init
                0x00000000100083cc        0x2 CMakeFiles/TCP_Client.dir/Users/amrit/Desktop/PICO_REPOS/pico-sdk/lib/lwip/src/core/stats.c.obj
                0x00000000100083cc                stats_init
 .text.tcp_remove_listener
                0x00000000100083ce       0x16 CMakeFiles/TCP_Client.dir/Users/amrit/Desktop/PICO_REPOS/pico-sdk/lib/lwip/src/core/tcp.c.obj
 .text.tcp_listen_closed
                0x00000000100083e4       0x24 CMakeFiles/TCP_Client.dir/Users/amrit/Desktop/PICO_REPOS/pico-sdk/lib/lwip/src/core/tcp.c.obj
 .text.tcp_free_listen
                0x0000000010008408        0xc CMakeFiles/TCP_Client.dir/Users/amrit/Desktop/PICO_REPOS/pico-sdk/lib/lwip/src/core/tcp.c.obj
 .text.tcp_close_shutdown_fin
                0x0000000010008414       0x5c CMakeFiles/TCP_Client.dir/Users/amrit/Desktop/PICO_REPOS/pico-sdk/lib/lwip/src/core/tcp.c.obj
 .text.tcp_init
                0x0000000010008470       0x20 CMakeFiles/TCP_Client.dir/Users/amrit/Desktop/PICO_REPOS/pico-sdk/lib/lwip/src/core/tcp.c.obj
                0x0000000010008470                tcp_init
 .text.tcp_free
                0x0000000010008490        0xc CMakeFiles/TCP_Client.dir/Users/amrit/Desktop/PICO_REPOS/pico-sdk/lib/lwip/src/core/tcp.c.obj
                0x0000000010008490                tcp_free
 .text.tcp_update_rcv_ann_wnd
                0x000000001000849c       0x38 CMakeFiles/TCP_Client.dir/Users/amrit/Desktop/PICO_REPOS/pico-sdk/lib/lwip/src/core/tcp.c.obj
                0x000000001000849c                tcp_update_rcv_ann_wnd
 .text.tcp_recved
                0x00000000100084d4       0x50 CMakeFiles/TCP_Client.dir/Users/amrit/Desktop/PICO_REPOS/pico-sdk/lib/lwip/src/core/tcp.c.obj
                0x00000000100084d4                tcp_recved
 .text.tcp_seg_free
                0x0000000010008524       0x1a CMakeFiles/TCP_Client.dir/Users/amrit/Desktop/PICO_REPOS/pico-sdk/lib/lwip/src/core/tcp.c.obj
                0x0000000010008524                tcp_seg_free
 .text.tcp_segs_free
                0x000000001000853e       0x12 CMakeFiles/TCP_Client.dir/Users/amrit/Desktop/PICO_REPOS/pico-sdk/lib/lwip/src/core/tcp.c.obj
                0x000000001000853e                tcp_segs_free
 .text.tcp_eff_send_mss_netif
                0x0000000010008550       0x22 CMakeFiles/TCP_Client.dir/Users/amrit/Desktop/PICO_REPOS/pico-sdk/lib/lwip/src/core/tcp.c.obj
                0x0000000010008550                tcp_eff_send_mss_netif
 .text.tcp_free_ooseq
                0x0000000010008572       0x14 CMakeFiles/TCP_Client.dir/Users/amrit/Desktop/PICO_REPOS/pico-sdk/lib/lwip/src/core/tcp.c.obj
                0x0000000010008572                tcp_free_ooseq
 *fill*         0x0000000010008586        0x2 
 .text.tcp_pcb_purge
                0x0000000010008588       0x58 CMakeFiles/TCP_Client.dir/Users/amrit/Desktop/PICO_REPOS/pico-sdk/lib/lwip/src/core/tcp.c.obj
                0x0000000010008588                tcp_pcb_purge
 .text.tcp_pcb_remove
                0x00000000100085e0       0x52 CMakeFiles/TCP_Client.dir/Users/amrit/Desktop/PICO_REPOS/pico-sdk/lib/lwip/src/core/tcp.c.obj
                0x00000000100085e0                tcp_pcb_remove
 *fill*         0x0000000010008632        0x2 
 .text.tcp_abandon
                0x0000000010008634       0xfc CMakeFiles/TCP_Client.dir/Users/amrit/Desktop/PICO_REPOS/pico-sdk/lib/lwip/src/core/tcp.c.obj
                0x0000000010008634                tcp_abandon
 .text.tcp_abort
                0x0000000010008730        0xa CMakeFiles/TCP_Client.dir/Users/amrit/Desktop/PICO_REPOS/pico-sdk/lib/lwip/src/core/tcp.c.obj
                0x0000000010008730                tcp_abort
 .text.tcp_netif_ip_addr_changed_pcblist
                0x000000001000873a       0x22 CMakeFiles/TCP_Client.dir/Users/amrit/Desktop/PICO_REPOS/pico-sdk/lib/lwip/src/core/tcp.c.obj
 .text.tcp_netif_ip_addr_changed
                0x000000001000875c       0x54 CMakeFiles/TCP_Client.dir/Users/amrit/Desktop/PICO_REPOS/pico-sdk/lib/lwip/src/core/tcp.c.obj
                0x000000001000875c                tcp_netif_ip_addr_changed
 .text.tcp_close_shutdown
                0x00000000100087b0      0x11c CMakeFiles/TCP_Client.dir/Users/amrit/Desktop/PICO_REPOS/pico-sdk/lib/lwip/src/core/tcp.c.obj
 .text.tcp_close
                0x00000000100088cc       0x2c CMakeFiles/TCP_Client.dir/Users/amrit/Desktop/PICO_REPOS/pico-sdk/lib/lwip/src/core/tcp.c.obj
                0x00000000100088cc                tcp_close
 .text.tcp_recv_null
                0x00000000100088f8       0x3c CMakeFiles/TCP_Client.dir/Users/amrit/Desktop/PICO_REPOS/pico-sdk/lib/lwip/src/core/tcp.c.obj
                0x00000000100088f8                tcp_recv_null
 .text.tcp_process_refused_data
                0x0000000010008934       0x88 CMakeFiles/TCP_Client.dir/Users/amrit/Desktop/PICO_REPOS/pico-sdk/lib/lwip/src/core/tcp.c.obj
                0x0000000010008934                tcp_process_refused_data
 .text.tcp_fasttmr
                0x00000000100089bc       0x80 CMakeFiles/TCP_Client.dir/Users/amrit/Desktop/PICO_REPOS/pico-sdk/lib/lwip/src/core/tcp.c.obj
                0x00000000100089bc                tcp_fasttmr
 .text.tcp_slowtmr
                0x0000000010008a3c      0x3a0 CMakeFiles/TCP_Client.dir/Users/amrit/Desktop/PICO_REPOS/pico-sdk/lib/lwip/src/core/tcp.c.obj
                0x0000000010008a3c                tcp_slowtmr
 .text.tcp_tmr  0x0000000010008ddc       0x20 CMakeFiles/TCP_Client.dir/Users/amrit/Desktop/PICO_REPOS/pico-sdk/lib/lwip/src/core/tcp.c.obj
                0x0000000010008ddc                tcp_tmr
 .text.tcp_trigger_input_pcb_close
                0x0000000010008dfc       0x10 CMakeFiles/TCP_Client.dir/Users/amrit/Desktop/PICO_REPOS/pico-sdk/lib/lwip/src/core/tcp_in.c.obj
                0x0000000010008dfc                tcp_trigger_input_pcb_close
 .text.tcp_output_segment_busy
                0x0000000010008e0c       0x10 CMakeFiles/TCP_Client.dir/Users/amrit/Desktop/PICO_REPOS/pico-sdk/lib/lwip/src/core/tcp_out.c.obj
 .text.tcp_create_segment
                0x0000000010008e1c       0xc4 CMakeFiles/TCP_Client.dir/Users/amrit/Desktop/PICO_REPOS/pico-sdk/lib/lwip/src/core/tcp_out.c.obj
 .text.tcp_output_alloc_header_common
                0x0000000010008ee0       0xba CMakeFiles/TCP_Client.dir/Users/amrit/Desktop/PICO_REPOS/pico-sdk/lib/lwip/src/core/tcp_out.c.obj
 .text.tcp_output_alloc_header
                0x0000000010008f9a       0x2e CMakeFiles/TCP_Client.dir/Users/amrit/Desktop/PICO_REPOS/pico-sdk/lib/lwip/src/core/tcp_out.c.obj
 .text.tcp_rst_common
                0x0000000010008fc8       0x34 CMakeFiles/TCP_Client.dir/Users/amrit/Desktop/PICO_REPOS/pico-sdk/lib/lwip/src/core/tcp_out.c.obj
 .text.tcp_route
                0x0000000010008ffc       0x1a CMakeFiles/TCP_Client.dir/Users/amrit/Desktop/PICO_REPOS/pico-sdk/lib/lwip/src/core/tcp_out.c.obj
 *fill*         0x0000000010009016        0x2 
 .text.tcp_output_segment
                0x0000000010009018      0x118 CMakeFiles/TCP_Client.dir/Users/amrit/Desktop/PICO_REPOS/pico-sdk/lib/lwip/src/core/tcp_out.c.obj
 .text.tcp_output_control_segment_netif
                0x0000000010009130       0x74 CMakeFiles/TCP_Client.dir/Users/amrit/Desktop/PICO_REPOS/pico-sdk/lib/lwip/src/core/tcp_out.c.obj
 .text.tcp_output_control_segment
                0x00000000100091a4       0x36 CMakeFiles/TCP_Client.dir/Users/amrit/Desktop/PICO_REPOS/pico-sdk/lib/lwip/src/core/tcp_out.c.obj
 *fill*         0x00000000100091da        0x2 
 .text.tcp_split_unsent_seg
                0x00000000100091dc      0x1ac CMakeFiles/TCP_Client.dir/Users/amrit/Desktop/PICO_REPOS/pico-sdk/lib/lwip/src/core/tcp_out.c.obj
                0x00000000100091dc                tcp_split_unsent_seg
 .text.tcp_enqueue_flags
                0x0000000010009388       0xb4 CMakeFiles/TCP_Client.dir/Users/amrit/Desktop/PICO_REPOS/pico-sdk/lib/lwip/src/core/tcp_out.c.obj
                0x0000000010009388                tcp_enqueue_flags
 .text.tcp_send_fin
                0x000000001000943c       0x5a CMakeFiles/TCP_Client.dir/Users/amrit/Desktop/PICO_REPOS/pico-sdk/lib/lwip/src/core/tcp_out.c.obj
                0x000000001000943c                tcp_send_fin
 .text.tcp_rexmit_rto_prepare
                0x0000000010009496       0x9e CMakeFiles/TCP_Client.dir/Users/amrit/Desktop/PICO_REPOS/pico-sdk/lib/lwip/src/core/tcp_out.c.obj
                0x0000000010009496                tcp_rexmit_rto_prepare
 .text.tcp_rst  0x0000000010009534       0x32 CMakeFiles/TCP_Client.dir/Users/amrit/Desktop/PICO_REPOS/pico-sdk/lib/lwip/src/core/tcp_out.c.obj
                0x0000000010009534                tcp_rst
 .text.tcp_send_empty_ack
                0x0000000010009566       0x4a CMakeFiles/TCP_Client.dir/Users/amrit/Desktop/PICO_REPOS/pico-sdk/lib/lwip/src/core/tcp_out.c.obj
                0x0000000010009566                tcp_send_empty_ack
 .text.tcp_output
                0x00000000100095b0      0x30c CMakeFiles/TCP_Client.dir/Users/amrit/Desktop/PICO_REPOS/pico-sdk/lib/lwip/src/core/tcp_out.c.obj
                0x00000000100095b0                tcp_output
 .text.tcp_rexmit_rto_commit
                0x00000000100098bc       0x16 CMakeFiles/TCP_Client.dir/Users/amrit/Desktop/PICO_REPOS/pico-sdk/lib/lwip/src/core/tcp_out.c.obj
                0x00000000100098bc                tcp_rexmit_rto_commit
 .text.tcp_keepalive
                0x00000000100098d2       0x2e CMakeFiles/TCP_Client.dir/Users/amrit/Desktop/PICO_REPOS/pico-sdk/lib/lwip/src/core/tcp_out.c.obj
                0x00000000100098d2                tcp_keepalive
 .text.tcp_zero_window_probe
                0x0000000010009900       0xf4 CMakeFiles/TCP_Client.dir/Users/amrit/Desktop/PICO_REPOS/pico-sdk/lib/lwip/src/core/tcp_out.c.obj
                0x0000000010009900                tcp_zero_window_probe
 .text.sys_timeout_abs
                0x00000000100099f4       0x54 CMakeFiles/TCP_Client.dir/Users/amrit/Desktop/PICO_REPOS/pico-sdk/lib/lwip/src/core/timeouts.c.obj
 .text.lwip_cyclic_timer
                0x0000000010009a48       0x38 CMakeFiles/TCP_Client.dir/Users/amrit/Desktop/PICO_REPOS/pico-sdk/lib/lwip/src/core/timeouts.c.obj
 .text.sys_timeout
                0x0000000010009a80       0x18 CMakeFiles/TCP_Client.dir/Users/amrit/Desktop/PICO_REPOS/pico-sdk/lib/lwip/src/core/timeouts.c.obj
                0x0000000010009a80                sys_timeout
 .text.sys_timeouts_init
                0x0000000010009a98       0x24 CMakeFiles/TCP_Client.dir/Users/amrit/Desktop/PICO_REPOS/pico-sdk/lib/lwip/src/core/timeouts.c.obj
                0x0000000010009a98                sys_timeouts_init
 .text.sys_check_timeouts
                0x0000000010009abc       0x54 CMakeFiles/TCP_Client.dir/Users/amrit/Desktop/PICO_REPOS/pico-sdk/lib/lwip/src/core/timeouts.c.obj
                0x0000000010009abc                sys_check_timeouts
 .text.udp_new_port
                0x0000000010009b10       0x54 CMakeFiles/TCP_Client.dir/Users/amrit/Desktop/PICO_REPOS/pico-sdk/lib/lwip/src/core/udp.c.obj
 .text.udp_init
                0x0000000010009b64       0x20 CMakeFiles/TCP_Client.dir/Users/amrit/Desktop/PICO_REPOS/pico-sdk/lib/lwip/src/core/udp.c.obj
                0x0000000010009b64                udp_init
 .text.udp_bind
                0x0000000010009b84       0xbc CMakeFiles/TCP_Client.dir/Users/amrit/Desktop/PICO_REPOS/pico-sdk/lib/lwip/src/core/udp.c.obj
                0x0000000010009b84                udp_bind
 .text.udp_sendto_if_src
                0x0000000010009c40      0x168 CMakeFiles/TCP_Client.dir/Users/amrit/Desktop/PICO_REPOS/pico-sdk/lib/lwip/src/core/udp.c.obj
                0x0000000010009c40                udp_sendto_if_src
 .text.udp_sendto_if
                0x0000000010009da8       0x84 CMakeFiles/TCP_Client.dir/Users/amrit/Desktop/PICO_REPOS/pico-sdk/lib/lwip/src/core/udp.c.obj
                0x0000000010009da8                udp_sendto_if
 .text.udp_sendto
                0x0000000010009e2c       0x84 CMakeFiles/TCP_Client.dir/Users/amrit/Desktop/PICO_REPOS/pico-sdk/lib/lwip/src/core/udp.c.obj
                0x0000000010009e2c                udp_sendto
 .text.udp_connect
                0x0000000010009eb0       0x74 CMakeFiles/TCP_Client.dir/Users/amrit/Desktop/PICO_REPOS/pico-sdk/lib/lwip/src/core/udp.c.obj
                0x0000000010009eb0                udp_connect
 .text.udp_recv
                0x0000000010009f24       0x18 CMakeFiles/TCP_Client.dir/Users/amrit/Desktop/PICO_REPOS/pico-sdk/lib/lwip/src/core/udp.c.obj
                0x0000000010009f24                udp_recv
 .text.udp_remove
                0x0000000010009f3c       0x44 CMakeFiles/TCP_Client.dir/Users/amrit/Desktop/PICO_REPOS/pico-sdk/lib/lwip/src/core/udp.c.obj
                0x0000000010009f3c                udp_remove
 .text.udp_new  0x0000000010009f80       0x1c CMakeFiles/TCP_Client.dir/Users/amrit/Desktop/PICO_REPOS/pico-sdk/lib/lwip/src/core/udp.c.obj
                0x0000000010009f80                udp_new
 .text.udp_netif_ip_addr_changed
                0x0000000010009f9c       0x38 CMakeFiles/TCP_Client.dir/Users/amrit/Desktop/PICO_REPOS/pico-sdk/lib/lwip/src/core/udp.c.obj
                0x0000000010009f9c                udp_netif_ip_addr_changed
 .text.pico_lwip_random_byte
                0x0000000010009fd4       0x78 CMakeFiles/TCP_Client.dir/Users/amrit/Desktop/PICO_REPOS/pico-sdk/src/rp2_common/pico_lwip/random.c.obj
 .text.pico_lwip_rand
                0x000000001000a04c       0x1a CMakeFiles/TCP_Client.dir/Users/amrit/Desktop/PICO_REPOS/pico-sdk/src/rp2_common/pico_lwip/random.c.obj
                0x000000001000a04c                pico_lwip_rand
 .text.dhcp_set_state
                0x000000001000a066       0x10 CMakeFiles/TCP_Client.dir/Users/amrit/Desktop/PICO_REPOS/pico-sdk/lib/lwip/src/core/ipv4/dhcp.c.obj
 .text.dhcp_option
                0x000000001000a076       0x10 CMakeFiles/TCP_Client.dir/Users/amrit/Desktop/PICO_REPOS/pico-sdk/lib/lwip/src/core/ipv4/dhcp.c.obj
 .text.dhcp_option_byte
                0x000000001000a086        0xa CMakeFiles/TCP_Client.dir/Users/amrit/Desktop/PICO_REPOS/pico-sdk/lib/lwip/src/core/ipv4/dhcp.c.obj
 .text.dhcp_option_short
                0x000000001000a090       0x12 CMakeFiles/TCP_Client.dir/Users/amrit/Desktop/PICO_REPOS/pico-sdk/lib/lwip/src/core/ipv4/dhcp.c.obj
 .text.dhcp_option_long
                0x000000001000a0a2       0x22 CMakeFiles/TCP_Client.dir/Users/amrit/Desktop/PICO_REPOS/pico-sdk/lib/lwip/src/core/ipv4/dhcp.c.obj
 .text.dhcp_create_msg
                0x000000001000a0c4      0x124 CMakeFiles/TCP_Client.dir/Users/amrit/Desktop/PICO_REPOS/pico-sdk/lib/lwip/src/core/ipv4/dhcp.c.obj
 .text.dhcp_option_hostname
                0x000000001000a1e8       0x58 CMakeFiles/TCP_Client.dir/Users/amrit/Desktop/PICO_REPOS/pico-sdk/lib/lwip/src/core/ipv4/dhcp.c.obj
 .text.dhcp_option_trailer
                0x000000001000a240       0x30 CMakeFiles/TCP_Client.dir/Users/amrit/Desktop/PICO_REPOS/pico-sdk/lib/lwip/src/core/ipv4/dhcp.c.obj
 .text.dhcp_rebind
                0x000000001000a270       0xfc CMakeFiles/TCP_Client.dir/Users/amrit/Desktop/PICO_REPOS/pico-sdk/lib/lwip/src/core/ipv4/dhcp.c.obj
 .text.dhcp_t2_timeout
                0x000000001000a36c       0x2e CMakeFiles/TCP_Client.dir/Users/amrit/Desktop/PICO_REPOS/pico-sdk/lib/lwip/src/core/ipv4/dhcp.c.obj
 *fill*         0x000000001000a39a        0x2 
 .text.dhcp_reboot
                0x000000001000a39c      0x120 CMakeFiles/TCP_Client.dir/Users/amrit/Desktop/PICO_REPOS/pico-sdk/lib/lwip/src/core/ipv4/dhcp.c.obj
 .text.dhcp_select